02-05 15:06:06.548  5067  5067 E ActivityThread: 	at android.app.ActivityThread.handleStopActivity(ActivityThread.java:4084)
02-05 15:06:06.548  5067  5067 E ActivityThread: 	at android.app.ActivityThread.-wrap24(Unknown Source:0)
02-05 15:06:06.548  5067  5067 E ActivityThread: 	at android.app.ActivityThread$H.handleMessage(ActivityThread.java:1622)
02-05 15:06:06.548  5067  5067 E ActivityThread: 	at android.os.Handler.dispatchMessage(Handler.java:106)
02-05 15:06:06.548  5067  5067 E ActivityThread: 	at android.os.Looper.loop(Looper.java:164)
02-05 15:06:06.548  5067  5067 E ActivityThread: 	at android.app.ActivityThread.main(ActivityThread.java:6494)
02-05 15:06:06.548  5067  5067 E ActivityThread: 	at java.lang.reflect.Method.invoke(Native Method)
02-05 15:06:06.548  5067  5067 E ActivityThread: 	at com.android.internal.os.RuntimeInit$MethodAndArgsCaller.run(RuntimeInit.java:438)
02-05 15:06:06.548  5067  5067 E ActivityThread: 	at com.android.internal.os.ZygoteInit.main(ZygoteInit.java:807)
02-05 15:06:06.548  5067  5067 E ActivityThread: ActivityClientRecord{paused=true, stopped=true, hideForNow=false, startsNotResumed=false, isForward=true, pendingConfigChanges=0, onlyLocalRequest=false, preserveWindow=false, Activity{resumed=false, stopped=true, finished=false, destroyed=false, startedActivity=false, temporaryPause=false, changingConfigurations=false}}
02-05 15:06:06.599   939  1137 I chatty  : uid=1000(system) batterystats-wo expire 15 lines
02-05 15:07:25.019   939  1117 I chatty  : uid=1000(system) android.bg expire 3 lines
02-05 15:07:25.498 12508 12542 E ActivityThread: Failed to find provider info for com.amazon.dcp.settings
02-05 15:08:25.849 12702 12702 D ActivityThread: Loading provider com.whatsapp.provider.contact: com.whatsapp.contact.ContactProvider
02-05 15:09:22.856   939  1152 I chatty  : uid=1000(system) PowerManagerSer expire 58 lines
02-05 15:12:04.600   939  5278 I chatty  : uid=1000(system) Binder:939_12 expire 9 lines
02-05 15:12:53.672   939  1137 I chatty  : uid=1000(system) batterystats-wo expire 29 lines
02-05 15:13:02.048   939   939 I chatty  : uid=1000 system_server expire 41 lines
02-05 15:13:03.340   939  1733 I chatty  : uid=1000(system) ConnectivitySer expire 10 lines
02-05 15:13:03.772   939  5279 I chatty  : uid=1000(system) Binder:939_13 expire 7 lines
02-05 15:13:04.349   939  2509 I chatty  : uid=1000(system) Binder:939_A expire 21 lines
02-05 15:13:06.962   939  1992 I chatty  : uid=1000(system) Binder:939_8 expire 3 lines
02-05 15:13:15.012   939  1725 I chatty  : uid=1000(system) NetworkPolicy expire 21 lines
02-05 15:20:43.578   939 11704 I chatty  : uid=1000(system) Binder:939_14 expire 5 lines
02-05 15:21:01.801   939  2222 I chatty  : uid=1000(system) Binder:939_9 expire 3 lines
02-05 15:23:46.062   939  1991 I chatty  : uid=1000(system) Binder:939_7 expire 11 lines
02-05 15:28:22.967   939  5917 I chatty  : uid=1000(system) Binder:939_20 expire 3 lines
02-05 15:28:24.055  1976  1976 I Telephony: TelephonyConnectionService: onCreateIncomingConnection, request: ConnectionRequest xxxxxxxxxxxxxx Bundle[mParcelledData.dataSize=496]: (SBC.oSC)->CS.crCo->H.CS.crCo->H.CS.crCo.pICR@E-Uuo
02-05 15:28:24.064   939 15059 I chatty  : uid=1000 system_server expire 1 line
02-05 15:28:24.065  1976  1976 I Telephony: TelephonyConnectionService: notifyCreateConnectionComplete TC@151_1: (...->CSW.hCCC)->CS.crCoC->H.CS.crCoC@E-E-E-Uuo
02-05 15:28:24.163   939  2077 I chatty  : uid=1000(system) uteStateMachine expire 16 lines
02-05 15:28:24.164   939   939 I chatty  : uid=1000 system_server expire 7 lines
02-05 15:28:24.234  1757  6093 I AlwaysOnHotwordDetector: onRecognitionPaused
02-05 15:28:24.492   939 15133 I chatty  : uid=1000(system) Queue expire 3 lines
02-05 15:28:24.618   939  1840 I chatty  : uid=1000(system) Binder:939_5 expire 3 lines
02-05 15:28:24.618   939  1148 I chatty  : uid=1000(system) android.fg expire 3 lines
02-05 15:28:24.645   939  1152 I chatty  : uid=1000(system) PowerManagerSer expire 3 lines
02-05 15:28:24.646   939  1683 I chatty  : uid=1000(system) android.anim expire 1 line
02-05 15:28:24.729   939  1150 I chatty  : uid=1000(system) android.display expire 1 line
02-05 15:28:28.860   939  1119 I chatty  : uid=1000(system) ActivityManager expire 14 lines
02-05 15:28:28.863   939  5278 I chatty  : uid=1000(system) Binder:939_12 expire 9 lines
02-05 15:28:28.863   939  2078 I chatty  : uid=1000(system) CallAudioModeSt expire 4 lines
02-05 15:28:28.888   939  5277 I chatty  : uid=1000(system) Binder:939_11 expire 3 lines
02-05 15:28:28.909   939  5221 I chatty  : uid=1000(system) Binder:939_19 expire 5 lines
02-05 15:28:28.965   939  2222 I chatty  : uid=1000(system) Binder:939_9 expire 4 lines
02-05 15:28:29.131   939  1137 I chatty  : uid=1000(system) batterystats-wo expire 1 line
02-05 15:28:38.094   939  1703 I chatty  : uid=1000(system) InputReader expire 2 lines
02-05 15:28:38.099   939   939 I chatty  : uid=1000 system_server expire 6 lines
02-05 15:28:38.177   939  1152 I chatty  : uid=1000(system) PowerManagerSer expire 3 lines
02-05 15:28:38.214   939  1150 I chatty  : uid=1000(system) android.display expire 1 line
02-05 15:28:39.056   939  1991 I chatty  : uid=1000(system) Binder:939_7 expire 17 lines
02-05 15:28:39.252   939 16355 I chatty  : uid=1000(system) Binder:939_16 expire 11 lines
02-05 15:28:39.516   939  2077 I chatty  : uid=1000(system) uteStateMachine expire 12 lines
02-05 15:28:39.525   939  2076 I chatty  : uid=1000(system) BluetoothRouteM expire 10 lines
02-05 15:28:39.563  1757  6093 I AlwaysOnHotwordDetector: onRecognitionResumed
02-05 15:28:39.931   939 16355 I chatty  : uid=1000(system) Binder:939_16 expire 4 lines
02-05 15:28:39.976   939  5225 I chatty  : uid=1000(system) Binder:939_F expire 4 lines
02-05 15:28:40.006   939  5221 I chatty  : uid=1000(system) Binder:939_19 expire 6 lines
02-05 15:28:40.016   939  5278 I chatty  : uid=1000(system) Binder:939_12 expire 3 lines
02-05 15:28:40.016   939  1119 I chatty  : uid=1000(system) ActivityManager expire 14 lines
02-05 15:28:40.061   939  5227 I chatty  : uid=1000(system) Binder:939_1B expire 1 line
02-05 15:28:40.179   939  1137 I chatty  : uid=1000(system) batterystats-wo expire 6 lines
02-05 15:28:40.184   939 11704 I chatty  : uid=1000(system) Binder:939_14 expire 1 line
02-05 15:28:40.188   939  1120 I chatty  : uid=1000(system) android.ui expire 2 lines
02-05 15:28:40.207   939  1840 I chatty  : uid=1000(system) Binder:939_5 expire 1 line
02-05 15:28:40.223   939  2731 I chatty  : uid=1000(system) Binder:939_E expire 5 lines
02-05 15:28:40.230   939 16356 I chatty  : uid=1000(system) Binder:939_17 expire 3 lines
02-05 15:28:40.325   939  2222 I chatty  : uid=1000(system) Binder:939_9 expire 2 lines
02-05 15:28:40.413   939  2078 I chatty  : uid=1000(system) CallAudioModeSt expire 2 lines
02-05 15:28:40.418   939  5917 I chatty  : uid=1000(system) Binder:939_20 expire 1 line
02-05 15:28:40.571   939  5443 I chatty  : uid=1000(system) Binder:939_1D expire 1 line
02-05 15:28:40.581   939  2077 I chatty  : uid=1000(system) uteStateMachine expire 5 lines
02-05 15:28:40.606   939   952 I chatty  : uid=1000(system) Binder:939_2 expire 2 lines
02-05 15:28:40.612   939  2584 I chatty  : uid=1000(system) Binder:939_B expire 7 lines
02-05 15:28:40.616   939 16357 I chatty  : uid=1000(system) Binder:939_18 expire 1 line
02-05 15:28:40.779   939  2730 I chatty  : uid=1000(system) Binder:939_D expire 5 lines
02-05 15:28:41.265   939  1725 I chatty  : uid=1000(system) NetworkPolicy expire 3 lines
02-05 15:28:41.749   939   939 I chatty  : uid=1000 system_server expire 13 lines
02-05 15:28:41.805   939  5279 I chatty  : uid=1000(system) Binder:939_13 expire 5 lines
02-05 15:28:46.044   939  1791 I chatty  : uid=1000(system) Binder:939_3 expire 2 lines
02-05 15:28:46.078   939  5915 I chatty  : uid=1000(system) Binder:939_1E expire 2 lines
02-05 15:28:46.092   939  5442 I chatty  : uid=1000(system) Binder:939_1C expire 1 line
02-05 15:28:46.115   939  2509 I chatty  : uid=1000(system) Binder:939_A expire 1 line
02-05 15:28:46.119   939  1150 I chatty  : uid=1000(system) android.display expire 4 lines
02-05 15:28:46.119   939  5275 I chatty  : uid=1000(system) Binder:939_10 expire 6 lines
02-05 15:28:48.073   939  1702 I chatty  : uid=1000(system) InputDispatcher expire 2 lines
02-05 15:28:49.542   939  1683 I chatty  : uid=1000(system) android.anim expire 1 line
02-05 15:29:01.525   939  2078 I chatty  : uid=1000(system) CallAudioModeSt expire 4 lines
02-05 15:29:01.526   939   939 I chatty  : uid=1000 system_server expire 23 lines
02-05 15:29:01.535   939  2077 I chatty  : uid=1000(system) uteStateMachine expire 10 lines
02-05 15:29:01.569   939  2076 I chatty  : uid=1000(system) BluetoothRouteM expire 6 lines
02-05 15:29:01.577   939  2730 I chatty  : uid=1000(system) Binder:939_D expire 2 lines
02-05 15:29:01.622   939  5915 I chatty  : uid=1000(system) Binder:939_1E expire 3 lines
02-05 15:29:01.679  1976  1976 I Telephony: TelephonyConnectionService: onCreateOutgoingConnection, request: ConnectionRequest xxxxxxxxxxxxxx Bundle[mParcelledData.dataSize=740]: (SBC.oSC)->CS.crCo->H.CS.crCo->H.CS.crCo.pICR@E-U+8
02-05 15:29:01.746   939  5917 I chatty  : uid=1000(system) Binder:939_20 expire 22 lines
02-05 15:29:01.759   939  1119 I chatty  : uid=1000(system) ActivityManager expire 14 lines
02-05 15:29:01.771  1976  1976 I Telephony: TelephonyConnectionService: notifyCreateConnectionComplete TC@152_1: (...->CSW.hCCC)->CS.crCoC->H.CS.crCoC@E-E-E-U+8
02-05 15:29:01.783   939  2731 I chatty  : uid=1000(system) Binder:939_E expire 4 lines
02-05 15:29:01.799  1757  6093 I AlwaysOnHotwordDetector: onRecognitionPaused
02-05 15:29:02.795   939  1733 I chatty  : uid=1000(system) ConnectivitySer expire 7 lines
02-05 15:29:02.823   939  1725 I chatty  : uid=1000(system) NetworkPolicy expire 12 lines
02-05 15:29:03.666   939  5275 I chatty  : uid=1000(system) Binder:939_10 expire 21 lines
02-05 15:29:14.524   939  1840 I chatty  : uid=1000(system) Binder:939_5 expire 2 lines
02-05 15:29:18.658   939  5225 I chatty  : uid=1000(system) Binder:939_F expire 31 lines
02-05 15:29:18.973   939  1119 I chatty  : uid=1000(system) ActivityManager expire 10 lines
02-05 15:29:18.977   939   939 I chatty  : uid=1000 system_server expire 4 lines
02-05 15:29:18.978  1757  6093 I AlwaysOnHotwordDetector: onRecognitionResumed
02-05 15:29:18.984   939  2077 I chatty  : uid=1000(system) uteStateMachine expire 16 lines
02-05 15:29:18.984   939  2078 I chatty  : uid=1000(system) CallAudioModeSt expire 5 lines
02-05 15:29:18.988   939  2076 I chatty  : uid=1000(system) BluetoothRouteM expire 10 lines
02-05 15:29:19.237   939  5275 I chatty  : uid=1000(system) Binder:939_10 expire 1 line
02-05 15:29:20.095   939  1725 I chatty  : uid=1000(system) NetworkPolicy expire 12 lines
02-05 15:29:20.100   939  1733 I chatty  : uid=1000(system) ConnectivitySer expire 7 lines
02-05 15:29:23.819   939  2717 I chatty  : uid=1000(system) Binder:939_C expire 3 lines
02-05 15:29:24.050   939  1991 I chatty  : uid=1000(system) Binder:939_7 expire 3 lines
02-05 15:29:24.060   939  5442 I chatty  : uid=1000(system) Binder:939_1C expire 6 lines
02-05 15:29:24.203   939 16357 I chatty  : uid=1000(system) Binder:939_18 expire 1 line
02-05 15:29:24.345 16155 16155 I chatty  : uid=10047(com.google.android.apps.messaging) expire 1 line
02-05 15:29:40.293   939  1137 I chatty  : uid=1000(system) batterystats-wo expire 1 line
02-05 15:29:41.353   939  2730 I chatty  : uid=1000(system) Binder:939_D expire 2 lines
02-05 15:29:42.238   939  1810 I chatty  : uid=1000(system) Binder:939_4 expire 11 lines
02-05 15:29:48.180  1757  6093 I AlwaysOnHotwordDetector: onDetected
02-05 15:29:50.363   939 16357 I chatty  : uid=1000(system) Binder:939_18 expire 2 lines
02-05 15:29:50.403   939  2730 I chatty  : uid=1000(system) Binder:939_D expire 7 lines
02-05 15:30:20.382   939  5917 I chatty  : uid=1000(system) Binder:939_20 expire 11 lines
02-05 15:30:21.009   939 11704 I chatty  : uid=1000(system) Binder:939_14 expire 4 lines
02-05 15:30:41.824   939  5442 I chatty  : uid=1000(system) Binder:939_1C expire 11 lines
02-05 15:30:43.138   939  2717 I chatty  : uid=1000(system) Binder:939_C expire 12 lines
02-05 15:30:57.924   939 16356 I chatty  : uid=1000(system) Binder:939_17 expire 4 lines
02-05 15:31:01.749   939  5225 I chatty  : uid=1000(system) Binder:939_F expire 6 lines
02-05 15:31:26.942   939  1991 I chatty  : uid=1000(system) Binder:939_7 expire 6 lines
02-05 15:32:01.725   939   939 I chatty  : uid=1000 system_server expire 6 lines
02-05 15:32:05.946   939  1119 I chatty  : uid=1000(system) ActivityManager expire 4 lines
02-05 15:35:15.006   939  1702 I chatty  : uid=1000(system) InputDispatcher expire 2 lines
02-05 15:35:30.172   939  1137 I chatty  : uid=1000(system) batterystats-wo expire 3 lines
02-05 15:35:31.455   979   979 I wificond: Unexpected empty scan result!
02-05 15:35:31.455   979   979 I wificond: Unexpected empty scan result!
02-05 15:35:39.980   939  1725 I chatty  : uid=1000(system) NetworkPolicy expire 6 lines
02-05 15:35:51.124 17888 17888 W ViewRootImpl[PopupWindow:cafe8a0]: Dropping event due to root view being removed: MotionEvent { action=ACTION_MOVE, actionButton=0, id[0]=0, x[0]=-121.190155, y[0]=1894.3052, toolType[0]=TOOL_TYPE_FINGER, buttonState=0, metaState=0, flags=0x0, edgeFlags=0x0, pointerCount=1, historySize=0, eventTime=879905407, downTime=879905402, deviceId=5, source=0x1002 }
02-05 15:36:29.139   979   979 I wificond: Unexpected empty scan result!
02-05 15:36:29.140   979   979 I wificond: Unexpected empty scan result!
02-05 15:36:58.737   939  5442 I chatty  : uid=1000(system) Binder:939_1C expire 5 lines
02-05 15:37:59.315   939  2222 I chatty  : uid=1000(system) Binder:939_9 expire 5 lines
02-05 15:37:59.442 18449 18464 E ActivityThread: Failed to find provider info for com.amazon.dcp.settings
02-05 15:37:59.722   939  1810 I chatty  : uid=1000(system) Binder:939_4 expire 2 lines
02-05 15:38:00.035   939  2584 I chatty  : uid=1000(system) Binder:939_B expire 4 lines
02-05 15:38:00.502 18569 18639 E ActivityThread: Failed to find provider info for com.amazon.dcp.settings
02-05 15:38:01.265   939  1840 I chatty  : uid=1000(system) Binder:939_5 expire 4 lines
02-05 15:38:01.871 18719 18780 E ActivityThread: Failed to find provider info for com.amazon.dcp.settings
02-05 15:38:06.325   939  1703 I chatty  : uid=1000(system) InputReader expire 1 line
02-05 15:38:06.802   939  1152 I chatty  : uid=1000(system) PowerManagerSer expire 6 lines
02-05 15:38:06.878   939  1150 I chatty  : uid=1000(system) android.display expire 2 lines
02-05 15:38:07.022   939  1148 I chatty  : uid=1000(system) android.fg expire 1 line
02-05 15:38:07.115   939  5277 I chatty  : uid=1000(system) Binder:939_11 expire 1 line
02-05 15:38:07.475   939  2731 I chatty  : uid=1000(system) Binder:939_E expire 4 lines
02-05 15:38:07.588   939 16356 I chatty  : uid=1000(system) Binder:939_17 expire 1 line
02-05 15:38:08.455   939  5221 I chatty  : uid=1000(system) Binder:939_19 expire 3 lines
02-05 15:38:08.483 18719 19290 W ActivityThread: ClassLoader.getResources: The class loader returned by Thread.getContextClassLoader() may fail for processes that host multiple applications. You should explicitly specify a context class loader. For example: Thread.setContextClassLoader(getClass().getClassLoader());
02-05 15:38:08.505   939  2717 I chatty  : uid=1000(system) Binder:939_C expire 10 lines
02-05 15:38:21.742   939  1119 I chatty  : uid=1000(system) ActivityManager expire 3 lines
02-05 15:38:21.750   939  1696 I chatty  : uid=1000(system) AlarmManager expire 1 line
02-05 15:38:22.168   939  1810 I chatty  : uid=1000(system) Binder:939_4 expire 5 lines
02-05 15:38:22.253   939  1137 I chatty  : uid=1000(system) batterystats-wo expire 2 lines
02-05 15:38:26.178   939  5225 I chatty  : uid=1000(system) Binder:939_F expire 2 lines
02-05 15:38:26.269   939  1150 I chatty  : uid=1000(system) android.display expire 2 lines
02-05 15:38:39.651   939   939 I chatty  : uid=1000 system_server expire 14 lines
02-05 15:38:39.652   939  2584 I chatty  : uid=1000(system) Binder:939_B expire 1 line
02-05 15:38:39.695   939  1152 I chatty  : uid=1000(system) PowerManagerSer expire 7 lines
02-05 15:38:40.096   939  1148 I chatty  : uid=1000(system) android.fg expire 3 lines
02-05 15:38:41.152   939  1117 I chatty  : uid=1000(system) android.bg expire 1 line
02-05 15:38:41.367   939 16355 I chatty  : uid=1000(system) Binder:939_16 expire 15 lines
02-05 15:38:41.492   939  5279 I chatty  : uid=1000(system) Binder:939_13 expire 12 lines
02-05 15:38:42.265   939  5442 I chatty  : uid=1000(system) Binder:939_1C expire 1 line
02-05 15:38:42.506   939  1702 I chatty  : uid=1000(system) InputDispatcher expire 1 line
02-05 15:38:43.474   939  5915 I chatty  : uid=1000(system) Binder:939_1E expire 6 lines
02-05 15:38:46.095 16698 16698 I chatty  : uid=10047(com.google.android.apps.messaging) expire 25 lines
02-05 15:38:46.107   939  1989 I chatty  : uid=1000(system) Binder:939_6 expire 3 lines
02-05 15:38:46.120 16698 16698 E ActivityThread: Activity com.google.android.apps.messaging.ui.conversation.ConversationActivity has leaked ServiceConnection android.speech.tts.TextToSpeech$Connection@cc7d052 that was originally bound here
02-05 15:38:46.120 16698 16698 E ActivityThread: android.app.ServiceConnectionLeaked: Activity com.google.android.apps.messaging.ui.conversation.ConversationActivity has leaked ServiceConnection android.speech.tts.TextToSpeech$Connection@cc7d052 that was originally bound here
02-05 15:38:46.120 16698 16698 E ActivityThread: 	at android.app.LoadedApk$ServiceDispatcher.<init>(LoadedApk.java:1532)
02-05 15:38:46.120 16698 16698 E ActivityThread: 	at android.app.LoadedApk.getServiceDispatcher(LoadedApk.java:1424)
02-05 15:38:46.120 16698 16698 E ActivityThread: 	at android.app.ContextImpl.bindServiceCommon(ContextImpl.java:1605)
02-05 15:38:46.120 16698 16698 E ActivityThread: 	at android.app.ContextImpl.bindService(ContextImpl.java:1557)
02-05 15:38:46.120 16698 16698 E ActivityThread: 	at android.content.ContextWrapper.bindService(ContextWrapper.java:684)
02-05 15:38:46.120 16698 16698 E ActivityThread: 	at android.speech.tts.TextToSpeech.connectToEngine(TextToSpeech.java:810)
02-05 15:38:46.120 16698 16698 E ActivityThread: 	at android.speech.tts.TextToSpeech.initTts(TextToSpeech.java:780)
02-05 15:38:46.120 16698 16698 E ActivityThread: 	at android.speech.tts.TextToSpeech.<init>(TextToSpeech.java:733)
02-05 15:38:46.120 16698 16698 E ActivityThread: 	at android.speech.tts.TextToSpeech.<init>(TextToSpeech.java:712)
02-05 15:38:46.120 16698 16698 E ActivityThread: 	at android.speech.tts.TextToSpeech.<init>(TextToSpeech.java:696)
02-05 15:38:46.120 16698 16698 E ActivityThread: 	at com.google.android.apps.messaging.shared.util.a.a(SourceFile:37)
02-05 15:38:46.120 16698 16698 E ActivityThread: 	at com.google.android.apps.messaging.ui.conversation.ConversationMessageView.a(SourceFile:505)
02-05 15:38:46.120 16698 16698 E ActivityThread: 	at com.google.android.apps.messaging.ui.conversation.ConversationMessageView.a(SourceFile:136)
02-05 15:38:46.120 16698 16698 E ActivityThread: 	at com.google.android.apps.messaging.ui.conversation.ep.a(SourceFile:32)
02-05 15:38:46.120 16698 16698 E ActivityThread: 	at android.support.v7.widget.RecyclerView$a.a(SourceFile:4)
02-05 15:38:46.120 16698 16698 E ActivityThread: 	at com.google.android.apps.messaging.ui.l.a(SourceFile:74)
02-05 15:38:46.120 16698 16698 E ActivityThread: 	at android.support.v7.widget.RecyclerView$l.a(SourceFile:157)
02-05 15:38:46.120 16698 16698 E ActivityThread: 	at android.support.v7.widget.db.a(SourceFile:661)
02-05 15:38:46.120 16698 16698 E ActivityThread: 	at android.support.v7.widget.db.a(SourceFile:287)
02-05 15:38:46.120 16698 16698 E ActivityThread: 	at com.google.android.apps.messaging.ui.conversation.ct.a(SourceFile:8)
02-05 15:38:46.120 16698 16698 E ActivityThread: 	at android.support.v7.widget.RecyclerView.D(SourceFile:1388)
02-05 15:38:46.120 16698 16698 E ActivityThread: 	at android.support.v7.widget.RecyclerView.z(SourceFile:1089)
02-05 15:38:46.120 16698 16698 E ActivityThread: 	at android.support.v7.widget.RecyclerView.c(SourceFile:345)
02-05 15:38:46.120 16698 16698 E ActivityThread: 	at android.support.v7.widget.ea.run(SourceFile:10)
02-05 15:38:46.120 16698 16698 E ActivityThread: 	at android.view.Choreographer$CallbackRecord.run(Choreographer.java:911)
02-05 15:38:46.120 16698 16698 E ActivityThread: 	at android.view.Choreographer.doCallbacks(Choreographer.java:723)
02-05 15:38:46.120 16698 16698 E ActivityThread: 	at android.view.Choreographer.doFrame(Choreographer.java:655)
02-05 15:38:46.120 16698 16698 E ActivityThread: 	at android.view.Choreographer$FrameDisplayEventReceiver.run(Choreographer.java:897)
02-05 15:38:46.120 16698 16698 E ActivityThread: 	at android.os.Handler.handleCallback(Handler.java:790)
02-05 15:38:46.120 16698 16698 E ActivityThread: 	at android.os.Handler.dispatchMessage(Handler.java:99)
02-05 15:38:46.120 16698 16698 E ActivityThread: 	at android.os.Looper.loop(Looper.java:164)
02-05 15:38:46.120 16698 16698 E ActivityThread: 	at android.app.ActivityThread.main(ActivityThread.java:6494)
02-05 15:38:46.120 16698 16698 E ActivityThread: 	at java.lang.reflect.Method.invoke(Native Method)
02-05 15:38:46.120 16698 16698 E ActivityThread: 	at com.android.internal.os.RuntimeInit$MethodAndArgsCaller.run(RuntimeInit.java:438)
02-05 15:38:46.120 16698 16698 E ActivityThread: 	at com.android.internal.os.ZygoteInit.main(ZygoteInit.java:807)
02-05 15:38:46.120 16698 16698 E ActivityThread: Activity com.google.android.apps.messaging.ui.conversation.ConversationActivity has leaked ServiceConnection android.speech.tts.TextToSpeech$Connection@d05dc20 that was originally bound here
02-05 15:38:46.120 16698 16698 E ActivityThread: android.app.ServiceConnectionLeaked: Activity com.google.android.apps.messaging.ui.conversation.ConversationActivity has leaked ServiceConnection android.speech.tts.TextToSpeech$Connection@d05dc20 that was originally bound here
02-05 15:38:46.120 16698 16698 E ActivityThread: 	at android.app.LoadedApk$ServiceDispatcher.<init>(LoadedApk.java:1532)
02-05 15:38:46.120 16698 16698 E ActivityThread: 	at android.app.LoadedApk.getServiceDispatcher(LoadedApk.java:1424)
02-05 15:38:46.120 16698 16698 E ActivityThread: 	at android.app.ContextImpl.bindServiceCommon(ContextImpl.java:1605)
02-05 15:38:46.120 16698 16698 E ActivityThread: 	at android.app.ContextImpl.bindService(ContextImpl.java:1557)
02-05 15:38:46.120 16698 16698 E ActivityThread: 	at android.content.ContextWrapper.bindService(ContextWrapper.java:684)
02-05 15:38:46.120 16698 16698 E ActivityThread: 	at android.speech.tts.TextToSpeech.connectToEngine(TextToSpeech.java:810)
02-05 15:38:46.120 16698 16698 E ActivityThread: 	at android.speech.tts.TextToSpeech.initTts(TextToSpeech.java:780)
02-05 15:38:46.120 16698 16698 E ActivityThread: 	at android.speech.tts.TextToSpeech.<init>(TextToSpeech.java:733)
02-05 15:38:46.120 16698 16698 E ActivityThread: 	at android.speech.tts.TextToSpeech.<init>(TextToSpeech.java:712)
02-05 15:38:46.120 16698 16698 E ActivityThread: 	at android.speech.tts.TextToSpeech.<init>(TextToSpeech.java:696)
02-05 15:38:46.120 16698 16698 E ActivityThread: 	at com.google.android.apps.messaging.shared.util.a.a(SourceFile:37)
02-05 15:38:46.120 16698 16698 E ActivityThread: 	at com.google.android.apps.messaging.ui.conversation.ConversationMessageView.a(SourceFile:505)
02-05 15:38:46.120 16698 16698 E ActivityThread: 	at com.google.android.apps.messaging.ui.conversation.ConversationMessageView.a(SourceFile:136)
02-05 15:38:46.120 16698 16698 E ActivityThread: 	at com.google.android.apps.messaging.ui.conversation.ep.a(SourceFile:32)
02-05 15:38:46.120 16698 16698 E ActivityThread: 	at android.support.v7.widget.RecyclerView$a.a(SourceFile:4)
02-05 15:38:46.120 16698 16698 E ActivityThread: 	at com.google.android.apps.messaging.ui.l.a(SourceFile:74)
02-05 15:38:46.120 16698 16698 E ActivityThread: 	at android.support.v7.widget.RecyclerView$l.a(SourceFile:157)
02-05 15:38:46.120 16698 16698 E ActivityThread: 	at android.support.v7.widget.db.a(SourceFile:661)
02-05 15:38:46.120 16698 16698 E ActivityThread: 	at android.support.v7.widget.db.a(SourceFile:287)
02-05 15:38:46.120 16698 16698 E ActivityThread: 	at com.google.android.apps.messaging.ui.conversation.ct.a(SourceFile:8)
02-05 15:38:46.120 16698 16698 E ActivityThread: 	at android.support.v7.widget.RecyclerView.D(SourceFile:1388)
02-05 15:38:46.120 16698 16698 E ActivityThread: 	at android.support.v7.widget.RecyclerView.z(SourceFile:1089)
02-05 15:38:46.120 16698 16698 E ActivityThread: 	at android.support.v7.widget.RecyclerView.c(SourceFile:345)
02-05 15:38:46.120 16698 16698 E ActivityThread: 	at android.support.v7.widget.ea.run(SourceFile:10)
02-05 15:38:46.120 16698 16698 E ActivityThread: 	at android.view.Choreographer$CallbackRecord.run(Choreographer.java:911)
02-05 15:38:46.120 16698 16698 E ActivityThread: 	at android.view.Choreographer.doCallbacks(Choreographer.java:723)
02-05 15:38:46.120 16698 16698 E ActivityThread: 	at android.view.Choreographer.doFrame(Choreographer.java:655)
02-05 15:38:46.120 16698 16698 E ActivityThread: 	at android.view.Choreographer$FrameDisplayEventReceiver.run(Choreographer.java:897)
02-05 15:38:46.120 16698 16698 E ActivityThread: 	at android.os.Handler.handleCallback(Handler.java:790)
02-05 15:38:46.120 16698 16698 E ActivityThread: 	at android.os.Handler.dispatchMessage(Handler.java:99)
02-05 15:38:46.120 16698 16698 E ActivityThread: 	at android.os.Looper.loop(Looper.java:164)
02-05 15:38:46.120 16698 16698 E ActivityThread: 	at android.app.ActivityThread.main(ActivityThread.java:6494)
02-05 15:38:46.120 16698 16698 E ActivityThread: 	at java.lang.reflect.Method.invoke(Native Method)
02-05 15:38:46.120 16698 16698 E ActivityThread: 	at com.android.internal.os.RuntimeInit$MethodAndArgsCaller.run(RuntimeInit.java:438)
02-05 15:38:46.120 16698 16698 E ActivityThread: 	at com.android.internal.os.ZygoteInit.main(ZygoteInit.java:807)
02-05 15:38:46.121 16698 16698 E ActivityThread: Activity com.google.android.apps.messaging.ui.conversation.ConversationActivity has leaked ServiceConnection android.speech.tts.TextToSpeech$Connection@d7c30f7 that was originally bound here
02-05 15:38:46.121 16698 16698 E ActivityThread: android.app.ServiceConnectionLeaked: Activity com.google.android.apps.messaging.ui.conversation.ConversationActivity has leaked ServiceConnection android.speech.tts.TextToSpeech$Connection@d7c30f7 that was originally bound here
02-05 15:38:46.121 16698 16698 E ActivityThread: 	at android.app.LoadedApk$ServiceDispatcher.<init>(LoadedApk.java:1532)
02-05 15:38:46.121 16698 16698 E ActivityThread: 	at android.app.LoadedApk.getServiceDispatcher(LoadedApk.java:1424)
02-05 15:38:46.121 16698 16698 E ActivityThread: 	at android.app.ContextImpl.bindServiceCommon(ContextImpl.java:1605)
02-05 15:38:46.121 16698 16698 E ActivityThread: 	at android.app.ContextImpl.bindService(ContextImpl.java:1557)
02-05 15:38:46.121 16698 16698 E ActivityThread: 	at android.content.ContextWrapper.bindService(ContextWrapper.java:684)
02-05 15:38:46.121 16698 16698 E ActivityThread: 	at android.speech.tts.TextToSpeech.connectToEngine(TextToSpeech.java:810)
02-05 15:38:46.121 16698 16698 E ActivityThread: 	at android.speech.tts.TextToSpeech.initTts(TextToSpeech.java:780)
02-05 15:38:46.121 16698 16698 E ActivityThread: 	at android.speech.tts.TextToSpeech.<init>(TextToSpeech.java:733)
02-05 15:38:46.121 16698 16698 E ActivityThread: 	at android.speech.tts.TextToSpeech.<init>(TextToSpeech.java:712)
02-05 15:38:46.121 16698 16698 E ActivityThread: 	at android.speech.tts.TextToSpeech.<init>(TextToSpeech.java:696)
02-05 15:38:46.121 16698 16698 E ActivityThread: 	at com.google.android.apps.messaging.shared.util.a.a(SourceFile:37)
02-05 15:38:46.121 16698 16698 E ActivityThread: 	at com.google.android.apps.messaging.ui.conversation.ConversationMessageView.a(SourceFile:505)
02-05 15:38:46.121 16698 16698 E ActivityThread: 	at com.google.android.apps.messaging.ui.conversation.ConversationMessageView.a(SourceFile:136)
02-05 15:38:46.121 16698 16698 E ActivityThread: 	at com.google.android.apps.messaging.ui.conversation.ep.a(SourceFile:32)
02-05 15:38:46.121 16698 16698 E ActivityThread: 	at android.support.v7.widget.RecyclerView$a.a(SourceFile:4)
02-05 15:38:46.121 16698 16698 E ActivityThread: 	at com.google.android.apps.messaging.ui.l.a(SourceFile:74)
02-05 15:38:46.121 16698 16698 E ActivityThread: 	at android.support.v7.widget.RecyclerView$l.a(SourceFile:157)
02-05 15:38:46.121 16698 16698 E ActivityThread: 	at android.support.v7.widget.db.a(SourceFile:661)
02-05 15:38:46.121 16698 16698 E ActivityThread: 	at android.support.v7.widget.db.a(SourceFile:287)
02-05 15:38:46.121 16698 16698 E ActivityThread: 	at com.google.android.apps.messaging.ui.conversation.ct.a(SourceFile:8)
02-05 15:38:46.121 16698 16698 E ActivityThread: 	at android.support.v7.widget.RecyclerView.D(SourceFile:1388)
02-05 15:38:46.121 16698 16698 E ActivityThread: 	at android.support.v7.widget.RecyclerView.z(SourceFile:1089)
02-05 15:38:46.121 16698 16698 E ActivityThread: 	at android.support.v7.widget.RecyclerView.c(SourceFile:345)
02-05 15:38:46.121 16698 16698 E ActivityThread: 	at android.support.v7.widget.ea.run(SourceFile:10)
02-05 15:38:46.121 16698 16698 E ActivityThread: 	at android.view.Choreographer$CallbackRecord.run(Choreographer.java:911)
02-05 15:38:46.121 16698 16698 E ActivityThread: 	at android.view.Choreographer.doCallbacks(Choreographer.java:723)
02-05 15:38:46.121 16698 16698 E ActivityThread: 	at android.view.Choreographer.doFrame(Choreographer.java:655)
02-05 15:38:46.121 16698 16698 E ActivityThread: 	at android.view.Choreographer$FrameDisplayEventReceiver.run(Choreographer.java:897)
02-05 15:38:46.121 16698 16698 E ActivityThread: 	at android.os.Handler.handleCallback(Handler.java:790)
02-05 15:38:46.121 16698 16698 E ActivityThread: 	at android.os.Handler.dispatchMessage(Handler.java:99)
02-05 15:38:46.121 16698 16698 E ActivityThread: 	at android.os.Looper.loop(Looper.java:164)
02-05 15:38:46.121 16698 16698 E ActivityThread: 	at android.app.ActivityThread.main(ActivityThread.java:6494)
02-05 15:38:46.121 16698 16698 E ActivityThread: 	at java.lang.reflect.Method.invoke(Native Method)
02-05 15:38:46.121 16698 16698 E ActivityThread: 	at com.android.internal.os.RuntimeInit$MethodAndArgsCaller.run(RuntimeInit.java:438)
02-05 15:38:46.121 16698 16698 E ActivityThread: 	at com.android.internal.os.ZygoteInit.main(ZygoteInit.java:807)
02-05 15:38:46.121 16698 16698 E ActivityThread: Activity com.google.android.apps.messaging.ui.conversation.ConversationActivity has leaked ServiceConnection android.speech.tts.TextToSpeech$Connection@d8e2bb8 that was originally bound here
02-05 15:38:46.121 16698 16698 E ActivityThread: android.app.ServiceConnectionLeaked: Activity com.google.android.apps.messaging.ui.conversation.ConversationActivity has leaked ServiceConnection android.speech.tts.TextToSpeech$Connection@d8e2bb8 that was originally bound here
02-05 15:38:46.121 16698 16698 E ActivityThread: 	at android.app.LoadedApk$ServiceDispatcher.<init>(LoadedApk.java:1532)
02-05 15:38:46.121 16698 16698 E ActivityThread: 	at android.app.LoadedApk.getServiceDispatcher(LoadedApk.java:1424)
02-05 15:38:46.121 16698 16698 E ActivityThread: 	at android.app.ContextImpl.bindServiceCommon(ContextImpl.java:1605)
02-05 15:38:46.121 16698 16698 E ActivityThread: 	at android.app.ContextImpl.bindService(ContextImpl.java:1557)
02-05 15:38:46.121 16698 16698 E ActivityThread: 	at android.content.ContextWrapper.bindService(ContextWrapper.java:684)
02-05 15:38:46.121 16698 16698 E ActivityThread: 	at android.speech.tts.TextToSpeech.connectToEngine(TextToSpeech.java:810)
02-05 15:38:46.121 16698 16698 E ActivityThread: 	at android.speech.tts.TextToSpeech.initTts(TextToSpeech.java:780)
02-05 15:38:46.121 16698 16698 E ActivityThread: 	at android.speech.tts.TextToSpeech.<init>(TextToSpeech.java:733)
02-05 15:38:46.121 16698 16698 E ActivityThread: 	at android.speech.tts.TextToSpeech.<init>(TextToSpeech.java:712)
02-05 15:38:46.121 16698 16698 E ActivityThread: 	at android.speech.tts.TextToSpeech.<init>(TextToSpeech.java:696)
02-05 15:38:46.121 16698 16698 E ActivityThread: 	at com.google.android.apps.messaging.shared.util.a.a(SourceFile:37)
02-05 15:38:46.121 16698 16698 E ActivityThread: 	at com.google.android.apps.messaging.ui.conversation.ConversationMessageView.a(SourceFile:505)
02-05 15:38:46.121 16698 16698 E ActivityThread: 	at com.google.android.apps.messaging.ui.conversation.ConversationMessageView.a(SourceFile:136)
02-05 15:38:46.121 16698 16698 E ActivityThread: 	at com.google.android.apps.messaging.ui.conversation.ep.a(SourceFile:32)
02-05 15:38:46.121 16698 16698 E ActivityThread: 	at android.support.v7.widget.RecyclerView$a.a(SourceFile:4)
02-05 15:38:46.121 16698 16698 E ActivityThread: 	at com.google.android.apps.messaging.ui.l.a(SourceFile:74)
02-05 15:38:46.121 16698 16698 E ActivityThread: 	at android.support.v7.widget.RecyclerView$l.a(SourceFile:157)
02-05 15:38:46.121 16698 16698 E ActivityThread: 	at android.support.v7.widget.db.a(SourceFile:661)
02-05 15:38:46.121 16698 16698 E ActivityThread: 	at android.support.v7.widget.db.a(SourceFile:287)
02-05 15:38:46.121 16698 16698 E ActivityThread: 	at com.google.android.apps.messaging.ui.conversation.ct.a(SourceFile:8)
02-05 15:38:46.121 16698 16698 E ActivityThread: 	at android.support.v7.widget.RecyclerView.D(SourceFile:1388)
02-05 15:38:46.121 16698 16698 E ActivityThread: 	at android.support.v7.widget.RecyclerView.z(SourceFile:1089)
02-05 15:38:46.121 16698 16698 E ActivityThread: 	at android.support.v7.widget.RecyclerView.c(SourceFile:345)
02-05 15:38:46.121 16698 16698 E ActivityThread: 	at android.support.v7.widget.ea.run(SourceFile:10)
02-05 15:38:46.121 16698 16698 E ActivityThread: 	at android.view.Choreographer$CallbackRecord.run(Choreographer.java:911)
02-05 15:38:46.121 16698 16698 E ActivityThread: 	at android.view.Choreographer.doCallbacks(Choreographer.java:723)
02-05 15:38:46.121 16698 16698 E ActivityThread: 	at android.view.Choreographer.doFrame(Choreographer.java:655)
02-05 15:38:46.121 16698 16698 E ActivityThread: 	at android.view.Choreographer$FrameDisplayEventReceiver.run(Choreographer.java:897)
02-05 15:38:46.121 16698 16698 E ActivityThread: 	at android.os.Handler.handleCallback(Handler.java:790)
02-05 15:38:46.121 16698 16698 E ActivityThread: 	at android.os.Handler.dispatchMessage(Handler.java:99)
02-05 15:38:46.121 16698 16698 E ActivityThread: 	at android.os.Looper.loop(Looper.java:164)
02-05 15:38:46.121 16698 16698 E ActivityThread: 	at android.app.ActivityThread.main(ActivityThread.java:6494)
02-05 15:38:46.121 16698 16698 E ActivityThread: 	at java.lang.reflect.Method.invoke(Native Method)
02-05 15:38:46.121 16698 16698 E ActivityThread: 	at com.android.internal.os.RuntimeInit$MethodAndArgsCaller.run(RuntimeInit.java:438)
02-05 15:38:46.121 16698 16698 E ActivityThread: 	at com.android.internal.os.ZygoteInit.main(ZygoteInit.java:807)
02-05 15:38:46.122 16698 16698 E ActivityThread: Activity com.google.android.apps.messaging.ui.conversation.ConversationActivity has leaked ServiceConnection android.speech.tts.TextToSpeech$Connection@f32c01e that was originally bound here
02-05 15:38:46.122 16698 16698 E ActivityThread: android.app.ServiceConnectionLeaked: Activity com.google.android.apps.messaging.ui.conversation.ConversationActivity has leaked ServiceConnection android.speech.tts.TextToSpeech$Connection@f32c01e that was originally bound here
02-05 15:38:46.122 16698 16698 E ActivityThread: 	at android.app.LoadedApk$ServiceDispatcher.<init>(LoadedApk.java:1532)
02-05 15:38:46.122 16698 16698 E ActivityThread: 	at android.app.LoadedApk.getServiceDispatcher(LoadedApk.java:1424)
02-05 15:38:46.122 16698 16698 E ActivityThread: 	at android.app.ContextImpl.bindServiceCommon(ContextImpl.java:1605)
02-05 15:38:46.122 16698 16698 E ActivityThread: 	at android.app.ContextImpl.bindService(ContextImpl.java:1557)
02-05 15:38:46.122 16698 16698 E ActivityThread: 	at android.content.ContextWrapper.bindService(ContextWrapper.java:684)
02-05 15:38:46.122 16698 16698 E ActivityThread: 	at android.speech.tts.TextToSpeech.connectToEngine(TextToSpeech.java:810)
02-05 15:38:46.122 16698 16698 E ActivityThread: 	at android.speech.tts.TextToSpeech.initTts(TextToSpeech.java:780)
02-05 15:38:46.122 16698 16698 E ActivityThread: 	at android.speech.tts.TextToSpeech.<init>(TextToSpeech.java:733)
02-05 15:38:46.122 16698 16698 E ActivityThread: 	at android.speech.tts.TextToSpeech.<init>(TextToSpeech.java:712)
02-05 15:38:46.122 16698 16698 E ActivityThread: 	at android.speech.tts.TextToSpeech.<init>(TextToSpeech.java:696)
02-05 15:38:46.122 16698 16698 E ActivityThread: 	at com.google.android.apps.messaging.shared.util.a.a(SourceFile:37)
02-05 15:38:46.122 16698 16698 E ActivityThread: 	at com.google.android.apps.messaging.ui.conversation.ConversationMessageView.a(SourceFile:505)
02-05 15:38:46.122 16698 16698 E ActivityThread: 	at com.google.android.apps.messaging.ui.conversation.ConversationMessageView.a(SourceFile:136)
02-05 15:38:46.122 16698 16698 E ActivityThread: 	at com.google.android.apps.messaging.ui.conversation.ep.a(SourceFile:32)
02-05 15:38:46.122 16698 16698 E ActivityThread: 	at android.support.v7.widget.RecyclerView$a.a(SourceFile:4)
02-05 15:38:46.122 16698 16698 E ActivityThread: 	at com.google.android.apps.messaging.ui.l.a(SourceFile:74)
02-05 15:38:46.122 16698 16698 E ActivityThread: 	at android.support.v7.widget.RecyclerView$l.a(SourceFile:157)
02-05 15:38:46.122 16698 16698 E ActivityThread: 	at android.support.v7.widget.db.a(SourceFile:661)
02-05 15:38:46.122 16698 16698 E ActivityThread: 	at android.support.v7.widget.db.a(SourceFile:287)
02-05 15:38:46.122 16698 16698 E ActivityThread: 	at com.google.android.apps.messaging.ui.conversation.ct.a(SourceFile:8)
02-05 15:38:46.122 16698 16698 E ActivityThread: 	at android.support.v7.widget.RecyclerView.D(SourceFile:1388)
02-05 15:38:46.122 16698 16698 E ActivityThread: 	at android.support.v7.widget.RecyclerView.z(SourceFile:1089)
02-05 15:38:46.122 16698 16698 E ActivityThread: 	at android.support.v7.widget.RecyclerView.onLayout(SourceFile:1440)
02-05 15:38:46.122 16698 16698 E ActivityThread: 	at android.view.View.layout(View.java:19659)
02-05 15:38:46.122 16698 16698 E ActivityThread: 	at android.view.ViewGroup.layout(ViewGroup.java:6075)
02-05 15:38:46.122 16698 16698 E ActivityThread: 	at android.widget.FrameLayout.layoutChildren(FrameLayout.java:323)
02-05 15:38:46.122 16698 16698 E ActivityThread: 	at android.widget.FrameLayout.onLayout(FrameLayout.java:261)
02-05 15:38:46.122 16698 16698 E ActivityThread: 	at android.view.View.layout(View.java:19659)
02-05 15:38:46.122 16698 16698 E ActivityThread: 	at android.view.ViewGroup.layout(ViewGroup.java:6075)
02-05 15:38:46.122 16698 16698 E ActivityThread: 	at android.widget.RelativeLayout.onLayout(RelativeLayout.java:1083)
02-05 15:38:46.122 16698 16698 E ActivityThread: 	at android.view.View.layout(View.java:19659)
02-05 15:38:46.122 16698 16698 E ActivityThread: 	at android.view.ViewGroup.layout(ViewGroup.java:6075)
02-05 15:38:46.122 16698 16698 E ActivityThread: 	at android.widget.LinearLayout.setChildFrame(LinearLayout.java:1791)
02-05 15:38:46.122 16698 16698 E ActivityThread: 	at android.widget.LinearLayout.layoutVertical(LinearLayout.java:1635)
02-05 15:38:46.122 16698 16698 E ActivityThread: 	at android.widget.LinearLayout.onLayout(LinearLayout.java:1544)
02-05 15:38:46.122 16698 16698 E ActivityThread: 	at android.view.View.layout(View.java:19659)
02-05 15:38:46.122 16698 16698 E ActivityThread: 	at android.view.ViewGroup.layout(ViewGroup.java:6075)
02-05 15:38:46.122 16698 16698 E ActivityThread: 	at android.widget.FrameLayout.layoutChildren(FrameLayout.java:323)
02-05 15:38:46.122 16698 16698 E ActivityThread: 	at android.widget.FrameLayout.onLayout(FrameLayout.java:261)
02-05 15:38:46.122 16698 16698 E ActivityThread: 	at android.view.View.layout(View.java:19659)
02-05 15:38:46.122 16698 16698 E ActivityThread: 	at android.view.ViewGroup.layout(ViewGroup.java:6075)
02-05 15:38:46.122 16698 16698 E ActivityThread: 	at android.widget.FrameLayout.layoutChildren(FrameLayout.java:323)
02-05 15:38:46.122 16698 16698 E ActivityThread: 	at android.widget.FrameLayout.onLayout(FrameLayout.java:261)
02-05 15:38:46.122 16698 16698 E ActivityThread: 	at android.view.View.layout(View.java:19659)
02-05 15:38:46.122 16698 16698 E ActivityThread: 	at android.view.ViewGroup.layout(ViewGroup.java:6075)
02-05 15:38:46.122 16698 16698 E ActivityThread: 	at android.widget.FrameLayout.layoutChildren(FrameLayout.java:323)
02-05 15:38:46.122 16698 16698 E ActivityThread: 	at android.widget.FrameLayout.onLayout(FrameLayout.java:261)
02-05 15:38:46.122 16698 16698 E ActivityThread: 	at android.view.View.layout(View.java:19659)
02-05 15:38:46.122 16698 16698 E ActivityThread: 	at android.view.ViewGroup.layout(ViewGroup.java:6075)
02-05 15:38:46.122 16698 16698 E ActivityThread: 	at android.widget.LinearLayout.setChildFrame(LinearLayout.java:1791)
02-05 15:38:46.122 16698 16698 E ActivityThread: 	at android.widget.LinearLayout.layoutVertical(LinearLayout.java:1635)
02-05 15:38:46.122 16698 16698 E ActivityThread: 	at android.widget.LinearLayout.onLayout(LinearLayout.java:1544)
02-05 15:38:46.122 16698 16698 E ActivityThread: 	at android.view.View.layout(View.java:19659)
02-05 15:38:46.122 16698 16698 E ActivityThread: 	at android.view.ViewGroup.layout(ViewGroup.java:6075)
02-05 15:38:46.122 16698 16698 E ActivityThread: 	at android.widget.FrameLayout.layoutChildren(FrameLayout.java:323)
02-05 15:38:46.122 16698 16698 E ActivityThread: 	at android.widget.FrameLayout.onLayout(FrameLayout.java:261)
02-05 15:38:46.122 16698 16698 E ActivityThread: 	at android.view.View.layout(View.java:19659)
02-05 15:38:46.122 16698 16698 E ActivityThread: 	at android.view.ViewGroup.layout(ViewGroup.java:6075)
02-05 15:38:46.122 16698 16698 E ActivityThread: 	at android.widget.Li
02-05 15:38:46.122 16698 16698 E ActivityThread: Activity com.google.android.apps.messaging.ui.conversation.ConversationActivity has leaked ServiceConnection android.speech.tts.TextToSpeech$Connection@f454a6e that was originally bound here
02-05 15:38:46.122 16698 16698 E ActivityThread: android.app.ServiceConnectionLeaked: Activity com.google.android.apps.messaging.ui.conversation.ConversationActivity has leaked ServiceConnection android.speech.tts.TextToSpeech$Connection@f454a6e that was originally bound here
02-05 15:38:46.122 16698 16698 E ActivityThread: 	at android.app.LoadedApk$ServiceDispatcher.<init>(LoadedApk.java:1532)
02-05 15:38:46.122 16698 16698 E ActivityThread: 	at android.app.LoadedApk.getServiceDispatcher(LoadedApk.java:1424)
02-05 15:38:46.122 16698 16698 E ActivityThread: 	at android.app.ContextImpl.bindServiceCommon(ContextImpl.java:1605)
02-05 15:38:46.122 16698 16698 E ActivityThread: 	at android.app.ContextImpl.bindService(ContextImpl.java:1557)
02-05 15:38:46.122 16698 16698 E ActivityThread: 	at android.content.ContextWrapper.bindService(ContextWrapper.java:684)
02-05 15:38:46.122 16698 16698 E ActivityThread: 	at android.speech.tts.TextToSpeech.connectToEngine(TextToSpeech.java:810)
02-05 15:38:46.122 16698 16698 E ActivityThread: 	at android.speech.tts.TextToSpeech.initTts(TextToSpeech.java:780)
02-05 15:38:46.122 16698 16698 E ActivityThread: 	at android.speech.tts.TextToSpeech.<init>(TextToSpeech.java:733)
02-05 15:38:46.122 16698 16698 E ActivityThread: 	at android.speech.tts.TextToSpeech.<init>(TextToSpeech.java:712)
02-05 15:38:46.122 16698 16698 E ActivityThread: 	at android.speech.tts.TextToSpeech.<init>(TextToSpeech.java:696)
02-05 15:38:46.122 16698 16698 E ActivityThread: 	at com.google.android.apps.messaging.shared.util.a.a(SourceFile:37)
02-05 15:38:46.122 16698 16698 E ActivityThread: 	at com.google.android.apps.messaging.ui.conversation.ConversationMessageView.a(SourceFile:505)
02-05 15:38:46.122 16698 16698 E ActivityThread: 	at com.google.android.apps.messaging.ui.conversation.ConversationMessageView.a(SourceFile:136)
02-05 15:38:46.122 16698 16698 E ActivityThread: 	at com.google.android.apps.messaging.ui.conversation.ep.a(SourceFile:32)
02-05 15:38:46.122 16698 16698 E ActivityThread: 	at android.support.v7.widget.RecyclerView$a.a(SourceFile:4)
02-05 15:38:46.122 16698 16698 E ActivityThread: 	at com.google.android.apps.messaging.ui.l.a(SourceFile:74)
02-05 15:38:46.122 16698 16698 E ActivityThread: 	at android.support.v7.widget.RecyclerView$l.a(SourceFile:157)
02-05 15:38:46.122 16698 16698 E ActivityThread: 	at android.support.v7.widget.db.a(SourceFile:661)
02-05 15:38:46.122 16698 16698 E ActivityThread: 	at android.support.v7.widget.db.a(SourceFile:287)
02-05 15:38:46.122 16698 16698 E ActivityThread: 	at com.google.android.apps.messaging.ui.conversation.ct.a(SourceFile:8)
02-05 15:38:46.122 16698 16698 E ActivityThread: 	at android.support.v7.widget.RecyclerView.D(SourceFile:1388)
02-05 15:38:46.122 16698 16698 E ActivityThread: 	at android.support.v7.widget.RecyclerView.z(SourceFile:1089)
02-05 15:38:46.122 16698 16698 E ActivityThread: 	at android.support.v7.widget.RecyclerView.onLayout(SourceFile:1440)
02-05 15:38:46.122 16698 16698 E ActivityThread: 	at android.view.View.layout(View.java:19659)
02-05 15:38:46.122 16698 16698 E ActivityThread: 	at android.view.ViewGroup.layout(ViewGroup.java:6075)
02-05 15:38:46.122 16698 16698 E ActivityThread: 	at android.widget.FrameLayout.layoutChildren(FrameLayout.java:323)
02-05 15:38:46.122 16698 16698 E ActivityThread: 	at android.widget.FrameLayout.onLayout(FrameLayout.java:261)
02-05 15:38:46.122 16698 16698 E ActivityThread: 	at android.view.View.layout(View.java:19659)
02-05 15:38:46.122 16698 16698 E ActivityThread: 	at android.view.ViewGroup.layout(ViewGroup.java:6075)
02-05 15:38:46.122 16698 16698 E ActivityThread: 	at android.widget.RelativeLayout.onLayout(RelativeLayout.java:1083)
02-05 15:38:46.122 16698 16698 E ActivityThread: 	at android.view.View.layout(View.java:19659)
02-05 15:38:46.122 16698 16698 E ActivityThread: 	at android.view.ViewGroup.layout(ViewGroup.java:6075)
02-05 15:38:46.122 16698 16698 E ActivityThread: 	at android.widget.LinearLayout.setChildFrame(LinearLayout.java:1791)
02-05 15:38:46.122 16698 16698 E ActivityThread: 	at android.widget.LinearLayout.layoutVertical(LinearLayout.java:1635)
02-05 15:38:46.122 16698 16698 E ActivityThread: 	at android.widget.LinearLayout.onLayout(LinearLayout.java:1544)
02-05 15:38:46.122 16698 16698 E ActivityThread: 	at android.view.View.layout(View.java:19659)
02-05 15:38:46.122 16698 16698 E ActivityThread: 	at android.view.ViewGroup.layout(ViewGroup.java:6075)
02-05 15:38:46.122 16698 16698 E ActivityThread: 	at android.widget.FrameLayout.layoutChildren(FrameLayout.java:323)
02-05 15:38:46.122 16698 16698 E ActivityThread: 	at android.widget.FrameLayout.onLayout(FrameLayout.java:261)
02-05 15:38:46.122 16698 16698 E ActivityThread: 	at android.view.View.layout(View.java:19659)
02-05 15:38:46.122 16698 16698 E ActivityThread: 	at android.view.ViewGroup.layout(ViewGroup.java:6075)
02-05 15:38:46.122 16698 16698 E ActivityThread: 	at android.widget.FrameLayout.layoutChildren(FrameLayout.java:323)
02-05 15:38:46.122 16698 16698 E ActivityThread: 	at android.widget.FrameLayout.onLayout(FrameLayout.java:261)
02-05 15:38:46.122 16698 16698 E ActivityThread: 	at android.view.View.layout(View.java:19659)
02-05 15:38:46.122 16698 16698 E ActivityThread: 	at android.view.ViewGroup.layout(ViewGroup.java:6075)
02-05 15:38:46.122 16698 16698 E ActivityThread: 	at android.widget.FrameLayout.layoutChildren(FrameLayout.java:323)
02-05 15:38:46.122 16698 16698 E ActivityThread: 	at android.widget.FrameLayout.onLayout(FrameLayout.java:261)
02-05 15:38:46.122 16698 16698 E ActivityThread: 	at android.view.View.layout(View.java:19659)
02-05 15:38:46.122 16698 16698 E ActivityThread: 	at android.view.ViewGroup.layout(ViewGroup.java:6075)
02-05 15:38:46.122 16698 16698 E ActivityThread: 	at android.widget.LinearLayout.setChildFrame(LinearLayout.java:1791)
02-05 15:38:46.122 16698 16698 E ActivityThread: 	at android.widget.LinearLayout.layoutVertical(LinearLayout.java:1635)
02-05 15:38:46.122 16698 16698 E ActivityThread: 	at android.widget.LinearLayout.onLayout(LinearLayout.java:1544)
02-05 15:38:46.122 16698 16698 E ActivityThread: 	at android.view.View.layout(View.java:19659)
02-05 15:38:46.122 16698 16698 E ActivityThread: 	at android.view.ViewGroup.layout(ViewGroup.java:6075)
02-05 15:38:46.122 16698 16698 E ActivityThread: 	at android.widget.FrameLayout.layoutChildren(FrameLayout.java:323)
02-05 15:38:46.122 16698 16698 E ActivityThread: 	at android.widget.FrameLayout.onLayout(FrameLayout.java:261)
02-05 15:38:46.122 16698 16698 E ActivityThread: 	at android.view.View.layout(View.java:19659)
02-05 15:38:46.122 16698 16698 E ActivityThread: 	at android.view.ViewGroup.layout(ViewGroup.java:6075)
02-05 15:38:46.122 16698 16698 E ActivityThread: 	at android.widget.Li
02-05 15:38:46.123 16698 16698 E ActivityThread: Activity com.google.android.apps.messaging.ui.conversation.ConversationActivity has leaked ServiceConnection android.speech.tts.TextToSpeech$Connection@f51eca3 that was originally bound here
02-05 15:38:46.123 16698 16698 E ActivityThread: android.app.ServiceConnectionLeaked: Activity com.google.android.apps.messaging.ui.conversation.ConversationActivity has leaked ServiceConnection android.speech.tts.TextToSpeech$Connection@f51eca3 that was originally bound here
