02-05 19:39:38.945   939  2509 I chatty  : uid=1000(system) Binder:939_A expire 4 lines
02-05 19:39:41.613   939  5278 I chatty  : uid=1000(system) Binder:939_12 expire 10 lines
02-05 19:40:54.419  4173  4206 D ActivityThread: Loading provider com.google.android.gmail.provider;com.android.mail.notifier;com.google.android.gm.email.provider;com.google.android.gm.tasks.provider;com.google.android.gm.email.notifier: com.android.email.provider.EmailProvider
02-05 19:40:54.517   939  5917 I chatty  : uid=1000(system) Binder:939_20 expire 5 lines
02-05 19:42:04.601   939   939 I chatty  : uid=1000 system_server expire 16 lines
02-05 19:44:01.323   939  1725 I chatty  : uid=1000(system) NetworkPolicy expire 3 lines
02-05 19:45:48.175   939  2584 I chatty  : uid=1000(system) Binder:939_B expire 3 lines
02-05 19:45:48.187   939  1119 I chatty  : uid=1000(system) ActivityManager expire 2 lines
02-05 19:45:49.158   939  2730 I chatty  : uid=1000(system) Binder:939_D expire 1 line
02-05 19:47:49.688   939  2222 I chatty  : uid=1000(system) Binder:939_9 expire 1 line
02-05 19:52:00.144   939  5226 I chatty  : uid=1000(system) Binder:939_1A expire 11 lines
02-05 19:52:00.900   939 16354 I chatty  : uid=1000(system) Binder:939_15 expire 2 lines
02-05 19:52:01.050  4859  4879 E ActivityThread: Failed to find provider info for com.amazon.dcp.settings
02-05 19:52:01.207   939   951 I chatty  : uid=1000(system) Binder:939_1 expire 3 lines
02-05 19:52:01.339   939  2717 I chatty  : uid=1000(system) Binder:939_C expire 3 lines
02-05 19:52:01.958   939  1840 I chatty  : uid=1000(system) Binder:939_5 expire 2 lines
02-05 19:52:02.008  4976  5037 E ActivityThread: Failed to find provider info for com.amazon.dcp.settings
02-05 19:52:02.133   939  5225 I chatty  : uid=1000(system) Binder:939_F expire 5 lines
02-05 19:52:03.061  5082  5133 E ActivityThread: Failed to find provider info for com.amazon.dcp.settings
02-05 19:52:03.295   939  5916 I chatty  : uid=1000(system) Binder:939_1F expire 4 lines
02-05 19:52:10.323   939  5277 I chatty  : uid=1000(system) Binder:939_11 expire 1 line
02-05 19:52:10.346   939  5442 I chatty  : uid=1000(system) Binder:939_1C expire 4 lines
02-05 19:52:10.395  5082  5623 W ActivityThread: ClassLoader.getResources: The class loader returned by Thread.getContextClassLoader() may fail for processes that host multiple applications. You should explicitly specify a context class loader. For example: Thread.setContextClassLoader(getClass().getClassLoader());
02-05 19:53:32.811   939  1696 I chatty  : uid=1000(system) AlarmManager expire 1 line
02-05 19:53:33.156   939  5278 I chatty  : uid=1000(system) Binder:939_12 expire 2 lines
02-05 19:57:07.996   939  5275 I chatty  : uid=1000(system) Binder:939_10 expire 3 lines
02-05 19:57:08.008   939  5226 I chatty  : uid=1000(system) Binder:939_1A expire 3 lines
02-05 19:57:08.446   939  1992 I chatty  : uid=1000(system) Binder:939_8 expire 1 line
02-05 19:57:08.484   939  5443 I chatty  : uid=1000(system) Binder:939_1D expire 4 lines
02-05 19:57:08.547   939  1137 I chatty  : uid=1000(system) batterystats-wo expire 2 lines
02-05 19:57:09.294   939  1706 I chatty  : uid=1000(system) StorageManagerS expire 3 lines
02-05 19:57:09.324   639  6076 D vold    : Starting trim of /persist
02-05 19:57:09.324   939  1708 I chatty  : uid=1000(system) VoldConnector expire 2 lines
02-05 19:57:09.327   639  6076 I vold    : Trimmed 0 bytes on /persist in 2ms
02-05 19:57:09.327   639  6076 D vold    : Starting trim of /data
02-05 19:57:09.535  6077  6104 D DownloadManager: Removed 0 stale downloads
02-05 19:57:09.556  6077  6104 D DownloadManager: Found 3 files in database
02-05 19:57:09.556  6077  6104 D DownloadManager: Found 0 files on disk
02-05 19:57:09.578   939 16355 I chatty  : uid=1000(system) Binder:939_16 expire 1 line
02-05 19:57:10.028   939  1989 I chatty  : uid=1000(system) Binder:939_6 expire 1 line
02-05 19:57:10.168   939  6122 I chatty  : uid=1000 system_server expire 2 lines
02-05 19:57:10.189   939  2555 I chatty  : uid=1000(system) backup expire 33 lines
02-05 19:57:10.789  6077  6104 D DownloadManager: Removed 0 stale downloads
02-05 19:57:10.831  6077  6104 D DownloadManager: Found 3 files in database
02-05 19:57:10.831  6077  6104 D DownloadManager: Found 0 files on disk
02-05 19:57:12.949   939   939 I chatty  : uid=1000 system_server expire 3 lines
02-05 19:57:12.959   939  6263 I chatty  : uid=1000 system_server expire 3 lines
02-05 19:57:14.757   939  2555 I chatty  : uid=1000(system) backup expire 39 lines
02-05 19:57:15.297   939  5225 I chatty  : uid=1000(system) Binder:939_F expire 4 lines
02-05 19:57:15.383   939  5443 I chatty  : uid=1000(system) Binder:939_1D expire 3 lines
02-05 19:57:15.453   939  1137 I chatty  : uid=1000(system) batterystats-wo expire 2 lines
02-05 19:57:15.907   939   939 I chatty  : uid=1000 system_server expire 17 lines
02-05 19:57:15.915   939  6302 I chatty  : uid=1000 system_server expire 3 lines
02-05 19:57:17.521   939  2222 I chatty  : uid=1000(system) Binder:939_9 expire 1 line
02-05 19:57:17.620   939  5917 I chatty  : uid=1000(system) Binder:939_20 expire 3 lines
02-05 19:57:17.878   939  5221 I chatty  : uid=1000(system) Binder:939_19 expire 3 lines
02-05 19:57:18.581   939  2584 I chatty  : uid=1000(system) Binder:939_B expire 1 line
02-05 19:57:18.937   939  5226 I chatty  : uid=1000(system) Binder:939_1A expire 2 lines
02-05 19:57:18.943   939  6392 I chatty  : uid=1000 system_server expire 3 lines
02-05 19:57:21.125   939  1725 I chatty  : uid=1000(system) NetworkPolicy expire 3 lines
02-05 19:57:21.492   939  6421 I chatty  : uid=1000 system_server expire 6 lines
02-05 19:57:21.564   939  6422 I chatty  : uid=1000 system_server expire 3 lines
02-05 19:57:21.765   939  6424 I chatty  : uid=1000 system_server expire 1 line
02-05 19:57:22.077   939   952 I chatty  : uid=1000(system) Binder:939_2 expire 4 lines
02-05 19:57:23.099   939  1119 I chatty  : uid=1000(system) ActivityManager expire 4 lines
02-05 19:57:24.937   939  5916 I chatty  : uid=1000(system) Binder:939_1F expire 2 lines
02-05 19:57:26.202   939  6542 I chatty  : uid=1000 system_server expire 6 lines
02-05 19:57:26.274   939  6543 I chatty  : uid=1000 system_server expire 4 lines
02-05 19:57:26.419   939  5227 I chatty  : uid=1000(system) Binder:939_1B expire 3 lines
02-05 19:57:26.471   939  6560 I chatty  : uid=1000 system_server expire 1 line
02-05 19:57:26.601   639  6076 I vold    : Trimmed 12812451840 bytes on /data in 17273ms
02-05 19:57:26.601   639  6076 D vold    : Starting trim of none
02-05 19:57:26.601   639  6076 W vold    : Failed to open none: No such file or directory
02-05 19:57:26.602   939  1708 I chatty  : uid=1000(system) VoldConnector expire 1 line
02-05 19:57:30.153   939  1117 I chatty  : uid=1000(system) android.bg expire 3 lines
02-05 19:57:30.188   939  1733 I chatty  : uid=1000(system) ConnectivitySer expire 1 line
02-05 19:57:30.382   939  6622 I chatty  : uid=1000 system_server expire 6 lines
02-05 19:57:32.896   939  6629 I chatty  : uid=1000 system_server expire 6 lines
02-05 19:57:32.941   939  6630 I chatty  : uid=1000 system_server expire 4 lines
02-05 19:57:33.126   939  6647 I chatty  : uid=1000 system_server expire 1 line
02-05 19:57:37.009   939  2555 I chatty  : uid=1000(system) backup expire 1 line
02-05 19:57:37.011   939  6665 I chatty  : uid=1000 system_server expire 6 lines
02-05 19:57:39.575   939  6666 I chatty  : uid=1000 system_server expire 6 lines
02-05 19:57:39.637   939  6667 I chatty  : uid=1000 system_server expire 4 lines
02-05 19:57:39.733   939  5227 I chatty  : uid=1000(system) Binder:939_1B expire 1 line
02-05 19:57:39.781   939  6685 I chatty  : uid=1000 system_server expire 1 line
02-05 19:57:39.842   939  5917 I chatty  : uid=1000(system) Binder:939_20 expire 1 line
02-05 19:57:41.351   939  1156 I chatty  : uid=1000(system) PackageManager expire 24 lines
02-05 19:57:43.324   939  1733 I chatty  : uid=1000(system) ConnectivitySer expire 2 lines
02-05 19:57:43.954   939   939 I chatty  : uid=1000 system_server expire 6 lines
02-05 19:57:43.962   939  6729 I chatty  : uid=1000 system_server expire 4 lines
02-05 19:57:44.019   939  6730 I chatty  : uid=1000 system_server expire 7 lines
02-05 19:57:44.150   939  5916 I chatty  : uid=1000(system) Binder:939_1F expire 2 lines
02-05 19:57:44.197   939  6749 I chatty  : uid=1000 system_server expire 1 line
02-05 19:57:44.619   939  6762 I chatty  : uid=1000 system_server expire 3 lines
02-05 19:57:44.676   939  1119 I chatty  : uid=1000(system) ActivityManager expire 36 lines
02-05 19:57:46.012   939  5225 I chatty  : uid=1000(system) Binder:939_F expire 11 lines
02-05 19:57:46.982   939  1991 I chatty  : uid=1000(system) Binder:939_7 expire 6 lines
02-05 19:57:47.099  6774  6852 E ActivityThread: Failed to find provider info for com.amazon.dcp.settings
02-05 19:57:47.331   939  1725 I chatty  : uid=1000(system) NetworkPolicy expire 6 lines
02-05 19:57:48.969   939 11704 I chatty  : uid=1000(system) Binder:939_14 expire 1 line
02-05 19:57:49.311   939 16357 I chatty  : uid=1000(system) Binder:939_18 expire 1 line
02-05 19:57:49.342   939  2717 I chatty  : uid=1000(system) Binder:939_C expire 1 line
02-05 19:57:49.471   939  5221 I chatty  : uid=1000(system) Binder:939_19 expire 2 lines
02-05 19:57:49.732   939  5442 I chatty  : uid=1000(system) Binder:939_1C expire 1 line
02-05 19:57:53.437   939  1137 I chatty  : uid=1000(system) batterystats-wo expire 2 lines
02-05 19:57:59.600   939  1120 I chatty  : uid=1000(system) android.ui expire 1 line
02-05 19:57:59.636   939  2731 I chatty  : uid=1000(system) Binder:939_E expire 2 lines
02-05 19:57:59.636   939  5279 I chatty  : uid=1000(system) Binder:939_13 expire 1 line
02-05 19:57:59.639   939  1150 I chatty  : uid=1000(system) android.display expire 1 line
02-05 19:57:59.639   939   952 I chatty  : uid=1000(system) Binder:939_2 expire 4 lines
02-05 19:58:00.348   939  5275 I chatty  : uid=1000(system) Binder:939_10 expire 2 lines
02-05 19:58:00.434   939 16356 I chatty  : uid=1000(system) Binder:939_17 expire 2 lines
02-05 19:58:00.595   939  1791 I chatty  : uid=1000(system) Binder:939_3 expire 5 lines
02-05 19:58:01.202   939 16354 I chatty  : uid=1000(system) Binder:939_15 expire 2 lines
02-05 19:58:12.768   939  1117 I chatty  : uid=1000(system) android.bg expire 1 line
02-05 19:58:20.608   939  1156 I chatty  : uid=1000(system) PackageManager expire 41 lines
02-05 19:58:20.696   939  5279 I chatty  : uid=1000(system) Binder:939_13 expire 12 lines
02-05 19:58:20.874   939   952 I chatty  : uid=1000(system) Binder:939_2 expire 7 lines
02-05 19:58:20.947   939  5443 I chatty  : uid=1000(system) Binder:939_1D expire 1 line
02-05 19:58:20.963   939  2731 I chatty  : uid=1000(system) Binder:939_E expire 9 lines
02-05 19:58:20.964   939  1119 I chatty  : uid=1000(system) ActivityManager expire 33 lines
02-05 19:58:21.173   939  5916 I chatty  : uid=1000(system) Binder:939_1F expire 1 line
02-05 19:58:21.177   939   951 I chatty  : uid=1000(system) Binder:939_1 expire 1 line
02-05 19:58:21.499   939   939 I chatty  : uid=1000 system_server expire 5 lines
02-05 19:58:24.685   939  1725 I chatty  : uid=1000(system) NetworkPolicy expire 12 lines
02-05 19:58:40.604   939  5275 I chatty  : uid=1000(system) Binder:939_10 expire 6 lines
02-05 19:58:40.682   939 16354 I chatty  : uid=1000(system) Binder:939_15 expire 2 lines
02-05 19:58:40.882   939  2730 I chatty  : uid=1000(system) Binder:939_D expire 2 lines
02-05 19:58:40.950   939  5278 I chatty  : uid=1000(system) Binder:939_12 expire 4 lines
02-05 19:58:53.424   939  5226 I chatty  : uid=1000(system) Binder:939_1A expire 6 lines
02-05 19:58:53.453   939  5277 I chatty  : uid=1000(system) Binder:939_11 expire 3 lines
02-05 19:58:53.492   939  1840 I chatty  : uid=1000(system) Binder:939_5 expire 4 lines
02-05 19:59:06.612   939  1992 I chatty  : uid=1000(system) Binder:939_8 expire 3 lines
02-05 19:59:06.669   939  2222 I chatty  : uid=1000(system) Binder:939_9 expire 9 lines
02-05 19:59:12.796   939 16356 I chatty  : uid=1000(system) Binder:939_17 expire 2 lines
02-05 19:59:19.140   939  5442 I chatty  : uid=1000(system) Binder:939_1C expire 4 lines
02-05 19:59:27.549   939  1156 I chatty  : uid=1000(system) PackageManager expire 17 lines
02-05 19:59:28.129   939  2222 I chatty  : uid=1000(system) Binder:939_9 expire 5 lines
02-05 19:59:28.183   939  5916 I chatty  : uid=1000(system) Binder:939_1F expire 3 lines
02-05 19:59:28.207   939  2509 I chatty  : uid=1000(system) Binder:939_A expire 1 line
02-05 19:59:28.294   939  5226 I chatty  : uid=1000(system) Binder:939_1A expire 6 lines
02-05 19:59:28.311   939   939 I chatty  : uid=1000 system_server expire 14 lines
02-05 19:59:28.327   939  5275 I chatty  : uid=1000(system) Binder:939_10 expire 3 lines
02-05 19:59:28.328   939  1119 I chatty  : uid=1000(system) ActivityManager expire 21 lines
02-05 19:59:28.345   939 16356 I chatty  : uid=1000(system) Binder:939_17 expire 1 line
02-05 19:59:28.362   939 16357 I chatty  : uid=1000(system) Binder:939_18 expire 2 lines
02-05 19:59:29.516   939  1725 I chatty  : uid=1000(system) NetworkPolicy expire 30 lines
02-05 19:59:54.858   939  5917 I chatty  : uid=1000(system) Binder:939_20 expire 10 lines
02-05 19:59:54.971   939 16354 I chatty  : uid=1000(system) Binder:939_15 expire 4 lines
02-05 19:59:55.071   939  1810 I chatty  : uid=1000(system) Binder:939_4 expire 4 lines
02-05 20:00:07.769   939  8140 I chatty  : uid=1000 system_server expire 6 lines
02-05 20:00:07.886   939  8156 I chatty  : uid=1000 system_server expire 4 lines
02-05 20:00:08.117   939 11704 I chatty  : uid=1000(system) Binder:939_14 expire 1 line
02-05 20:00:08.176   939  8204 I chatty  : uid=1000 system_server expire 1 line
02-05 20:00:22.234   939  8292 I chatty  : uid=1000 system_server expire 6 lines
02-05 20:00:22.302   939  8294 I chatty  : uid=1000 system_server expire 4 lines
02-05 20:00:22.506   939  8319 I chatty  : uid=1000 system_server expire 1 line
02-05 20:00:25.868   939  8353 I chatty  : uid=1000 system_server expire 6 lines
02-05 20:00:25.900   939  8354 I chatty  : uid=1000 system_server expire 4 lines
02-05 20:00:26.058   939  8372 I chatty  : uid=1000 system_server expire 1 line
02-05 20:00:26.710   939  8380 I chatty  : uid=1000 system_server expire 1 line
02-05 20:00:29.933   939  8390 I chatty  : uid=1000 system_server expire 1 line
02-05 20:00:29.964   939  8391 I chatty  : uid=1000 system_server expire 3 lines
02-05 20:00:29.983   939  8393 I chatty  : uid=1000 system_server expire 1 line
02-05 20:00:30.022   939  5279 I chatty  : uid=1000(system) Binder:939_13 expire 5 lines
02-05 20:00:30.752   939  5278 I chatty  : uid=1000(system) Binder:939_12 expire 2 lines
02-05 20:00:30.864   939  1137 I chatty  : uid=1000(system) batterystats-wo expire 1 line
02-05 20:00:31.050   939  1119 I ActivityManager: Start proc 8394:com.motorola.targetnotif/u0a303 for service com.motorola.targetnotif/com.motorola.loop.analytics.CheckinServiceGA
02-05 20:00:31.356   939  5279 W BroadcastQueue: Permission Denial: receiving Intent { act=com.motorola.blur.service.blur.Actions.SERVICES_STARTED flg=0x10 } to com.motorola.targetnotif/com.motorola.checkin.StartupReceiver requires com.motorola.blur.service.blur.Permissions.INTERACT_BLUR_SERVICE due to sender com.motorola.targetnotif (uid 10303)
02-05 20:00:31.562   939  8390 I PFTBT   : Transport suggested backoff=0
02-05 20:00:31.562   939  8390 I PFTBT   : Unbinding agent in com.motorola.targetnotif
02-05 20:00:31.563   939  8390 W ActivityManager: Unbinding backup agent with no active backup
02-05 20:00:31.563   939  8390 I PFTBT   : Full backup completed with status: 0
02-05 20:00:31.570   939  8390 I BackupManagerService: Full data backup pass finished.
02-05 20:00:34.100   939   939 I BackupManagerService: Beginning scheduled full backup operation
02-05 20:00:34.102   939   939 D PFTBT   : backupmanager pftbt token=2b0e74d2
02-05 20:00:34.126   939  8449 I PFTBT   : Initiating full-data transport backup of com.workflowy.android token: 722367698
02-05 20:00:34.194   939  8450 I ActivityManager: Start proc 8452:com.workflowy.android/u0a306 for backup android/FullBackupAgent
02-05 20:00:34.194   939  8450 D BackupManagerService: awaiting agent for ApplicationInfo{1428626 com.workflowy.android}
02-05 20:00:34.266   939 16357 D BackupManagerService: agentConnected pkg=com.workflowy.android agent=android.os.BinderProxy@ebfaebd
02-05 20:00:34.267   939  8450 I BackupManagerService: got agent android.app.IBackupAgent$Stub$Proxy@2092cb2
02-05 20:00:34.305   939  8450 I BackupRestoreController: Getting widget state for user: 0
02-05 20:00:34.308   939  8467 D BackupManagerService: Calling doFullBackup() on com.workflowy.android
02-05 20:00:35.527   939  1725 D NetworkStats: Resolving plan for NetworkTemplate: matchRule=MOBILE_ALL, subscriberId=310410..., matchSubscriberIds=[310410...]
02-05 20:00:35.529   939  1725 D NetworkStats: Found active matching subId 1
02-05 20:00:35.534   939  1725 D NetworkStats: Resolved to plan null
02-05 20:00:37.365   939 16357 I ActivityManager: Process com.workflowy.android (pid 8452) has died: bkup TRNB
02-05 20:00:37.687   939  1725 D NetworkStats: Resolving plan for NetworkTemplate: matchRule=MOBILE_ALL, subscriberId=310410..., matchSubscriberIds=[310410...]
02-05 20:00:37.689   939  1725 D NetworkStats: Found active matching subId 1
02-05 20:00:37.692   939  1725 D NetworkStats: Resolved to plan null
02-05 20:00:39.885   939  8449 I PFTBT   : Transport suggested backoff=0
02-05 20:00:39.885   939  8449 I PFTBT   : Unbinding agent in com.workflowy.android
02-05 20:00:39.885   939  8449 W ActivityManager: Unbinding backup agent with no active backup
02-05 20:00:39.885   939  8449 I PFTBT   : Full backup completed with status: 0
02-05 20:00:39.889   939  8449 I BackupManagerService: Full data backup pass finished.
02-05 20:00:42.390   939   939 I BackupManagerService: Beginning scheduled full backup operation
02-05 20:00:42.390   939   939 D PFTBT   : backupmanager pftbt token=5777d5d5
02-05 20:00:42.391   939  8499 I PFTBT   : Initiating full-data transport backup of com.google.android.apps.turbo token: 1467471317
02-05 20:00:42.395   939  8499 I PFTBT   : Transport rejected backup of com.google.android.apps.turbo, skipping
02-05 20:00:42.395   939  8499 I PFTBT   : Unbinding agent in com.google.android.apps.turbo
02-05 20:00:42.395   939  8499 W ActivityManager: Unbinding backup agent with no active backup
02-05 20:00:42.395   939  8499 I PFTBT   : Full backup completed with status: 0
02-05 20:00:42.399   939  8499 I BackupManagerService: Full data backup pass finished.
02-05 20:00:44.942   939   939 I BackupManagerService: Beginning scheduled full backup operation
02-05 20:00:44.943   939   939 D PFTBT   : backupmanager pftbt token=33a4b8d7
02-05 20:00:44.953   939  8513 I PFTBT   : Initiating full-data transport backup of com.aor.pocketgit token: 866433239
02-05 20:00:45.001   939  8514 I ActivityManager: Start proc 8516:com.aor.pocketgit/u0a315 for backup android/FullBackupAgent
02-05 20:00:45.001   939  8514 D BackupManagerService: awaiting agent for ApplicationInfo{34e15cd com.aor.pocketgit}
02-05 20:00:45.156   939 16357 D BackupManagerService: agentConnected pkg=com.aor.pocketgit agent=android.os.BinderProxy@7762cb1
02-05 20:00:45.156   939  8514 I BackupManagerService: got agent android.app.IBackupAgent$Stub$Proxy@d52596
02-05 20:00:45.172   939  8514 I BackupRestoreController: Getting widget state for user: 0
02-05 20:00:45.174   939  8531 D BackupManagerService: Calling doFullBackup() on com.aor.pocketgit
02-05 20:00:45.190   939 16357 I ActivityManager: Process com.aor.pocketgit (pid 8516) has died: bkup TRNB
02-05 20:00:46.608   939  8513 I PFTBT   : Transport suggested backoff=0
02-05 20:00:46.608   939  8513 I PFTBT   : Unbinding agent in com.aor.pocketgit
02-05 20:00:46.608   939  8513 W ActivityManager: Unbinding backup agent with no active backup
02-05 20:00:46.608   939  8513 I PFTBT   : Full backup completed with status: 0
02-05 20:00:46.614   939  8513 I BackupManagerService: Full data backup pass finished.
02-05 20:00:49.135   939   939 I BackupManagerService: Beginning scheduled full backup operation
02-05 20:00:49.136   939   939 D PFTBT   : backupmanager pftbt token=293bceda
02-05 20:00:49.137   939  8559 I PFTBT   : Initiating full-data transport backup of bbc.mobile.news.ww token: 691785434
02-05 20:00:49.200   939  8560 I ActivityManager: Start proc 8562:bbc.mobile.news.ww/u0a317 for backup android/FullBackupAgent
02-05 20:00:49.200   939  8560 D BackupManagerService: awaiting agent for ApplicationInfo{9fe7994 bbc.mobile.news.ww}
02-05 20:00:49.271   939  5443 D BackupManagerService: agentConnected pkg=bbc.mobile.news.ww agent=android.os.BinderProxy@a402046
02-05 20:00:49.271   939  8560 I BackupManagerService: got agent android.app.IBackupAgent$Stub$Proxy@3474207
02-05 20:00:49.298   939  8560 I BackupRestoreController: Getting widget state for user: 0
02-05 20:00:49.299   939  8577 D BackupManagerService: Calling doFullBackup() on bbc.mobile.news.ww
02-05 20:00:49.361   939  1725 D NetworkStats: Resolving plan for NetworkTemplate: matchRule=MOBILE_ALL, subscriberId=310410..., matchSubscriberIds=[310410...]
02-05 20:00:49.362   939  1725 D NetworkStats: Found active matching subId 1
02-05 20:00:49.366   939  1725 D NetworkStats: Resolved to plan null
02-05 20:00:49.745   939  5278 I ActivityManager: Process bbc.mobile.news.ww (pid 8562) has died: bkup TRNB
02-05 20:00:51.156   939  8559 I PFTBT   : Transport suggested backoff=0
02-05 20:00:51.156   939  8559 I PFTBT   : Unbinding agent in bbc.mobile.news.ww
02-05 20:00:51.158   939  8559 W ActivityManager: Unbinding backup agent with no active backup
02-05 20:00:51.158   939  8559 I PFTBT   : Full backup completed with status: 0
02-05 20:00:51.160   939  8559 I BackupManagerService: Full data backup pass finished.
02-05 20:00:53.706   939   939 I BackupManagerService: Beginning scheduled full backup operation
02-05 20:00:53.706   939   939 D PFTBT   : backupmanager pftbt token=f9e40dd
02-05 20:00:53.711   939  8594 I PFTBT   : Initiating full-data transport backup of com.TDF.AndroidTdf token: 262029533
02-05 20:00:53.760   939  8595 I ActivityManager: Start proc 8597:com.TDF.AndroidTdf/u0a320 for backup android/FullBackupAgent
02-05 20:00:53.760   939  8595 D BackupManagerService: awaiting agent for ApplicationInfo{b753f3a com.TDF.AndroidTdf}
02-05 20:00:53.821   939 16357 D BackupManagerService: agentConnected pkg=com.TDF.AndroidTdf agent=android.os.BinderProxy@166bc82
02-05 20:00:53.821   939  8595 I BackupManagerService: got agent android.app.IBackupAgent$Stub$Proxy@4ba0f93
02-05 20:00:53.834   939  8595 I BackupRestoreController: Getting widget state for user: 0
02-05 20:00:53.835   939  8612 D BackupManagerService: Calling doFullBackup() on com.TDF.AndroidTdf
02-05 20:00:53.855   939  5443 I ActivityManager: Process com.TDF.AndroidTdf (pid 8597) has died: bkup TRNB
02-05 20:00:55.055   939  8594 I PFTBT   : Transport suggested backoff=0
02-05 20:00:55.055   939  8594 I PFTBT   : Unbinding agent in com.TDF.AndroidTdf
02-05 20:00:55.056   939  8594 W ActivityManager: Unbinding backup agent with no active backup
02-05 20:00:55.056   939  8594 I PFTBT   : Full backup completed with status: 0
02-05 20:00:55.058   939  8594 I BackupManagerService: Full data backup pass finished.
02-05 20:00:57.577   939   939 I BackupManagerService: Beginning scheduled full backup operation
02-05 20:00:57.578   939   939 D PFTBT   : backupmanager pftbt token=548799e0
02-05 20:00:57.581   939  8622 I PFTBT   : Initiating full-data transport backup of net.routix.mqttdash token: 1418172896
02-05 20:00:57.668   939  8623 I ActivityManager: Start proc 8625:net.routix.mqttdash/u0a322 for backup android/FullBackupAgent
02-05 20:00:57.668   939  8623 D BackupManagerService: awaiting agent for ApplicationInfo{7da22d5 net.routix.mqttdash}
02-05 20:00:57.739   939  5443 D BackupManagerService: agentConnected pkg=net.routix.mqttdash agent=android.os.BinderProxy@adfd77e
02-05 20:00:57.739   939  8623 I BackupManagerService: got agent android.app.IBackupAgent$Stub$Proxy@e6b54df
02-05 20:00:57.765   939  8623 I BackupRestoreController: Getting widget state for user: 0
02-05 20:00:57.778   939  8640 D BackupManagerService: Calling doFullBackup() on net.routix.mqttdash
02-05 20:00:57.797   939 16357 I ActivityManager: Process net.routix.mqttdash (pid 8625) has died: bkup TRNB
02-05 20:00:59.128   939  8622 I PFTBT   : Transport suggested backoff=0
02-05 20:00:59.128   939  8622 I PFTBT   : Unbinding agent in net.routix.mqttdash
02-05 20:00:59.129   939  8622 W ActivityManager: Unbinding backup agent with no active backup
02-05 20:00:59.129   939  8622 I PFTBT   : Full backup completed with status: 0
02-05 20:00:59.132   939  8622 I BackupManagerService: Full data backup pass finished.
02-05 20:01:01.674   939   939 I BackupManagerService: Beginning scheduled full backup operation
02-05 20:01:01.675   939   939 D PFTBT   : backupmanager pftbt token=26392e3
02-05 20:01:01.692   939  8661 I PFTBT   : Initiating full-data transport backup of de.sanitas_online.healthcoach token: 40080099
02-05 20:01:01.720   939  8662 D BackupManagerService: awaiting agent for ApplicationInfo{4d52371 de.sanitas_online.healthcoach}
02-05 20:01:01.723   939 16357 D BackupManagerService: agentConnected pkg=de.sanitas_online.healthcoach agent=android.os.BinderProxy@cff3deb
02-05 20:01:01.723   939  8662 I BackupManagerService: got agent android.app.IBackupAgent$Stub$Proxy@c4d2748
02-05 20:01:01.748   939  8662 I BackupRestoreController: Getting widget state for user: 0
02-05 20:01:01.751   939  8665 D BackupManagerService: Calling doFullBackup() on de.sanitas_online.healthcoach
02-05 20:01:03.064   939  1725 D NetworkStats: Resolving plan for NetworkTemplate: matchRule=MOBILE_ALL, subscriberId=310410..., matchSubscriberIds=[310410...]
02-05 20:01:03.067   939  1725 D NetworkStats: Found active matching subId 1
02-05 20:01:03.073   939  1725 D NetworkStats: Resolved to plan null
02-05 20:01:05.176   939  1725 D NetworkStats: Resolving plan for NetworkTemplate: matchRule=MOBILE_ALL, subscriberId=310410..., matchSubscriberIds=[310410...]
02-05 20:01:05.178   939  1725 D NetworkStats: Found active matching subId 1
02-05 20:01:05.182   939  1725 D NetworkStats: Resolved to plan null
02-05 20:01:07.479   939 16357 I ActivityManager: Process de.sanitas_online.healthcoach (pid 7054) has died: bkup TRNB
02-05 20:01:07.758   939  8682 I BackupManagerService: Telling running backup to stop
02-05 20:01:08.078   939  1725 D NetworkStats: Resolving plan for NetworkTemplate: matchRule=MOBILE_ALL, subscriberId=310410..., matchSubscriberIds=[310410...]
02-05 20:01:08.080   939  1725 D NetworkStats: Found active matching subId 1
02-05 20:01:08.084   939  1725 D NetworkStats: Resolved to plan null
02-05 20:01:10.069   939  8661 I PFTBT   : Transport suggested backoff=0
02-05 20:01:10.069   939  8661 I PFTBT   : Unbinding agent in de.sanitas_online.healthcoach
02-05 20:01:10.069   939  8661 W ActivityManager: Unbinding backup agent with no active backup
02-05 20:01:10.069   939  8661 I PFTBT   : Full backup completed with status: -2003
02-05 20:01:10.069   939  8661 I BackupManagerService: Full data backup pass finished.
02-05 20:01:24.190   939   939 I ActivityManager: Start proc 8693:com.amazon.mShop.android.shopping/u0a357 for service com.amazon.mShop.android.shopping/com.amazon.client.metrics.nexus.UploadJobService
02-05 20:01:24.993   939  5917 I ActivityManager: Start proc 8717:com.android.chrome:sandboxed_process0/u0i877 for webview_service com.amazon.mShop.android.shopping/org.chromium.content.app.SandboxedProcessService0
02-05 20:01:25.937   939  5443 I ActivityManager: Killing 5931:com.google.process.gservices/u0a17 (adj 906): empty #17
02-05 20:01:25.937   939  5443 I ActivityManager: Killing 8128:com.google.android.apps.maps/u0a109 (adj 906): empty #18
02-05 20:01:25.964   939  5916 D ConnectivityService: ConnectivityService NetworkRequestInfo binderDied(NetworkRequest [ LISTEN id=5771, [ Capabilities: INTERNET&NOT_RESTRICTED&TRUSTED&FOREGROUND] ], android.os.BinderProxy@eeec78f)
02-05 20:02:07.739   939   939 I BackupManagerService: Beginning scheduled full backup operation
02-05 20:02:07.740   939   939 D PFTBT   : backupmanager pftbt token=375ec5e6
02-05 20:02:07.744   939  8832 I PFTBT   : Initiating full-data transport backup of com.overlook.android.fing token: 928957926
02-05 20:02:07.851   939  8842 I ActivityManager: Start proc 8843:com.overlook.android.fing/u0a352 for backup android/FullBackupAgent
02-05 20:02:07.851   939  8842 D BackupManagerService: awaiting agent for ApplicationInfo{e358acd com.overlook.android.fing}
02-05 20:02:07.929   939  2222 D BackupManagerService: agentConnected pkg=com.overlook.android.fing agent=android.os.BinderProxy@94067b2
02-05 20:02:07.929   939  8842 I BackupManagerService: got agent android.app.IBackupAgent$Stub$Proxy@5b09303
02-05 20:02:07.967   939  8842 I BackupRestoreController: Getting widget state for user: 0
02-05 20:02:07.969   939  8858 D BackupManagerService: Calling doFullBackup() on com.overlook.android.fing
02-05 20:02:08.044   939  2222 I ActivityManager: Process com.overlook.android.fing (pid 8843) has died: bkup TRNB
02-05 20:02:09.796   939  8832 I PFTBT   : Transport suggested backoff=0
02-05 20:02:09.796   939  8832 I PFTBT   : Unbinding agent in com.overlook.android.fing
02-05 20:02:09.797   939  8832 W ActivityManager: Unbinding backup agent with no active backup
02-05 20:02:09.797   939  8832 I PFTBT   : Full backup completed with status: 0
02-05 20:02:09.808   939  8832 I BackupManagerService: Full data backup pass finished.
02-05 20:02:12.357   939   939 I BackupManagerService: Beginning scheduled full backup operation
02-05 20:02:12.360   939   939 D PFTBT   : backupmanager pftbt token=3b8ca1e9
02-05 20:02:12.363   939  8863 I PFTBT   : Initiating full-data transport backup of de.eidottermihi.raspicheck token: 999072233
02-05 20:02:12.476   939  8864 I ActivityManager: Start proc 8866:de.eidottermihi.raspicheck/u0a228 for backup android/FullBackupAgent
02-05 20:02:12.476   939  8864 D BackupManagerService: awaiting agent for ApplicationInfo{ff66c62 de.eidottermihi.raspicheck}
02-05 20:02:12.558   939 16357 D BackupManagerService: agentConnected pkg=de.eidottermihi.raspicheck agent=android.os.BinderProxy@af0bbb0
02-05 20:02:12.559   939  8864 I BackupManagerService: got agent android.app.IBackupAgent$Stub$Proxy@bcfba29
02-05 20:02:12.601   939  8864 I BackupRestoreController: Getting widget state for user: 0
02-05 20:02:12.603   939  8883 D BackupManagerService: Calling doFullBackup() on de.eidottermihi.raspicheck
02-05 20:02:12.694   939 16357 I ActivityManager: Process de.eidottermihi.raspicheck (pid 8866) has died: bkup TRNB
02-05 20:02:13.959   939  8863 I PFTBT   : Transport suggested backoff=0
02-05 20:02:13.960   939  8863 I PFTBT   : Unbinding agent in de.eidottermihi.raspicheck
02-05 20:02:13.960   939  8863 W ActivityManager: Unbinding backup agent with no active backup
02-05 20:02:13.960   939  8863 I PFTBT   : Full backup completed with status: 0
02-05 20:02:13.971   939  8863 I BackupManagerService: Full data backup pass finished.
02-05 20:02:16.521   939   939 I BackupManagerService: Beginning scheduled full backup operation
02-05 20:02:16.523   939   939 D PFTBT   : backupmanager pftbt token=3ca074ec
02-05 20:02:16.526   939  8884 I PFTBT   : Initiating full-data transport backup of com.gamesbypost.cribbageclassic token: 1017148652
02-05 20:02:16.674   939  8885 I ActivityManager: Start proc 8887:com.gamesbypost.cribbageclassic/u0a332 for backup android/FullBackupAgent
02-05 20:02:16.674   939  8885 D BackupManagerService: awaiting agent for ApplicationInfo{b1dfeaf com.gamesbypost.cribbageclassic}
02-05 20:02:16.757   939  2222 D BackupManagerService: agentConnected pkg=com.gamesbypost.cribbageclassic agent=android.os.BinderProxy@d0dbb0c
02-05 20:02:16.757   939  8885 I BackupManagerService: got agent android.app.IBackupAgent$Stub$Proxy@51e7c55
02-05 20:02:16.794   939  8885 I BackupRestoreController: Getting widget state for user: 0
02-05 20:02:16.797   939  8902 D BackupManagerService: Calling doFullBackup() on com.gamesbypost.cribbageclassic
02-05 20:02:16.985   939  2222 I ActivityManager: Process com.gamesbypost.cribbageclassic (pid 8887) has died: bkup TRNB
02-05 20:02:18.783   939  8884 I PFTBT   : Transport suggested backoff=0
02-05 20:02:18.783   939  8884 I PFTBT   : Unbinding agent in com.gamesbypost.cribbageclassic
02-05 20:02:18.783   939  8884 W ActivityManager: Unbinding backup agent with no active backup
02-05 20:02:18.783   939  8884 I PFTBT   : Full backup completed with status: 0
02-05 20:02:18.789   939  8884 I BackupManagerService: Full data backup pass finished.
02-05 20:02:21.338   939   939 I BackupManagerService: Beginning scheduled full backup operation
02-05 20:02:21.340   939   939 D PFTBT   : backupmanager pftbt token=2e5791ef
02-05 20:02:21.344   939  8905 I PFTBT   : Initiating full-data transport backup of com.google.android.apps.chromecast.app token: 777490927
02-05 20:02:21.470   939  8906 I ActivityManager: Start proc 8908:com.google.android.apps.chromecast.app/u0a334 for backup android/FullBackupAgent
02-05 20:02:21.475   939  8906 D BackupManagerService: awaiting agent for ApplicationInfo{624e1d8 com.google.android.apps.chromecast.app}
02-05 20:02:21.603   939  5443 D BackupManagerService: agentConnected pkg=com.google.android.apps.chromecast.app agent=android.os.BinderProxy@127d328
02-05 20:02:21.603   939  8906 I BackupManagerService: got agent android.app.IBackupAgent$Stub$Proxy@93b4841
02-05 20:02:21.621   939  8906 I BackupRestoreController: Getting widget state for user: 0
02-05 20:02:21.624   939  8923 D BackupManagerService: Calling doFullBackup() on com.google.android.apps.chromecast.app
02-05 20:02:21.639   939  5917 I ActivityManager: Process com.google.android.apps.chromecast.app (pid 8908) has died: bkup TRNB
02-05 20:02:24.343   939   939 I ActivityManager: Start proc 8926:com.google.android.apps.maps/u0a109 for service com.google.android.apps.maps/com.google.android.apps.gmm.offline.update.OfflineAutoUpdateJobService
02-05 20:02:24.653   939  5443 I ActivityManager: Start proc 8962:com.google.process.gservices/u0a17 for content provider com.google.android.gsf/.gservices.GservicesProvider
02-05 20:02:31.654  8394  8423 E ActivityThread: Failed to find provider info for com.motorola.ccc.cce.datausage
02-05 20:02:33.595   939  8905 I PFTBT   : Transport suggested backoff=0
02-05 20:02:33.595   939  8905 I PFTBT   : Unbinding agent in com.google.android.apps.chromecast.app
02-05 20:02:33.595   939  8905 W ActivityManager: Unbinding backup agent with no active backup
02-05 20:02:33.595   939  8905 I PFTBT   : Full backup completed with status: 0
02-05 20:02:33.601   939  8905 I BackupManagerService: Full data backup pass finished.
02-05 20:02:36.153   939   939 I BackupManagerService: Beginning scheduled full backup operation
02-05 20:02:36.156   939   939 D PFTBT   : backupmanager pftbt token=607f4f2
02-05 20:02:36.161   939  8999 I PFTBT   : Initiating full-data transport backup of com.rdh.mulligan.myelevation token: 101184754
02-05 20:02:36.273   939  9000 I ActivityManager: Start proc 9002:com.rdh.mulligan.myelevation/u0a335 for backup android/FullBackupAgent
02-05 20:02:36.273   939  9000 D BackupManagerService: awaiting agent for ApplicationInfo{497c5dd com.rdh.mulligan.myelevation}
02-05 20:02:36.371   939   952 D BackupManagerService: agentConnected pkg=com.rdh.mulligan.myelevation agent=android.os.BinderProxy@fb73dbf
02-05 20:02:36.371   939  9000 I BackupManagerService: got agent android.app.IBackupAgent$Stub$Proxy@68fac8c
02-05 20:02:36.399   939  9000 I BackupRestoreController: Getting widget state for user: 0
02-05 20:02:36.403   939  9017 D BackupManagerService: Calling doFullBackup() on com.rdh.mulligan.myelevation
02-05 20:02:36.627   939   952 I ActivityManager: Process com.rdh.mulligan.myelevation (pid 9002) has died: bkup TRNB
02-05 20:02:37.983   939  8999 I PFTBT   : Transport suggested backoff=0
02-05 20:02:37.983   939  8999 I PFTBT   : Unbinding agent in com.rdh.mulligan.myelevation
02-05 20:02:37.984   939  8999 W ActivityManager: Unbinding backup agent with no active backup
02-05 20:02:37.984   939  8999 I PFTBT   : Full backup completed with status: 0
02-05 20:02:37.996   939  8999 I BackupManagerService: Full data backup pass finished.
02-05 20:02:40.528   939   939 I BackupManagerService: Beginning scheduled full backup operation
02-05 20:02:40.531   939   939 D PFTBT   : backupmanager pftbt token=5dd64af5
02-05 20:02:40.536   939  9019 I PFTBT   : Initiating full-data transport backup of com.cheerchip.Timebox token: 1574324981
02-05 20:02:40.654   939  9020 D BackupManagerService: awaiting agent for ApplicationInfo{4d91444 com.cheerchip.Timebox}
02-05 20:02:40.668   939  5917 D BackupManagerService: agentConnected pkg=com.cheerchip.Timebox agent=android.os.BinderProxy@b79fc89
02-05 20:02:40.668   939  9020 I BackupManagerService: got agent android.app.IBackupAgent$Stub$Proxy@8d8748e
02-05 20:02:40.704   939  9020 I BackupRestoreController: Getting widget state for user: 0
02-05 20:02:40.717   939  9022 D BackupManagerService: Calling doFullBackup() on com.cheerchip.Timebox
02-05 20:02:41.430   939  5279 I ActivityManager: Process com.cheerchip.Timebox (pid 29031) has died: bkup TRNB
02-05 20:02:41.430   939  5279 W ActivityManager: Scheduling restart of crashed service com.cheerchip.Timebox/.musicplayer.MusicService in 1000ms
02-05 20:02:41.430   939  5279 W ActivityManager: Scheduling restart of crashed service com.cheerchip.Timebox/.service.SocketServerService in 1000ms
02-05 20:02:41.467   939  5915 I ActivityManager: Process com.cheerchip.Timebox:ipc (pid 29065) has died: fore SVC 
02-05 20:02:42.485   939  1119 I ActivityManager: Start proc 9023:com.cheerchip.Timebox/u0a339 for service com.cheerchip.Timebox/.service.SocketServerService
02-05 20:02:42.741   939  5915 I ActivityManager: Start proc 9050:com.cheerchip.Timebox:ipc/u0a339 for service com.cheerchip.Timebox/io.rong.imlib.ipc.RongService
02-05 20:02:42.771   939  9019 I PFTBT   : Transport suggested backoff=0
02-05 20:02:42.771   939  9019 I PFTBT   : Unbinding agent in com.cheerchip.Timebox
02-05 20:02:42.774   939  9019 W ActivityManager: Unbinding backup agent with no active backup
02-05 20:02:42.774   939  9019 I PFTBT   : Full backup completed with status: 0
02-05 20:02:42.774   939  9019 I BackupManagerService: Full data backup pass finished.
02-05 20:02:45.282   939  2555 I ActivityManager: Killing 6077:android.process.media/u0a15 (adj 906): empty #17
02-05 20:02:45.283   939  2555 I ActivityManager: Killing 6693:com.android.defcontainer/u0a52 (adj 906): empty #18
02-05 20:02:45.284   939   939 I BackupManagerService: Beginning scheduled full backup operation
02-05 20:02:45.285   939   939 D PFTBT   : backupmanager pftbt token=d5b5df8
02-05 20:02:45.289   939  9124 I PFTBT   : Initiating full-data transport backup of com.seattletimes.android.SeattleTimesMobileNews token: 224091640
02-05 20:02:45.365   939  9125 I ActivityManager: Start proc 9127:com.seattletimes.android.SeattleTimesMobileNews/u0a344 for backup android/FullBackupAgent
02-05 20:02:45.366   939  9125 D BackupManagerService: awaiting agent for ApplicationInfo{5062b58 com.seattletimes.android.SeattleTimesMobileNews}
02-05 20:02:45.458   939  5917 D BackupManagerService: agentConnected pkg=com.seattletimes.android.SeattleTimesMobileNews agent=android.os.BinderProxy@246968f
02-05 20:02:45.459   939  9125 I BackupManagerService: got agent android.app.IBackupAgent$Stub$Proxy@b87dd1c
02-05 20:02:45.500   939  9125 I BackupRestoreController: Getting widget state for user: 0
02-05 20:02:45.503   939  9142 D BackupManagerService: Calling doFullBackup() on com.seattletimes.android.SeattleTimesMobileNews
02-05 20:02:45.730   939  5915 I ActivityManager: Process com.seattletimes.android.SeattleTimesMobileNews (pid 9127) has died: bkup TRNB
02-05 20:02:47.190   939  9124 I PFTBT   : Transport suggested backoff=0
02-05 20:02:47.190   939  9124 I PFTBT   : Unbinding agent in com.seattletimes.android.SeattleTimesMobileNews
02-05 20:02:47.191   939  9124 W ActivityManager: Unbinding backup agent with no active backup
02-05 20:02:47.191   939  9124 I PFTBT   : Full backup completed with status: 0
02-05 20:02:47.199   939  9124 I BackupManagerService: Full data backup pass finished.
02-05 20:02:49.753   939   939 I BackupManagerService: Beginning scheduled full backup operation
02-05 20:02:49.756   939   939 D PFTBT   : backupmanager pftbt token=429287fb
02-05 20:02:49.761   939  9144 I PFTBT   : Initiating full-data transport backup of com.stackexchange.marvin token: 1116899323
02-05 20:02:49.898   939  9145 I ActivityManager: Start proc 9147:com.stackexchange.marvin/u0a347 for backup android/FullBackupAgent
02-05 20:02:49.899   939  9145 D BackupManagerService: awaiting agent for ApplicationInfo{63edcdf com.stackexchange.marvin}
02-05 20:02:50.028   939  1991 D BackupManagerService: agentConnected pkg=com.stackexchange.marvin agent=android.os.BinderProxy@4fa11
02-05 20:02:50.028   939  9145 I BackupManagerService: got agent android.app.IBackupAgent$Stub$Proxy@75d776
02-05 20:02:50.053   939  9145 I BackupRestoreController: Getting widget state for user: 0
02-05 20:02:50.058   939  9163 D BackupManagerService: Calling doFullBackup() on com.stackexchange.marvin
02-05 20:02:50.116   939  1991 I ActivityManager: Process com.stackexchange.marvin (pid 9147) has died: bkup TRNB
02-05 20:02:51.564   939  9144 I PFTBT   : Transport suggested backoff=0
02-05 20:02:51.565   939  9144 I PFTBT   : Unbinding agent in com.stackexchange.marvin
02-05 20:02:51.568   939  9144 W ActivityManager: Unbinding backup agent with no active backup
02-05 20:02:51.568   939  9144 I PFTBT   : Full backup completed with status: 0
02-05 20:02:51.573   939  9144 I BackupManagerService: Full data backup pass finished.
02-05 20:02:54.126   939   939 I BackupManagerService: Beginning scheduled full backup operation
02-05 20:02:54.129   939   939 D PFTBT   : backupmanager pftbt token=31ea1fe
02-05 20:02:54.132   939  9169 I PFTBT   : Initiating full-data transport backup of de.hafas.android.dbzugradarpv token: 52339198
02-05 20:02:54.162   939  9169 I PFTBT   : Transport rejected backup of de.hafas.android.dbzugradarpv, skipping
02-05 20:02:54.162   939  9169 I PFTBT   : Unbinding agent in de.hafas.android.dbzugradarpv
02-05 20:02:54.164   939  9169 W ActivityManager: Unbinding backup agent with no active backup
02-05 20:02:54.164   939  9169 I PFTBT   : Full backup completed with status: 0
02-05 20:02:54.171   939  9169 I BackupManagerService: Full data backup pass finished.
02-05 20:02:56.728   939   939 I BackupManagerService: Beginning scheduled full backup operation
02-05 20:02:56.730   939   939 D PFTBT   : backupmanager pftbt token=ab25e00
02-05 20:02:56.732   939  9170 I PFTBT   : Initiating full-data transport backup of com.blockfolio.blockfolio token: 179461632
02-05 20:02:56.828   939  9171 I ActivityManager: Start proc 9173:com.blockfolio.blockfolio/u0a353 for backup android/FullBackupAgent
02-05 20:02:56.828   939  9171 D BackupManagerService: awaiting agent for ApplicationInfo{4acda3e com.blockfolio.blockfolio}
02-05 20:02:56.913   939  5443 D BackupManagerService: agentConnected pkg=com.blockfolio.blockfolio agent=android.os.BinderProxy@3c537fe
02-05 20:02:56.913   939  9171 I BackupManagerService: got agent android.app.IBackupAgent$Stub$Proxy@e7c6b5f
02-05 20:02:56.930   939  9171 I BackupRestoreController: Getting widget state for user: 0
02-05 20:02:56.933   939  9189 D BackupManagerService: Calling doFullBackup() on com.blockfolio.blockfolio
02-05 20:02:56.990   939  1991 I ActivityManager: Process com.blockfolio.blockfolio (pid 9173) has died: bkup TRNB
02-05 20:02:58.240   939  9170 I PFTBT   : Transport suggested backoff=0
02-05 20:02:58.240   939  9170 I PFTBT   : Unbinding agent in com.blockfolio.blockfolio
02-05 20:02:58.240   939  9170 W ActivityManager: Unbinding backup agent with no active backup
02-05 20:02:58.241   939  9170 I PFTBT   : Full backup completed with status: 0
02-05 20:02:58.254   939  9170 I BackupManagerService: Full data backup pass finished.
02-05 20:03:00.803   939   939 I BackupManagerService: Beginning scheduled full backup operation
02-05 20:03:00.804   939   939 D PFTBT   : backupmanager pftbt token=669e3f03
02-05 20:03:00.808   939  9191 I PFTBT   : Initiating full-data transport backup of wsj.reader_sp token: 1721646851
02-05 20:03:00.876   939  9191 I PFTBT   : Transport rejected backup of wsj.reader_sp, skipping
02-05 20:03:00.877   939  9191 I PFTBT   : Unbinding agent in wsj.reader_sp
02-05 20:03:00.877   939  9191 W ActivityManager: Unbinding backup agent with no active backup
02-05 20:03:00.877   939  9191 I PFTBT   : Full backup completed with status: 0
02-05 20:03:00.889   939  9191 I BackupManagerService: Full data backup pass finished.
02-05 20:03:03.443   939   939 I BackupManagerService: Beginning scheduled full backup operation
02-05 20:03:03.446   939   939 D PFTBT   : backupmanager pftbt token=24fdeb05
02-05 20:03:03.451   939  9192 I PFTBT   : Initiating full-data transport backup of nz.co.codepoint.minimetro token: 620620549
02-05 20:03:03.556   939  9193 I ActivityManager: Start proc 9195:nz.co.codepoint.minimetro/u0a364 for backup android/FullBackupAgent
02-05 20:03:03.556   939  9193 D BackupManagerService: awaiting agent for ApplicationInfo{a1eb476 nz.co.codepoint.minimetro}
02-05 20:03:03.667   939  5915 D BackupManagerService: agentConnected pkg=nz.co.codepoint.minimetro agent=android.os.BinderProxy@a923e0
02-05 20:03:03.667   939  9193 I BackupManagerService: got agent android.app.IBackupAgent$Stub$Proxy@32b699
02-05 20:03:03.702   939  9193 I BackupRestoreController: Getting widget state for user: 0
02-05 20:03:03.705   939  9210 D BackupManagerService: Calling doFullBackup() on nz.co.codepoint.minimetro
02-05 20:03:03.757   939  5917 I ActivityManager: Process nz.co.codepoint.minimetro (pid 9195) has died: bkup TRNB
02-05 20:03:05.140   939  9192 I PFTBT   : Transport suggested backoff=0
02-05 20:03:05.140   939  9192 I PFTBT   : Unbinding agent in nz.co.codepoint.minimetro
02-05 20:03:05.140   939  9192 W ActivityManager: Unbinding backup agent with no active backup
02-05 20:03:05.140   939  9192 I PFTBT   : Full backup completed with status: 0
02-05 20:03:05.146   939  9192 I BackupManagerService: Full data backup pass finished.
02-05 20:03:07.692   939   939 I BackupManagerService: Beginning scheduled full backup operation
02-05 20:03:07.694   939   939 D PFTBT   : backupmanager pftbt token=5b920408
02-05 20:03:07.697   939  9211 I PFTBT   : Initiating full-data transport backup of com.amazon.venezia token: 1536295944
02-05 20:03:07.954   939  9214 D BackupManagerService: awaiting agent for ApplicationInfo{c5e1a80 com.amazon.venezia}
02-05 20:03:07.974   939  5917 D BackupManagerService: agentConnected pkg=com.amazon.venezia agent=android.os.BinderProxy@6408bc5
02-05 20:03:07.975   939  9214 I BackupManagerService: got agent android.app.IBackupAgent$Stub$Proxy@36fb91a
02-05 20:03:08.046   939  9214 I BackupRestoreController: Getting widget state for user: 0
02-05 20:03:08.048   939  9215 D BackupManagerService: Calling doFullBackup() on com.amazon.venezia
02-05 20:03:18.752   939  5915 I ActivityManager: Process com.amazon.venezia (pid 6774) has died: bkup TRNB
02-05 20:03:18.894   939  9211 E PFTBT   : Error -1002 backing up com.amazon.venezia
02-05 20:03:18.895   939  9211 I PFTBT   : Transport suggested backoff=712245
02-05 20:03:18.900   939  9211 I PFTBT   : Transport rejected backup of com.amazon.venezia, skipping
02-05 20:03:18.901   939  9211 W ActivityManager: Unbinding backup agent with no active backup
02-05 20:03:18.901   939  9211 W ActivityManager: Process/uid not found attempting kill of com.amazon.venezia / 10366
02-05 20:03:18.901   939  9211 I PFTBT   : Unbinding agent in com.amazon.venezia
02-05 20:03:18.901   939  9211 W ActivityManager: Unbinding backup agent with no active backup
02-05 20:03:18.901   939  9211 I PFTBT   : Full backup completed with status: 0
02-05 20:03:18.913   939  9211 I BackupManagerService: Full data backup pass finished.
02-05 20:05:24.523   939   939 I ActivityManager: Start proc 9254:com.android.connectivity.metrics/u0a54 for service com.android.connectivity.metrics/.GnssJobService
02-05 20:05:24.554   939  5442 I ActivityManager: Start proc 9270:com.amazon.venezia/u0a366 for broadcast com.amazon.venezia/.notification.NotificationEventReceiver
02-05 20:05:25.155  9270  9323 E ActivityThread: Failed to find provider info for com.amazon.dcp.settings
02-05 20:06:00.011   939   939 I ActivityManager: Killing 6768:com.android.keychain/1000 (adj 906): empty #17
02-05 20:06:20.254   939 11704 I ActivityManager: Start proc 9383:com.google.android.apps.walletnfcrel/u0a256 for service com.google.android.apps.walletnfcrel/com.google.commerce.tapandpay.android.serverlog.LogMessageUploadService
02-05 20:06:45.577   939  2731 I ActivityManager: Killing 6815:com.android.vending:instant_app_installer/u0a11 (adj 906): empty #17
02-05 20:07:26.464   939  5917 I ActivityManager: Start proc 9432:com.google.android.talk/u0a134 for service com.google.android.talk/com.google.android.apps.hangouts.concurrent.impl.GcmTriggeredNotifier
02-05 20:07:34.008   939 16357 I ActivityManager: Start proc 9485:com.google.android.apps.plus/u0a150 for service com.google.android.apps.plus/com.google.apps.tiktok.sync.impl.gcm.SyncGcoreGcmTaskService
