02-05 15:39:07.811 16698 16698 E ActivityThread: 	at android.widget.LinearLayout.onLayout(LinearLayout.java:1544)
02-05 15:39:07.811 16698 16698 E ActivityThread: 	at android.view.View.layout(View.java:19659)
02-05 15:39:07.811 16698 16698 E ActivityThread: 	at android.view.ViewGroup.layout(ViewGroup.java:6075)
02-05 15:39:07.811 16698 16698 E ActivityThread: 	at android.widget.FrameLayout.layoutChildren(FrameLayout.java:323)
02-05 15:39:07.811 16698 16698 E ActivityThread: 	at android.widget.FrameLayout.onLayout(FrameLayout.java:261)
02-05 15:39:07.811 16698 16698 E ActivityThread: 	at android.view.View.layout(View.java:19659)
02-05 15:39:07.811 16698 16698 E ActivityThread: 	at android.view.ViewGroup.layout(ViewGroup.java:6075)
02-05 15:39:07.811 16698 16698 E ActivityThread: 	at android.widget.FrameLayout.layoutChildren(FrameLayout.java:323)
02-05 15:39:07.811 16698 16698 E ActivityThread: 	at android.widget.FrameLayout.onLayout(FrameLayout.java:261)
02-05 15:39:07.811 16698 16698 E ActivityThread: 	at android.view.View.layout(View.java:19659)
02-05 15:39:07.811 16698 16698 E ActivityThread: 	at android.view.ViewGroup.layout(ViewGroup.java:6075)
02-05 15:39:07.811 16698 16698 E ActivityThread: 	at android.widget.FrameLayout.layoutChildren(FrameLayout.java:323)
02-05 15:39:07.811 16698 16698 E ActivityThread: 	at android.widget.FrameLayout.onLayout(FrameLayout.java:261)
02-05 15:39:07.811 16698 16698 E ActivityThread: 	at android.view.View.layout(View.java:19659)
02-05 15:39:07.811 16698 16698 E ActivityThread: 	at android.view.ViewGroup.layout(ViewGroup.java:6075)
02-05 15:39:07.811 16698 16698 E ActivityThread: 	at android.widget.LinearLayout.setChildFrame(LinearLayout.java:1791)
02-05 15:39:07.811 16698 16698 E ActivityThread: 	at android.widget.LinearLayout.layoutVertical(LinearLayout.java:1635)
02-05 15:39:07.811 16698 16698 E ActivityThread: 	at android.widget.LinearLayout.onLayout(LinearLayout.java:1544)
02-05 15:39:07.811 16698 16698 E ActivityThread: 	at android.view.View.layout(View.java:19659)
02-05 15:39:07.811 16698 16698 E ActivityThread: 	at android.view.ViewGroup.layout(ViewGroup.java:6075)
02-05 15:39:07.811 16698 16698 E ActivityThread: 	at android.widget.FrameLayout.layoutChildren(FrameLayout.java:323)
02-05 15:39:07.811 16698 16698 E ActivityThread: 	at android.widget.FrameLayout.onLayout(FrameLayout.java:261)
02-05 15:39:07.811 16698 16698 E ActivityThread: 	at android.view.View.layout(View.java:19659)
02-05 15:39:07.811 16698 16698 E ActivityThread: 	at android.view.ViewGroup.layout(ViewGroup.java:6075)
02-05 15:39:07.811 16698 16698 E ActivityThread: 	at android.widget.Li
02-05 15:39:15.477 19824 19824 I TelecomFramework: UserCallActivity: onCreate done
02-05 15:39:15.500   939  2077 I chatty  : uid=1000(system) uteStateMachine expire 1 line
02-05 15:39:15.501   939  2078 I chatty  : uid=1000(system) CallAudioModeSt expire 3 lines
02-05 15:39:15.501   939   939 I chatty  : uid=1000 system_server expire 22 lines
02-05 15:39:15.516   939  2077 I chatty  : uid=1000(system) uteStateMachine expire 10 lines
02-05 15:39:15.571   939  2076 I chatty  : uid=1000(system) BluetoothRouteM expire 6 lines
02-05 15:39:15.577   939  5225 I chatty  : uid=1000(system) Binder:939_F expire 3 lines
02-05 15:39:15.651   939  2717 I chatty  : uid=1000(system) Binder:939_C expire 6 lines
02-05 15:39:16.110   939  5442 I chatty  : uid=1000(system) Binder:939_1C expire 2 lines
02-05 15:39:16.110  1976  1976 I Telephony: TelephonyConnectionService: onCreateOutgoingConnection, request: ConnectionRequest xxxxxxxxxxxxxxxxxx Bundle[mParcelledData.dataSize=484]: (SBC.oSC)->CS.crCo->H.CS.crCo->H.CS.crCo.pICR@E-VbQ
02-05 15:39:16.152   939  5279 I chatty  : uid=1000(system) Binder:939_13 expire 22 lines
02-05 15:39:16.162   939  1119 I chatty  : uid=1000(system) ActivityManager expire 16 lines
02-05 15:39:16.170  1976  1976 I Telephony: TelephonyConnectionService: notifyCreateConnectionComplete TC@153_1: (...->CSW.hCCC)->CS.crCoC->H.CS.crCoC@E-E-E-VbQ
02-05 15:39:16.199  1757  6093 I AlwaysOnHotwordDetector: onRecognitionPaused
02-05 15:39:17.045   939  1733 I chatty  : uid=1000(system) ConnectivitySer expire 6 lines
02-05 15:39:17.083   939  1725 I chatty  : uid=1000(system) NetworkPolicy expire 12 lines
02-05 15:39:17.127   939 16355 I chatty  : uid=1000(system) Binder:939_16 expire 3 lines
02-05 15:39:17.352   939  2731 I chatty  : uid=1000(system) Binder:939_E expire 17 lines
02-05 15:39:17.366  1757  6093 I AlwaysOnHotwordDetector: onRecognitionResumed
02-05 15:39:17.371   939  2077 I chatty  : uid=1000(system) uteStateMachine expire 22 lines
02-05 15:39:17.371   939  2078 I chatty  : uid=1000(system) CallAudioModeSt expire 5 lines
02-05 15:39:17.374   939  5275 I chatty  : uid=1000(system) Binder:939_10 expire 11 lines
02-05 15:39:17.375   939  2076 I chatty  : uid=1000(system) BluetoothRouteM expire 11 lines
02-05 15:39:17.409   939  1119 I chatty  : uid=1000(system) ActivityManager expire 10 lines
02-05 15:39:17.426   939   939 I chatty  : uid=1000 system_server expire 7 lines
02-05 15:39:17.635   939  5279 I chatty  : uid=1000(system) Binder:939_13 expire 2 lines
02-05 15:39:17.702   939 16356 I chatty  : uid=1000(system) Binder:939_17 expire 1 line
02-05 15:39:17.731   939  1137 I chatty  : uid=1000(system) batterystats-wo expire 11 lines
02-05 15:39:18.414   939 16354 I chatty  : uid=1000(system) Binder:939_15 expire 2 lines
02-05 15:39:18.510   939 16357 I chatty  : uid=1000(system) Binder:939_18 expire 3 lines
02-05 15:39:19.065   939  1733 I chatty  : uid=1000(system) ConnectivitySer expire 6 lines
02-05 15:39:19.091   939  1725 I chatty  : uid=1000(system) NetworkPolicy expire 15 lines
02-05 15:39:19.133   939  1702 I chatty  : uid=1000(system) InputDispatcher expire 1 line
02-05 15:39:20.553   939 16355 I chatty  : uid=1000(system) Binder:939_16 expire 1 line
02-05 15:39:27.465   939 11704 I chatty  : uid=1000(system) Binder:939_14 expire 2 lines
02-05 15:39:34.470   939  5277 I chatty  : uid=1000(system) Binder:939_11 expire 3 lines
02-05 15:39:51.219   939  5227 I chatty  : uid=1000(system) Binder:939_1B expire 1 line
02-05 15:39:58.813   939  5916 I chatty  : uid=1000(system) Binder:939_1F expire 1 line
02-05 15:40:39.727   939  1117 I chatty  : uid=1000(system) android.bg expire 1 line
02-05 15:40:59.231   939  5221 I chatty  : uid=1000(system) Binder:939_19 expire 3 lines
02-05 15:41:26.973   939  1989 I chatty  : uid=1000(system) Binder:939_6 expire 1 line
02-05 15:41:59.459   939  5915 I chatty  : uid=1000(system) Binder:939_1E expire 1 line
02-05 15:43:09.222   939  1991 I chatty  : uid=1000(system) Binder:939_7 expire 1 line
02-05 15:43:15.406   939  2730 I chatty  : uid=1000(system) Binder:939_D expire 1 line
02-05 15:43:16.436   939  1703 I chatty  : uid=1000(system) InputReader expire 1 line
02-05 15:43:16.497   939   939 I chatty  : uid=1000 system_server expire 4 lines
02-05 15:43:16.963   939  1152 I chatty  : uid=1000(system) PowerManagerSer expire 12 lines
02-05 15:43:17.119   939  1150 I chatty  : uid=1000(system) android.display expire 9 lines
02-05 15:43:17.119   939  1137 I chatty  : uid=1000(system) batterystats-wo expire 10 lines
02-05 15:43:17.153   939   952 I chatty  : uid=1000(system) Binder:939_2 expire 1 line
02-05 15:43:17.287   939  1148 I chatty  : uid=1000(system) android.fg expire 5 lines
02-05 15:43:17.411   939  1991 I chatty  : uid=1000(system) Binder:939_7 expire 4 lines
02-05 15:43:32.489   939  1725 I chatty  : uid=1000(system) NetworkPolicy expire 15 lines
02-05 15:43:32.962   939  5278 I chatty  : uid=1000(system) Binder:939_12 expire 8 lines
02-05 15:44:18.453   939  1119 I chatty  : uid=1000(system) ActivityManager expire 10 lines
02-05 15:44:19.896 10298 11166 E ActivityThread: Failed to find provider info for com.google.android.gms.common.phenotype
02-05 15:44:40.113   939  1152 I chatty  : uid=1000(system) PowerManagerSer expire 11 lines
02-05 15:44:40.254   939  2730 I chatty  : uid=1000(system) Binder:939_D expire 3 lines
02-05 15:44:40.629   939  5443 I chatty  : uid=1000(system) Binder:939_1D expire 6 lines
02-05 15:45:37.602   939 16355 I chatty  : uid=1000(system) Binder:939_16 expire 10 lines
02-05 15:45:37.635   979   979 I wificond: Pno scan started
02-05 15:45:39.742   979   979 I wificond: Pno scan result ready event
02-05 15:45:39.754   979   979 I wificond: Pno scan stopped
02-05 15:45:39.768   979   979 W wificond: Scan is not started. Ignore abort request
02-05 15:45:39.893   939  1728 I chatty  : uid=1000(system) WifiStateMachin expire 1 line
02-05 15:45:39.893   939  1733 I chatty  : uid=1000(system) ConnectivitySer expire 10 lines
02-05 15:45:45.143   939  5279 I chatty  : uid=1000(system) Binder:939_13 expire 2 lines
02-05 15:45:48.514   979   979 W wificond: Failed to get NL80211_ATTR_STATUS_CODE
02-05 15:45:50.444 21030 21056 D ActivityThread: Loading provider com.google.android.gmail.provider;com.android.mail.notifier;com.google.android.gm.email.provider;com.google.android.gm.tasks.provider;com.google.android.gm.email.notifier: com.android.email.provider.EmailProvider
02-05 15:45:50.537   939 16355 I chatty  : uid=1000(system) Binder:939_16 expire 2 lines
02-05 15:45:50.573   939  5915 I chatty  : uid=1000(system) Binder:939_1E expire 1 line
02-05 15:46:18.120   939  1733 I chatty  : uid=1000(system) ConnectivitySer expire 1 line
02-05 15:46:25.110   939  1810 I chatty  : uid=1000(system) Binder:939_4 expire 3 lines
02-05 15:47:11.765   979   979 W wificond: Failed to get NL80211_ATTR_STATUS_CODE
02-05 15:47:16.702   979   979 W wificond: Failed to get NL80211_ATTR_STATUS_CODE
02-05 15:47:24.860   979   979 W wificond: Failed to get NL80211_ATTR_STATUS_CODE
02-05 15:48:26.191 21219 21219 D ActivityThread: Loading provider com.whatsapp.provider.contact: com.whatsapp.contact.ContactProvider
02-05 15:51:29.096   939  1989 I chatty  : uid=1000(system) Binder:939_6 expire 3 lines
02-05 15:52:01.842   939  5275 I chatty  : uid=1000(system) Binder:939_10 expire 2 lines
02-05 15:53:55.088   939  1696 I chatty  : uid=1000(system) AlarmManager expire 3 lines
02-05 15:53:55.136   939 16355 I chatty  : uid=1000(system) Binder:939_16 expire 8 lines
02-05 15:53:55.367   939  2584 I chatty  : uid=1000(system) Binder:939_B expire 1 line
02-05 15:55:37.362   939   939 I chatty  : uid=1000 system_server expire 9 lines
02-05 15:55:39.933   939 16357 I chatty  : uid=1000(system) Binder:939_18 expire 3 lines
02-05 15:56:04.170   939  1989 I chatty  : uid=1000(system) Binder:939_6 expire 4 lines
02-05 15:56:08.044   939  1119 I chatty  : uid=1000(system) ActivityManager expire 9 lines
02-05 15:56:08.438   939   951 I chatty  : uid=1000(system) Binder:939_1 expire 12 lines
02-05 15:56:08.765   939  5443 I chatty  : uid=1000(system) Binder:939_1D expire 5 lines
02-05 15:56:08.768   939  2717 I chatty  : uid=1000(system) Binder:939_C expire 3 lines
02-05 15:57:01.183   939  1991 I chatty  : uid=1000(system) Binder:939_7 expire 4 lines
02-05 15:57:01.268   939  1137 I chatty  : uid=1000(system) batterystats-wo expire 1 line
02-05 15:59:17.691   939 16356 I chatty  : uid=1000(system) Binder:939_17 expire 8 lines
02-05 15:59:17.855   939  5221 I chatty  : uid=1000(system) Binder:939_19 expire 3 lines
02-05 15:59:18.305   939  5917 I chatty  : uid=1000(system) Binder:939_20 expire 2 lines
02-05 15:59:20.654   939  1117 I chatty  : uid=1000(system) android.bg expire 3 lines
02-05 15:59:26.914   939  2731 I chatty  : uid=1000(system) Binder:939_E expire 2 lines
02-05 15:59:26.949   939  1152 I chatty  : uid=1000(system) PowerManagerSer expire 14 lines
02-05 15:59:27.058   939  1150 I chatty  : uid=1000(system) android.display expire 3 lines
02-05 15:59:27.237   939  1148 I chatty  : uid=1000(system) android.fg expire 4 lines
02-05 15:59:27.598 10298 11166 E ActivityThread: Failed to find provider info for com.google.android.gms.common.phenotype
02-05 15:59:27.828   939  5227 I chatty  : uid=1000(system) Binder:939_1B expire 4 lines
02-05 15:59:30.793   939  1725 I chatty  : uid=1000(system) NetworkPolicy expire 12 lines
02-05 15:59:55.990   939  1791 I chatty  : uid=1000(system) Binder:939_3 expire 3 lines
02-05 16:00:29.908   939  5225 I chatty  : uid=1000(system) Binder:939_F expire 5 lines
02-05 16:08:33.229   939 16354 I chatty  : uid=1000(system) Binder:939_15 expire 2 lines
02-05 16:08:33.489 22447 22447 D ActivityThread: Loading provider com.whatsapp.provider.contact: com.whatsapp.contact.ContactProvider
02-05 16:13:51.270   939  1724 I chatty  : uid=1000(system) NetworkStats expire 1 line
02-05 16:17:27.783   939  1733 I chatty  : uid=1000(system) ConnectivitySer expire 2 lines
02-05 16:20:19.351 22820 22862 E ActivityThread: Failed to find provider info for com.amazon.dcp.settings
02-05 16:20:27.879   939  5443 I chatty  : uid=1000(system) Binder:939_1D expire 4 lines
02-05 16:21:27.000   939  1120 I chatty  : uid=1000(system) android.ui expire 3 lines
02-05 16:21:29.102   939  1791 I chatty  : uid=1000(system) Binder:939_3 expire 1 line
02-05 16:21:29.496   939 16354 I chatty  : uid=1000(system) Binder:939_15 expire 6 lines
02-05 16:21:29.567   939  2222 I chatty  : uid=1000(system) Binder:939_9 expire 4 lines
02-05 16:24:28.194   939 16355 I chatty  : uid=1000(system) Binder:939_16 expire 2 lines
02-05 16:25:34.460   939  1152 I chatty  : uid=1000(system) PowerManagerSer expire 10 lines
02-05 16:25:34.462   939  1150 I chatty  : uid=1000(system) android.display expire 3 lines
02-05 16:27:21.873   939  1117 I chatty  : uid=1000(system) android.bg expire 1 line
02-05 16:27:32.273   939  5275 I chatty  : uid=1000(system) Binder:939_10 expire 10 lines
02-05 16:28:24.102   979   979 W wificond: Failed to get NL80211_ATTR_STATUS_CODE
02-05 16:28:24.251   939  2731 I chatty  : uid=1000(system) Binder:939_E expire 2 lines
02-05 16:28:24.275   939  1119 I chatty  : uid=1000(system) ActivityManager expire 7 lines
02-05 16:28:34.566   979   979 W wificond: Failed to get NL80211_ATTR_STATUS_CODE
02-05 16:30:10.447   979   979 W wificond: Failed to get NL80211_ATTR_STATUS_CODE
02-05 16:30:10.499   939  1991 I chatty  : uid=1000(system) Binder:939_7 expire 8 lines
02-05 16:30:13.503   979   979 W wificond: Failed to get NL80211_ATTR_STATUS_CODE
02-05 16:31:45.812   979   979 W wificond: Failed to get NL80211_ATTR_STATUS_CODE
02-05 16:31:46.360   939   939 I chatty  : uid=1000 system_server expire 31 lines
02-05 16:31:46.526   939  2076 I chatty  : uid=1000(system) BluetoothRouteM expire 5 lines
02-05 16:31:46.526   939  2077 I chatty  : uid=1000(system) uteStateMachine expire 8 lines
02-05 16:31:47.533   939  5221 I chatty  : uid=1000(system) Binder:939_19 expire 2 lines
02-05 16:31:47.534   939  5225 I chatty  : uid=1000(system) Binder:939_F expire 4 lines
02-05 16:31:57.646   979   979 W wificond: Failed to get NL80211_ATTR_STATUS_CODE
02-05 16:32:41.994   939  2730 I chatty  : uid=1000(system) Binder:939_D expire 2 lines
02-05 16:32:42.078   939  5227 I chatty  : uid=1000(system) Binder:939_1B expire 2 lines
02-05 16:32:42.096   939  1148 I chatty  : uid=1000(system) android.fg expire 3 lines
02-05 16:32:42.259   939  5917 I chatty  : uid=1000(system) Binder:939_20 expire 4 lines
02-05 16:32:43.405   939  1702 I chatty  : uid=1000(system) InputDispatcher expire 1 line
02-05 16:32:46.862   979   979 W wificond: Failed to get NL80211_ATTR_STATUS_CODE
02-05 16:32:46.915   939 16357 I chatty  : uid=1000(system) Binder:939_18 expire 1 line
02-05 16:32:47.560   939  2078 I chatty  : uid=1000(system) CallAudioModeSt expire 2 lines
02-05 16:32:47.662   939  9810 I chatty  : uid=1000(system) ContactsAsyncWo expire 2 lines
02-05 16:32:47.707   939   939 I chatty  : uid=1000 system_server expire 15 lines
02-05 16:32:47.775   939  2222 I chatty  : uid=1000(system) Binder:939_9 expire 1 line
02-05 16:32:47.776  1976  1976 I Telephony: TelephonyConnectionService: onCreateOutgoingConnection, request: ConnectionRequest xxxxxxxxxxxxxx Bundle[mParcelledData.dataSize=840]: (SBC.oSC)->CS.crCo->H.CS.crCo->H.CS.crCo.pICR@E-VuU
02-05 16:32:47.871   939  5917 I chatty  : uid=1000(system) Binder:939_20 expire 24 lines
02-05 16:32:47.876   939  2730 I chatty  : uid=1000(system) Binder:939_D expire 21 lines
02-05 16:32:47.886   939  1119 I chatty  : uid=1000(system) ActivityManager expire 10 lines
02-05 16:32:47.895   939  2077 I chatty  : uid=1000(system) uteStateMachine expire 9 lines
02-05 16:32:47.896  1976  1976 I Telephony: TelephonyConnectionService: notifyCreateConnectionComplete TC@154_1: (...->CSW.hCCC)->CS.crCoC->H.CS.crCoC@E-E-E-VuU
02-05 16:32:47.920   939  5221 I chatty  : uid=1000(system) Binder:939_19 expire 5 lines
02-05 16:32:48.236   939  2078 I chatty  : uid=1000(system) CallAudioModeSt expire 2 lines
02-05 16:32:48.237   939  2076 I chatty  : uid=1000(system) BluetoothRouteM expire 2 lines
02-05 16:32:48.254  1757  6093 I AlwaysOnHotwordDetector: onRecognitionPaused
02-05 16:32:50.756   939  1733 I chatty  : uid=1000(system) ConnectivitySer expire 2 lines
02-05 16:32:50.807   939  1725 I chatty  : uid=1000(system) NetworkPolicy expire 6 lines
02-05 16:32:52.266   979   979 W wificond: Failed to get NL80211_ATTR_STATUS_CODE
02-05 16:32:52.305   939   951 I chatty  : uid=1000(system) Binder:939_1 expire 1 line
02-05 16:32:52.569   939  1791 I chatty  : uid=1000(system) Binder:939_3 expire 1 line
02-05 16:32:56.819   979   979 W wificond: Failed to get NL80211_ATTR_STATUS_CODE
02-05 16:32:56.863   939 16356 I chatty  : uid=1000(system) Binder:939_17 expire 1 line
02-05 16:33:13.284   939  1703 I chatty  : uid=1000(system) InputReader expire 1 line
02-05 16:33:13.805   939  1152 I chatty  : uid=1000(system) PowerManagerSer expire 12 lines
02-05 16:33:13.944   939  1150 I chatty  : uid=1000(system) android.display expire 4 lines
02-05 16:33:14.011   939  1137 I chatty  : uid=1000(system) batterystats-wo expire 1 line
02-05 16:33:14.089   939  1148 I chatty  : uid=1000(system) android.fg expire 1 line
02-05 16:33:14.166   939  2717 I chatty  : uid=1000(system) Binder:939_C expire 1 line
02-05 16:33:25.189   939  2731 I chatty  : uid=1000(system) Binder:939_E expire 2 lines
02-05 16:33:25.189   939  1810 I chatty  : uid=1000(system) Binder:939_4 expire 1 line
02-05 16:35:17.129   979   979 W wificond: Failed to get NL80211_ATTR_STATUS_CODE
02-05 16:35:30.979   979   979 W wificond: Failed to get NL80211_ATTR_STATUS_CODE
02-05 16:36:23.768   939  5443 I chatty  : uid=1000(system) Binder:939_1D expire 1 line
02-05 16:36:28.733   939   939 I chatty  : uid=1000 system_server expire 2 lines
02-05 16:36:28.735   939  5226 I chatty  : uid=1000(system) Binder:939_1A expire 1 line
02-05 16:36:28.878   939  1119 I chatty  : uid=1000(system) ActivityManager expire 11 lines
02-05 16:36:28.909   939  1152 I chatty  : uid=1000(system) PowerManagerSer expire 13 lines
02-05 16:36:28.952   939  1150 I chatty  : uid=1000(system) android.display expire 6 lines
02-05 16:36:29.005   939  2717 I chatty  : uid=1000(system) Binder:939_C expire 1 line
02-05 16:36:29.007   939   952 I chatty  : uid=1000(system) Binder:939_2 expire 5 lines
02-05 16:36:29.153   939  1148 I chatty  : uid=1000(system) android.fg expire 7 lines
02-05 16:36:29.212   939  1791 I chatty  : uid=1000(system) Binder:939_3 expire 4 lines
02-05 16:37:21.522   939   939 I chatty  : uid=1000 system_server expire 9 lines
02-05 16:37:45.349   939  5226 I chatty  : uid=1000(system) Binder:939_1A expire 1 line
02-05 16:38:53.630   939  1703 I chatty  : uid=1000(system) InputReader expire 1 line
02-05 16:39:10.480   939 16354 I chatty  : uid=1000(system) Binder:939_15 expire 2 lines
02-05 16:39:18.410   979   979 W wificond: Failed to get NL80211_ATTR_STATUS_CODE
02-05 16:39:19.576   939   951 I chatty  : uid=1000(system) Binder:939_1 expire 4 lines
02-05 16:39:42.660   979   979 W wificond: Failed to get NL80211_ATTR_STATUS_CODE
02-05 16:40:15.919   939  1152 I chatty  : uid=1000(system) PowerManagerSer expire 9 lines
02-05 16:40:15.950   939  5915 I chatty  : uid=1000(system) Binder:939_1E expire 1 line
02-05 16:41:27.132   939  2731 I chatty  : uid=1000(system) Binder:939_E expire 26 lines
02-05 16:43:56.172   939  1725 I chatty  : uid=1000(system) NetworkPolicy expire 6 lines
02-05 16:45:59.705   939  2584 I chatty  : uid=1000(system) Binder:939_B expire 2 lines
02-05 16:46:28.245   939  1120 I chatty  : uid=1000(system) android.ui expire 2 lines
02-05 16:48:15.017   939  2077 I chatty  : uid=1000(system) uteStateMachine expire 12 lines
02-05 16:48:15.017   939  2078 I chatty  : uid=1000(system) CallAudioModeSt expire 5 lines
02-05 16:48:15.025   939  2076 I chatty  : uid=1000(system) BluetoothRouteM expire 8 lines
02-05 16:48:15.055  1757  6093 I AlwaysOnHotwordDetector: onRecognitionResumed
02-05 16:48:15.082   939  1991 I chatty  : uid=1000(system) Binder:939_7 expire 1 line
02-05 16:48:15.267   939  1119 I chatty  : uid=1000(system) ActivityManager expire 4 lines
02-05 16:48:15.596 10298 11166 E ActivityThread: Failed to find provider info for com.google.android.gms.common.phenotype
02-05 16:48:16.145   939  2077 I chatty  : uid=1000(system) uteStateMachine expire 4 lines
02-05 16:48:16.149   939  2076 I chatty  : uid=1000(system) BluetoothRouteM expire 2 lines
02-05 16:48:16.292   939  1791 I chatty  : uid=1000(system) Binder:939_3 expire 4 lines
02-05 16:48:16.351   939   951 I chatty  : uid=1000(system) Binder:939_1 expire 2 lines
02-05 16:48:16.892   939   939 I chatty  : uid=1000 system_server expire 14 lines
02-05 16:48:17.276 10298 11166 E ActivityThread: Failed to find provider info for com.google.android.gms.common.phenotype
02-05 16:48:27.824   939  5221 I chatty  : uid=1000(system) Binder:939_19 expire 3 lines
02-05 16:49:34.711   939  1117 I chatty  : uid=1000(system) android.bg expire 1 line
02-05 16:49:34.978 24259 24283 D ActivityThread: Loading provider com.google.android.gmail.provider;com.android.mail.notifier;com.google.android.gm.email.provider;com.google.android.gm.tasks.provider;com.google.android.gm.email.notifier: com.android.email.provider.EmailProvider
02-05 16:49:35.085   939  5226 I chatty  : uid=1000(system) Binder:939_1A expire 2 lines
02-05 16:53:16.015   939  1152 I chatty  : uid=1000(system) PowerManagerSer expire 14 lines
02-05 16:53:16.699   939  1150 I chatty  : uid=1000(system) android.display expire 6 lines
02-05 16:53:16.846   939  1148 I chatty  : uid=1000(system) android.fg expire 5 lines
02-05 16:53:20.336   939  2222 I chatty  : uid=1000(system) Binder:939_9 expire 4 lines
02-05 16:53:20.996   939 16354 I chatty  : uid=1000(system) Binder:939_15 expire 2 lines
02-05 16:53:21.051   939   952 I chatty  : uid=1000(system) Binder:939_2 expire 1 line
02-05 16:53:33.952   939  1696 I chatty  : uid=1000(system) AlarmManager expire 1 line
02-05 16:54:01.972   939  5227 I chatty  : uid=1000(system) Binder:939_1B expire 5 lines
02-05 16:57:17.363   939  2717 I chatty  : uid=1000(system) Binder:939_C expire 4 lines
02-05 16:57:17.384   939 16356 I chatty  : uid=1000(system) Binder:939_17 expire 1 line
02-05 16:57:17.480   939 16355 I chatty  : uid=1000(system) Binder:939_16 expire 6 lines
02-05 16:57:17.753 10298 11166 E ActivityThread: Failed to find provider info for com.google.android.gms.common.phenotype
02-05 16:57:18.810   939  1702 I chatty  : uid=1000(system) InputDispatcher expire 1 line
02-05 16:57:29.576   939  5278 I chatty  : uid=1000(system) Binder:939_12 expire 11 lines
02-05 16:57:37.679   939  1725 I chatty  : uid=1000(system) NetworkPolicy expire 9 lines
02-05 16:57:44.166   939  5279 I chatty  : uid=1000(system) Binder:939_13 expire 6 lines
02-05 17:00:02.195   939  5915 I chatty  : uid=1000(system) Binder:939_1E expire 1 line
02-05 17:00:55.803 24995 25013 E ActivityThread: Failed to find provider info for com.amazon.dcp.settings
02-05 17:00:55.914   939  2509 I chatty  : uid=1000(system) Binder:939_A expire 6 lines
02-05 17:00:56.070   939  5275 I chatty  : uid=1000(system) Binder:939_10 expire 2 lines
02-05 17:00:56.396   939  1137 I chatty  : uid=1000(system) batterystats-wo expire 2 lines
02-05 17:00:56.536 25077 25145 E ActivityThread: Failed to find provider info for com.amazon.dcp.settings
02-05 17:00:57.556   939  5916 I chatty  : uid=1000(system) Binder:939_1F expire 1 line
02-05 17:00:57.793 25197 25242 E ActivityThread: Failed to find provider info for com.amazon.dcp.settings
02-05 17:01:02.955   939  2584 I chatty  : uid=1000(system) Binder:939_B expire 5 lines
02-05 17:01:04.618 25197 25706 W ActivityThread: ClassLoader.getResources: The class loader returned by Thread.getContextClassLoader() may fail for processes that host multiple applications. You should explicitly specify a context class loader. For example: Thread.setContextClassLoader(getClass().getClassLoader());
02-05 17:02:46.775   939  1152 I chatty  : uid=1000(system) PowerManagerSer expire 15 lines
02-05 17:05:19.382   939  1120 I chatty  : uid=1000(system) android.ui expire 2 lines
02-05 17:05:19.533   939  1150 I chatty  : uid=1000(system) android.display expire 4 lines
02-05 17:05:19.534   939  1119 I chatty  : uid=1000(system) ActivityManager expire 11 lines
02-05 17:05:19.628   939  1840 I chatty  : uid=1000(system) Binder:939_5 expire 13 lines
02-05 17:05:19.648   939  5278 I chatty  : uid=1000(system) Binder:939_12 expire 2 lines
02-05 17:05:19.739   939   939 I chatty  : uid=1000 system_server expire 9 lines
02-05 17:05:19.740   939  1148 I chatty  : uid=1000(system) android.fg expire 7 lines
02-05 17:05:19.771   939 16355 I chatty  : uid=1000(system) Binder:939_16 expire 5 lines
02-05 17:06:43.676   939  1117 I chatty  : uid=1000(system) android.bg expire 6 lines
02-05 17:08:19.141   939  5279 I chatty  : uid=1000(system) Binder:939_13 expire 2 lines
02-05 17:08:19.425 26008 26008 D ActivityThread: Loading provider com.whatsapp.provider.contact: com.whatsapp.contact.ContactProvider
02-05 17:08:19.447   939  1989 I chatty  : uid=1000(system) Binder:939_6 expire 5 lines
02-05 17:08:19.743   939  5225 I chatty  : uid=1000(system) Binder:939_F expire 3 lines
02-05 17:08:19.823   939  1137 I chatty  : uid=1000(system) batterystats-wo expire 3 lines
02-05 17:09:21.450   939  5227 I chatty  : uid=1000(system) Binder:939_1B expire 10 lines
02-05 17:09:42.962   939  2717 I chatty  : uid=1000(system) Binder:939_C expire 1 line
02-05 17:09:42.991   939  2222 I chatty  : uid=1000(system) Binder:939_9 expire 3 lines
02-05 17:12:05.023 26466 26493 D ActivityThread: Loading provider com.google.android.gmail.provider;com.android.mail.notifier;com.google.android.gm.email.provider;com.google.android.gm.tasks.provider;com.google.android.gm.email.notifier: com.android.email.provider.EmailProvider
02-05 17:12:05.193   939  5916 I chatty  : uid=1000(system) Binder:939_1F expire 4 lines
02-05 17:12:27.563 26551 26565 E ActivityThread: Failed to find provider info for com.amazon.dcp.settings
02-05 17:12:27.646   939  2584 I chatty  : uid=1000(system) Binder:939_B expire 1 line
02-05 17:12:27.667   939  5221 I chatty  : uid=1000(system) Binder:939_19 expire 3 lines
02-05 17:12:27.909   939  2730 I chatty  : uid=1000(system) Binder:939_D expire 6 lines
02-05 17:12:28.320   939  5917 I chatty  : uid=1000(system) Binder:939_20 expire 10 lines
02-05 17:12:29.000 26723 26778 E ActivityThread: Failed to find provider info for com.amazon.dcp.settings
02-05 17:12:30.094   939  1152 I chatty  : uid=1000(system) PowerManagerSer expire 14 lines
02-05 17:12:32.197 26723 27132 W ActivityThread: ClassLoader.getResources: The class loader returned by Thread.getContextClassLoader() may fail for processes that host multiple applications. You should explicitly specify a context class loader. For example: Thread.setContextClassLoader(getClass().getClassLoader());
02-05 17:12:35.140   939  1840 I chatty  : uid=1000(system) Binder:939_5 expire 1 line
02-05 17:12:41.563   939  1696 I chatty  : uid=1000(system) AlarmManager expire 1 line
02-05 17:13:29.267   939 16356 I chatty  : uid=1000(system) Binder:939_17 expire 2 lines
02-05 17:13:49.470   939  1725 I chatty  : uid=1000(system) NetworkPolicy expire 3 lines
02-05 17:18:23.620 24710 24710 W ViewRootImpl[MainActivity]: Dropping event due to root view being removed: MotionEvent { action=ACTION_MOVE, actionButton=0, id[0]=0, x[0]=537.60095, y[0]=1434.2336, toolType[0]=TOOL_TYPE_FINGER, buttonState=0, metaState=0, flags=0x0, edgeFlags=0x0, pointerCount=1, historySize=3, eventTime=883407501, downTime=883407473, deviceId=5, source=0x1002 }
02-05 17:19:38.119   939  1791 I chatty  : uid=1000(system) Binder:939_3 expire 1 line
02-05 17:20:09.909   939  5275 I chatty  : uid=1000(system) Binder:939_10 expire 4 lines
02-05 17:20:09.947   939  1137 I chatty  : uid=1000(system) batterystats-wo expire 5 lines
02-05 17:20:23.063 24710 24710 W ViewRootImpl[MainActivity]: Dropping event due to root view being removed: MotionEvent { action=ACTION_MOVE, actionButton=0, id[0]=0, x[0]=385.70645, y[0]=870.3368, toolType[0]=TOOL_TYPE_FINGER, buttonState=0, metaState=0, flags=0x0, edgeFlags=0x0, pointerCount=1, historySize=0, eventTime=883526964, downTime=883526959, deviceId=5, source=0x1002 }
02-05 17:20:27.745   939  1696 I chatty  : uid=1000(system) AlarmManager expire 1 line
02-05 17:20:27.882   939  2730 I chatty  : uid=1000(system) Binder:939_D expire 7 lines
02-05 17:20:28.257 27545 27617 E ActivityThread: Failed to find provider info for com.amazon.dcp.settings
02-05 17:20:29.591   939  1702 I chatty  : uid=1000(system) InputDispatcher expire 1 line
02-05 17:20:33.783   939  5225 I chatty  : uid=1000(system) Binder:939_F expire 4 lines
02-05 17:20:34.682   939  1989 I chatty  : uid=1000(system) Binder:939_6 expire 8 lines
02-05 17:20:35.006   939  5227 I chatty  : uid=1000(system) Binder:939_1B expire 4 lines
02-05 17:20:41.263   939  1725 I chatty  : uid=1000(system) NetworkPolicy expire 30 lines
02-05 17:20:47.200   939  1791 I chatty  : uid=1000(system) Binder:939_3 expire 3 lines
02-05 17:20:47.215   939  5278 I chatty  : uid=1000(system) Binder:939_12 expire 1 line
02-05 17:20:48.257   939  1119 I chatty  : uid=1000(system) ActivityManager expire 11 lines
02-05 17:20:49.578   939  1117 I chatty  : uid=1000(system) android.bg expire 3 lines
02-05 17:20:49.608   939  1733 I chatty  : uid=1000(system) ConnectivitySer expire 3 lines
02-05 17:20:53.176   939 11704 I chatty  : uid=1000(system) Binder:939_14 expire 6 lines
02-05 17:20:53.393   939  5442 I chatty  : uid=1000(system) Binder:939_1C expire 4 lines
02-05 17:20:53.417   939  2717 I chatty  : uid=1000(system) Binder:939_C expire 4 lines
02-05 17:20:54.683   939 16357 I chatty  : uid=1000(system) Binder:939_18 expire 3 lines
02-05 17:20:55.721   939  1840 I chatty  : uid=1000(system) Binder:939_5 expire 2 lines
02-05 17:20:55.794   939  1150 I chatty  : uid=1000(system) android.display expire 2 lines
02-05 17:21:01.233   939 16354 I chatty  : uid=1000(system) Binder:939_15 expire 3 lines
02-05 17:22:54.987 27870 27899 E ActivityThread: Failed to find provider info for com.motorola.ccc.cce.datausage
02-05 17:24:20.117   939  2584 I chatty  : uid=1000(system) Binder:939_B expire 1 line
02-05 17:24:20.135   939   952 I chatty  : uid=1000(system) Binder:939_2 expire 1 line
02-05 17:24:20.143   939 16356 I chatty  : uid=1000(system) Binder:939_17 expire 1 line
02-05 17:24:20.234   939  5221 I chatty  : uid=1000(system) Binder:939_19 expire 1 line
02-05 17:24:20.242   939 16355 I chatty  : uid=1000(system) Binder:939_16 expire 1 line
02-05 17:24:20.472   939  5279 I chatty  : uid=1000(system) Binder:939_13 expire 2 lines
02-05 17:24:26.623   939   939 I chatty  : uid=1000 system_server expire 1 line
02-05 17:24:27.832   939  5226 I chatty  : uid=1000(system) Binder:939_1A expire 1 line
02-05 17:24:28.239   939   951 I chatty  : uid=1000(system) Binder:939_1 expire 1 line
02-05 17:24:37.244   939  1725 I chatty  : uid=1000(system) NetworkPolicy expire 24 lines
02-05 17:26:20.039   939  1119 I chatty  : uid=1000(system) ActivityManager expire 10 lines
02-05 17:27:50.546   939  2730 I chatty  : uid=1000(system) Binder:939_D expire 2 lines
02-05 17:28:05.617   939 16355 I chatty  : uid=1000(system) Binder:939_16 expire 1 line
02-05 17:28:46.167   939   951 I chatty  : uid=1000(system) Binder:939_1 expire 4 lines
02-05 17:29:40.090   939  5226 I chatty  : uid=1000(system) Binder:939_1A expire 5 lines
02-05 17:29:57.530   939  1117 I chatty  : uid=1000(system) android.bg expire 2 lines
02-05 17:30:33.607   939  5225 I chatty  : uid=1000(system) Binder:939_F expire 2 lines
02-05 17:30:33.932   939  1840 I chatty  : uid=1000(system) Binder:939_5 expire 3 lines
02-05 17:30:34.522   939 16357 I chatty  : uid=1000(system) Binder:939_18 expire 6 lines
02-05 17:30:35.225   939  5221 I chatty  : uid=1000(system) Binder:939_19 expire 2 lines
02-05 17:30:35.517 29125 29125 E SchedPolicy: set_timerslack_ns write failed: Operation not permitted
02-05 17:30:35.565   939 11704 I chatty  : uid=1000(system) Binder:939_14 expire 4 lines
02-05 17:30:35.676   939  2222 I chatty  : uid=1000(system) Binder:939_9 expire 1 line
02-05 17:30:35.677   939  1733 I chatty  : uid=1000(system) ConnectivitySer expire 1 line
02-05 17:30:35.679   939  1150 I chatty  : uid=1000(system) android.display expire 8 lines
02-05 17:30:35.868   939  5916 I chatty  : uid=1000(system) Binder:939_1F expire 8 lines
02-05 17:30:35.929   939  5275 I chatty  : uid=1000(system) Binder:939_10 expire 14 lines
02-05 17:30:35.975   939  1992 I chatty  : uid=1000(system) Binder:939_8 expire 5 lines
02-05 17:30:36.070   939  5442 I chatty  : uid=1000(system) Binder:939_1C expire 3 lines
02-05 17:30:36.148 16155 16155 E ActivityThread: Failed to find provider info for com.google.android.ims.rcs.contacts
02-05 17:30:36.726   939  5915 I chatty  : uid=1000(system) Binder:939_1E expire 4 lines
02-05 17:30:36.728   939  5279 I chatty  : uid=1000(system) Binder:939_13 expire 2 lines
02-05 17:30:37.210   939  1137 I chatty  : uid=1000(system) batterystats-wo expire 1 line
02-05 17:30:37.670   939  1989 I chatty  : uid=1000(system) Binder:939_6 expire 1 line
02-05 17:30:38.092   939 16356 I chatty  : uid=1000(system) Binder:939_17 expire 4 lines
02-05 17:30:38.112   939  1810 I chatty  : uid=1000(system) Binder:939_4 expire 2 lines
02-05 17:30:38.425   939  5277 I chatty  : uid=1000(system) Binder:939_11 expire 2 lines
02-05 17:30:38.646 29419 29434 W ContextImpl: Calling a method in the system process without a qualified user: android.app.ContextImpl.bindService:1556 android.content.ContextWrapper.bindService:684 com.google.android.gms.common.stats.zza.zza:17 com.google.android.gms.common.internal.zzah.zzcr:22 com.google.android.gms.common.internal.zzag.zza:55 
02-05 17:30:38.714 29419 29434 W ContextImpl: Calling a method in the system process without a qualified user: android.app.ContextImpl.bindService:1556 android.content.ContextWrapper.bindService:684 com.google.android.gms.common.stats.zza.zza:17 com.google.android.gms.common.internal.zzah.zzcr:22 com.google.android.gms.common.internal.zzag.zza:55 
02-05 17:31:29.018   939  1725 I chatty  : uid=1000(system) NetworkPolicy expire 3 lines
02-05 17:32:30.584   939 16354 I chatty  : uid=1000(system) Binder:939_15 expire 4 lines
02-05 17:33:00.009   939   939 I chatty  : uid=1000 system_server expire 9 lines
02-05 17:33:54.305   939  1703 I chatty  : uid=1000(system) InputReader expire 1 line
02-05 17:33:54.862   939  1152 I chatty  : uid=1000(system) PowerManagerSer expire 13 lines
02-05 17:33:55.149   939  1148 I chatty  : uid=1000(system) android.fg expire 1 line
02-05 17:36:47.328 29996 30022 D ActivityThread: Loading provider com.google.android.gmail.provider;com.android.mail.notifier;com.google.android.gm.email.provider;com.google.android.gm.tasks.provider;com.google.android.gm.email.notifier: com.android.email.provider.EmailProvider
02-05 17:36:47.475   939  5917 I chatty  : uid=1000(system) Binder:939_20 expire 2 lines
02-05 17:37:31.287   939  1119 I chatty  : uid=1000(system) ActivityManager expire 1 line
02-05 17:37:31.311   939  2076 I chatty  : uid=1000(system) BluetoothRouteM expire 1 line
02-05 17:37:31.311   939  2077 I chatty  : uid=1000(system) uteStateMachine expire 6 lines
02-05 17:37:31.478 30140 30187 E ActivityThread: Failed to find provider info for com.amazon.dcp.settings
02-05 17:37:32.953   939  2584 I chatty  : uid=1000(system) Binder:939_B expire 5 lines
02-05 17:37:33.395   939 16357 I chatty  : uid=1000(system) Binder:939_18 expire 1 line
02-05 17:37:33.557   939  5277 I chatty  : uid=1000(system) Binder:939_11 expire 8 lines
02-05 17:37:35.469   939  1152 I chatty  : uid=1000(system) PowerManagerSer expire 13 lines
02-05 17:37:35.471   939  1150 I chatty  : uid=1000(system) android.display expire 6 lines
02-05 17:37:35.482   939  1989 I chatty  : uid=1000(system) Binder:939_6 expire 5 lines
02-05 17:37:36.678   939  5916 I chatty  : uid=1000(system) Binder:939_1F expire 6 lines
02-05 17:39:10.971   939  1119 I chatty  : uid=1000(system) ActivityManager expire 9 lines
02-05 17:39:10.977   939   939 I chatty  : uid=1000 system_server expire 10 lines
02-05 17:39:11.281   939  5225 I chatty  : uid=1000(system) Binder:939_F expire 4 lines
02-05 17:41:33.522   979   979 W wificond: Failed to get NL80211_ATTR_STATUS_CODE
02-05 17:41:33.966   939  1992 I chatty  : uid=1000(system) Binder:939_8 expire 5 lines
02-05 17:41:38.586   979   979 W wificond: Failed to get NL80211_ATTR_STATUS_CODE
02-05 17:41:49.936   979   979 W wificond: Failed to get NL80211_ATTR_STATUS_CODE
02-05 17:44:39.993   939  1725 I chatty  : uid=1000(system) NetworkPolicy expire 6 lines
02-05 17:44:40.032   939  1117 I chatty  : uid=1000(system) android.bg expire 1 line
02-05 17:44:40.476   939 16356 I chatty  : uid=1000(system) Binder:939_17 expire 9 lines
02-05 17:45:47.045   939  5443 I chatty  : uid=1000(system) Binder:939_1D expire 11 lines
02-05 17:47:43.229   939  1733 I chatty  : uid=1000(system) ConnectivitySer expire 4 lines
02-05 17:47:43.708 16155 16155 E ActivityThread: Failed to find provider info for com.google.android.ims.rcs.contacts
02-05 17:47:43.812   939  5275 I chatty  : uid=1000(system) Binder:939_10 expire 6 lines
02-05 17:50:07.731 30807 30807 D ActivityThread: Loading provider com.whatsapp.provider.contact: com.whatsapp.contact.ContactProvider
02-05 17:51:28.042   939  1120 I chatty  : uid=1000(system) android.ui expire 1 line
02-05 17:54:45.057   939  1696 I chatty  : uid=1000(system) AlarmManager expire 1 line
02-05 17:56:28.930   939  5917 I chatty  : uid=1000(system) Binder:939_20 expire 2 lines
02-05 18:09:51.161   939  1137 I chatty  : uid=1000(system) batterystats-wo expire 1 line
02-05 18:15:22.557   939  5279 I chatty  : uid=1000(system) Binder:939_13 expire 6 lines
02-05 18:15:36.712   979   979 W wificond: Failed to get NL80211_ATTR_STATUS_CODE
02-05 18:15:36.761   939 16354 I chatty  : uid=1000(system) Binder:939_15 expire 1 line
02-05 18:15:39.977   939  1791 I chatty  : uid=1000(system) Binder:939_3 expire 5 lines
02-05 18:16:43.684   939  5442 I chatty  : uid=1000(system) Binder:939_1C expire 1 line
02-05 18:16:43.751   979   979 W wificond: Failed to get NL80211_ATTR_STATUS_CODE
02-05 18:16:43.838   939  1152 I chatty  : uid=1000(system) PowerManagerSer expire 3 lines
02-05 18:16:43.839   939  1148 I chatty  : uid=1000(system) android.fg expire 3 lines
02-05 18:16:44.141 10298 11166 E ActivityThread: Failed to find provider info for com.google.android.gms.common.phenotype
02-05 18:17:05.724 16155 16155 E ActivityThread: Failed to find provider info for com.google.android.ims.rcs.contacts
02-05 18:17:06.970   939  1702 I chatty  : uid=1000(system) InputDispatcher expire 1 line
02-05 18:17:08.973   939  1810 I chatty  : uid=1000(system) Binder:939_4 expire 4 lines
02-05 18:17:10.020   939  1119 I chatty  : uid=1000(system) ActivityManager expire 8 lines
02-05 18:17:10.252   939  5277 I chatty  : uid=1000(system) Binder:939_11 expire 5 lines
02-05 18:17:11.397   939  1683 I chatty  : uid=1000(system) android.anim expire 1 line
02-05 18:17:11.403   939  1992 I chatty  : uid=1000(system) Binder:939_8 expire 1 line
02-05 18:17:11.442   939 16356 I chatty  : uid=1000(system) Binder:939_17 expire 1 line
02-05 18:17:11.570   939 16354 I chatty  : uid=1000(system) Binder:939_15 expire 3 lines
02-05 18:17:49.372   939  1703 I chatty  : uid=1000(system) InputReader expire 2 lines
02-05 18:17:49.459   939   939 I chatty  : uid=1000 system_server expire 11 lines
02-05 18:17:49.696   939  2222 I chatty  : uid=1000(system) Binder:939_9 expire 3 lines
02-05 18:17:49.984   939  1152 I chatty  : uid=1000(system) PowerManagerSer expire 25 lines
02-05 18:17:50.124   939  1150 I chatty  : uid=1000(system) android.display expire 11 lines
02-05 18:17:50.292   939  1148 I chatty  : uid=1000(system) android.fg expire 5 lines
02-05 18:17:50.420   939  5915 I chatty  : uid=1000(system) Binder:939_1E expire 3 lines
02-05 18:17:51.763   939 16355 I chatty  : uid=1000(system) Binder:939_16 expire 3 lines
02-05 18:18:08.534   979   979 W wificond: Failed to get NL80211_ATTR_STATUS_CODE
02-05 18:18:08.612   939  5443 I chatty  : uid=1000(system) Binder:939_1D expire 6 lines
02-05 18:18:50.473   979   979 W wificond: Failed to get NL80211_ATTR_STATUS_CODE
02-05 18:18:50.501   939  5279 I chatty  : uid=1000(system) Binder:939_13 expire 4 lines
02-05 18:19:19.160   979   979 W wificond: Failed to get NL80211_ATTR_STATUS_CODE
02-05 18:19:19.232   939  5227 I chatty  : uid=1000(system) Binder:939_1B expire 2 lines
02-05 18:19:21.772   979   979 W wificond: Failed to get NL80211_ATTR_STATUS_CODE
02-05 18:19:50.877   979   979 W wificond: Failed to get NL80211_ATTR_STATUS_CODE
02-05 18:19:52.478   939  5275 I chatty  : uid=1000(system) Binder:939_10 expire 3 lines
02-05 18:20:05.657   939  1791 I chatty  : uid=1000(system) Binder:939_3 expire 3 lines
02-05 18:20:50.930   939  1696 I chatty  : uid=1000(system) AlarmManager expire 1 line
02-05 18:20:51.336 31765 31799 E ActivityThread: Failed to find provider info for com.amazon.dcp.settings
02-05 18:26:01.750   939 16357 I chatty  : uid=1000(system) Binder:939_18 expire 2 lines
02-05 18:26:04.744   979   979 W wificond: Failed to get NL80211_ATTR_STATUS_CODE
02-05 18:26:05.807   939  2730 I chatty  : uid=1000(system) Binder:939_D expire 2 lines
02-05 18:26:11.985   979   979 W wificond: Failed to get NL80211_ATTR_STATUS_CODE
02-05 18:26:17.342   979   979 W wificond: Failed to get NL80211_ATTR_STATUS_CODE
02-05 18:26:21.411   979   979 W wificond: Failed to get NL80211_ATTR_STATUS_CODE
02-05 18:27:27.128   979   979 W wificond: Failed to get NL80211_ATTR_STATUS_CODE
02-05 18:27:44.031   979   979 W wificond: Failed to get NL80211_ATTR_STATUS_CODE
02-05 18:27:45.156   939  1152 I chatty  : uid=1000(system) PowerManagerSer expire 6 lines
02-05 18:27:45.174   939  2731 I chatty  : uid=1000(system) Binder:939_E expire 5 lines
02-05 18:27:46.527   939  5278 I chatty  : uid=1000(system) Binder:939_12 expire 8 lines
02-05 18:30:31.356   939  1117 I chatty  : uid=1000(system) android.bg expire 1 line
02-05 18:30:31.538 32081 32134 D ActivityThread: Loading provider com.google.android.gmail.provider;com.android.mail.notifier;com.google.android.gm.email.provider;com.google.android.gm.tasks.provider;com.google.android.gm.email.notifier: com.android.email.provider.EmailProvider
02-05 18:30:31.710   939  1991 I chatty  : uid=1000(system) Binder:939_7 expire 1 line
02-05 18:32:31.159   939   939 I chatty  : uid=1000 system_server expire 1 line
02-05 18:34:09.582   939  1733 I chatty  : uid=1000(system) ConnectivitySer expire 7 lines
02-05 18:34:10.074   939  1810 I chatty  : uid=1000(system) Binder:939_4 expire 2 lines
02-05 18:34:10.078   939  5278 I chatty  : uid=1000(system) Binder:939_12 expire 12 lines
02-05 18:34:10.084   939  5275 I chatty  : uid=1000(system) Binder:939_10 expire 6 lines
02-05 18:34:10.112   939  5277 I chatty  : uid=1000(system) Binder:939_11 expire 9 lines
02-05 18:34:10.136   939  1150 I chatty  : uid=1000(system) android.display expire 6 lines
02-05 18:34:10.147   939  5443 I chatty  : uid=1000(system) Binder:939_1D expire 2 lines
02-05 18:34:10.270 16155 16155 E ActivityThread: Failed to find provider info for com.google.android.ims.rcs.contacts
02-05 18:36:00.101   939  5916 I chatty  : uid=1000(system) Binder:939_1F expire 5 lines
02-05 18:36:41.650   939  1119 I chatty  : uid=1000(system) ActivityManager expire 8 lines
02-05 18:38:27.733   939  1117 I chatty  : uid=1000(system) android.bg expire 1 line
02-05 18:38:46.412   939  1989 I chatty  : uid=1000(system) Binder:939_6 expire 1 line
02-05 18:41:41.319   939  5917 I chatty  : uid=1000(system) Binder:939_20 expire 5 lines
02-05 18:42:00.078   939  5442 I chatty  : uid=1000(system) Binder:939_1C expire 5 lines
02-05 18:43:44.309   939  1725 I chatty  : uid=1000(system) NetworkPolicy expire 6 lines
02-05 18:45:15.124   939   939 I chatty  : uid=1000 system_server expire 9 lines
02-05 18:45:48.025   939  2584 I chatty  : uid=1000(system) Binder:939_B expire 5 lines
02-05 18:45:48.803   939  1137 I chatty  : uid=1000(system) batterystats-wo expire 3 lines
02-05 18:54:02.035   939  1696 I chatty  : uid=1000(system) AlarmManager expire 2 lines
02-05 18:56:09.707   939 16357 I chatty  : uid=1000(system) Binder:939_18 expire 2 lines
02-05 18:56:46.200   939  1152 I chatty  : uid=1000(system) PowerManagerSer expire 8 lines
02-05 18:56:47.378   939  5227 I chatty  : uid=1000(system) Binder:939_1B expire 3 lines
02-05 18:56:59.896   939  2509 I chatty  : uid=1000(system) Binder:939_A expire 1 line
02-05 19:01:27.989   939  1120 I chatty  : uid=1000(system) android.ui expire 3 lines
02-05 19:12:43.205   939  5226 I chatty  : uid=1000(system) Binder:939_1A expire 6 lines
02-05 19:20:19.891  1500  1500 E ActivityThread: Failed to find provider info for com.google.android.ims.rcs.contacts
02-05 19:20:37.045   939  2731 I chatty  : uid=1000(system) Binder:939_E expire 3 lines
02-05 19:20:37.154  1500  1500 E ActivityThread: Failed to find provider info for com.google.android.ims.rcs.contacts
02-05 19:20:37.339  1576  1650 E ActivityThread: Failed to find provider info for com.amazon.dcp.settings
02-05 19:22:16.908   939 16354 I chatty  : uid=1000(system) Binder:939_15 expire 1 line
02-05 19:22:17.615   939 16356 I chatty  : uid=1000(system) Binder:939_17 expire 1 line
02-05 19:22:17.686   939  5278 I chatty  : uid=1000(system) Binder:939_12 expire 3 lines
02-05 19:22:18.695   939 11704 I chatty  : uid=1000(system) Binder:939_14 expire 2 lines
02-05 19:22:18.810   939  1700 I chatty  : uid=1000(system) HwBinder:939_1 expire 1 line
02-05 19:22:18.810   939  1148 I chatty  : uid=1000(system) android.fg expire 2 lines
02-05 19:22:18.869   939 11704 I chatty  : uid=1000(system) Binder:939_14 expire 2 lines
02-05 19:22:18.870   939  5278 I chatty  : uid=1000(system) Binder:939_12 expire 7 lines
02-05 19:22:18.912   939  1119 I chatty  : uid=1000(system) ActivityManager expire 12 lines
02-05 19:22:19.104   939  5275 I chatty  : uid=1000(system) Binder:939_10 expire 10 lines
02-05 19:22:19.217   939  1840 I chatty  : uid=1000(system) Binder:939_5 expire 9 lines
02-05 19:22:19.228   939  5279 I chatty  : uid=1000(system) Binder:939_13 expire 4 lines
02-05 19:22:19.383   939  2222 I chatty  : uid=1000(system) Binder:939_9 expire 2 lines
02-05 19:22:19.387   939  1733 I chatty  : uid=1000(system) ConnectivitySer expire 4 lines
02-05 19:22:19.602  2398  2398 E SchedPolicy: set_timerslack_ns write failed: Operation not permitted
02-05 19:22:19.679   939  5915 I chatty  : uid=1000(system) Binder:939_1E expire 2 lines
02-05 19:22:19.818   939  5917 I chatty  : uid=1000(system) Binder:939_20 expire 5 lines
02-05 19:22:19.934   939  1791 I chatty  : uid=1000(system) Binder:939_3 expire 7 lines
02-05 19:22:20.175   939  1989 I chatty  : uid=1000(system) Binder:939_6 expire 1 line
02-05 19:22:20.182   939  2717 I chatty  : uid=1000(system) Binder:939_C expire 5 lines
02-05 19:22:20.241   939  1137 I chatty  : uid=1000(system) batterystats-wo expire 1 line
02-05 19:22:20.264   939   951 I chatty  : uid=1000(system) Binder:939_1 expire 3 lines
02-05 19:22:22.264   939  1992 I chatty  : uid=1000(system) Binder:939_8 expire 7 lines
02-05 19:22:22.645   939  5277 I chatty  : uid=1000(system) Binder:939_11 expire 4 lines
02-05 19:22:22.728  1500  1500 E ActivityThread: Failed to find provider info for com.google.android.ims.rcs.contacts
02-05 19:22:23.023   939  1810 I chatty  : uid=1000(system) Binder:939_4 expire 2 lines
02-05 19:22:23.207  1500  1500 E ActivityThread: Failed to find provider info for com.google.android.ims.rcs.contacts
02-05 19:22:23.415   939  1991 I chatty  : uid=1000(system) Binder:939_7 expire 4 lines
02-05 19:22:24.299   939  2730 I chatty  : uid=1000(system) Binder:939_D expire 5 lines
02-05 19:22:24.475   939  5227 I chatty  : uid=1000(system) Binder:939_1B expire 4 lines
02-05 19:22:30.414   939   939 I chatty  : uid=1000 system_server expire 6 lines
02-05 19:22:48.286   939  1725 I chatty  : uid=1000(system) NetworkPolicy expire 6 lines
02-05 19:23:15.420   939  5225 I chatty  : uid=1000(system) Binder:939_F expire 4 lines
02-05 19:25:31.801   939  5916 I chatty  : uid=1000(system) Binder:939_1F expire 4 lines
02-05 19:25:53.539   939  5443 I chatty  : uid=1000(system) Binder:939_1D expire 1 line
02-05 19:25:53.671  1500  1500 E ActivityThread: Failed to find provider info for com.google.android.ims.rcs.contacts
02-05 19:25:53.715   939 16357 I chatty  : uid=1000(system) Binder:939_18 expire 2 lines
02-05 19:30:39.713  3414  3414 D ActivityThread: Loading provider com.whatsapp.provider.contact: com.whatsapp.contact.ContactProvider
02-05 19:33:07.818   939  2509 I chatty  : uid=1000(system) Binder:939_A expire 6 lines
02-05 19:34:10.480   939  1117 I chatty  : uid=1000(system) android.bg expire 4 lines
