02-05 20:07:34.232   939 11704 I ActivityManager: Start proc 9503:android.process.media/u0a15 for content provider com.android.providers.media/.MediaProvider
02-05 20:07:34.362   939  2731 I ActivityManager: Killing 7155:com.bambuna.podcastaddict/u0a157 (adj 906): empty #17
02-05 20:07:34.363   939  2731 I ActivityManager: Killing 6925:com.verisign.mvip.main/u0a346 (adj 906): empty #18
02-05 20:07:45.480   939   939 I Telecom : DefaultDialerCache: Refreshing default dialer for user 0: now com.google.android.dialer: DDC.oR@WV8
02-05 20:07:56.762   939 11704 I Telecom : PhoneAccountRegistrar: SimCallManager queried, returning: null: TSI.gSCM@WWA
02-05 20:07:56.792   939 11704 I Telecom : PhoneAccountRegistrar: SimCallManager queried, returning: null: TSI.gSCM@WWI
02-05 20:08:00.012   939   939 I ActivityManager: Killing 6854:com.facebook.katana/u0a166 (adj 906): empty #17
02-05 20:08:26.612   939  1119 I ActivityManager: Start proc 9547:jonathan.veg.poloniextracker/u0a309 for broadcast jonathan.veg.poloniextracker/.widget.CoinWidgetProvider
02-05 20:08:26.742   939  1117 I ActivityManager: Start proc 9562:com.whatsapp/u0a218 for service com.whatsapp/.contact.sync.ContactsSyncAdapterService
02-05 20:08:26.879   939 16355 I ActivityManager: Killing 6964:com.smartthings.android/u0a356 (adj 906): empty #17
02-05 20:08:26.898  9562  9562 D ActivityThread: Loading provider com.whatsapp.provider.contact: com.whatsapp.contact.ContactProvider
02-05 20:08:27.167   939  5443 I ActivityManager: Start proc 9668:android.process.acore/u0a21 for content provider com.android.providers.contacts/.ContactsProvider2
02-05 20:08:27.351   939  5443 I ActivityManager: Killing 7023:com.williamking.whattheforecast/u0a252 (adj 906): empty #17
02-05 20:08:42.803   939  1119 I ActivityManager: Waited long enough for: ServiceRecord{8094def u0 com.whatsapp/.messaging.MessageService}
02-05 20:11:25.621   939  5443 I ActivityManager: Start proc 9765:com.yahoo.mobile.client.android.sportacular/u0a235 for service com.yahoo.mobile.client.android.sportacular/com.firebase.jobdispatcher.GooglePlayReceiver
02-05 20:11:50.391   939  5917 I ActivityManager: Killing 8031:com.starbucks.mobilecard/u0a327 (adj 906): empty #17
02-05 20:11:53.303   939  1117 I ActivityManager: Start proc 9865:com.google.android.gm/u0a79 for service com.google.android.gm/.provider.MailSyncAdapterService
02-05 20:11:53.442  9865  9889 D ActivityThread: Loading provider com.google.android.gmail.provider;com.android.mail.notifier;com.google.android.gm.email.provider;com.google.android.gm.tasks.provider;com.google.android.gm.email.notifier: com.android.email.provider.EmailProvider
02-05 20:11:53.556   939  2584 W ActivityManager: Unable to start service Intent { cmp=com.google.android.gm/com.android.email.service.AttachmentService } U=0: not found
02-05 20:11:53.558   939  2584 W ActivityManager: Unable to start service Intent { cmp=com.google.android.gm.exchange/com.android.exchange.service.EasService } U=0: not found
02-05 20:11:53.599   939  2584 W ActivityManager: Unable to start service Intent { cmp=com.google.android.gm.exchange/com.android.exchange.service.EasService } U=0: not found
02-05 20:12:18.674   939  5916 I ActivityManager: Killing 8717:com.android.chrome:sandboxed_process0/u0a357i877 (adj 906): empty #17
02-05 20:12:18.706   939  2584 W ActivityManager: Scheduling restart of crashed service com.amazon.mShop.android.shopping/org.chromium.content.app.SandboxedProcessService0 in 1000ms
02-05 20:12:18.803   939  1137 D KernelUidCpuTimeReader: Removing uids 99877-99877
02-05 20:12:33.300   939  5443 I ActivityManager: Start proc 9966:com.google.android.gms.learning/u0a17 for service com.google.android.gms/.learning.training.background.TrainingGcmTaskService
02-05 20:13:07.707   939  5443 I ActivityManager: Killing 8693:com.amazon.mShop.android.shopping/u0a357 (adj 906): empty #17
02-05 20:13:07.768   939  5916 D ConnectivityService: ConnectivityService NetworkRequestInfo binderDied(NetworkRequest [ LISTEN id=5773, [ Capabilities: INTERNET&NOT_RESTRICTED&TRUSTED&FOREGROUND] ], android.os.BinderProxy@8420dcf)
02-05 20:13:07.769   939  5227 D ConnectivityService: ConnectivityService NetworkRequestInfo binderDied(NetworkRequest [ LISTEN id=5772, [ Capabilities: INTERNET&NOT_RESTRICTED&TRUSTED&FOREGROUND] ], android.os.BinderProxy@16f235c)
02-05 20:13:15.417   939   939 I ActivityManager: Start proc 10086:com.google.android.partnersetup/u0a53 for service com.google.android.partnersetup/.InstalledAppJobService
02-05 20:13:57.004   939  1725 D NetworkStats: Resolving plan for NetworkTemplate: matchRule=MOBILE_ALL, subscriberId=310410..., matchSubscriberIds=[310410...]
02-05 20:13:57.008   939  1725 D NetworkStats: Found active matching subId 1
02-05 20:13:57.017   939  1725 D NetworkStats: Resolved to plan null
02-05 20:14:00.008   939   939 I ActivityManager: Killing 9270:com.amazon.venezia/u0a366 (adj 906): empty #17
02-05 20:15:13.724   939   939 I BackupManagerService: Beginning scheduled full backup operation
02-05 20:15:13.748   939   939 D PFTBT   : backupmanager pftbt token=38824b0b
02-05 20:15:13.750   939 10241 I PFTBT   : Initiating full-data transport backup of com.google.android.carriersetup token: 948062987
02-05 20:15:13.764   939 10241 I PFTBT   : Transport rejected backup of com.google.android.carriersetup, skipping
02-05 20:15:13.764   939 10241 I PFTBT   : Unbinding agent in com.google.android.carriersetup
02-05 20:15:13.766   939 10241 W ActivityManager: Unbinding backup agent with no active backup
02-05 20:15:13.766   939 10241 I PFTBT   : Full backup completed with status: 0
02-05 20:15:13.775   939 10241 I BackupManagerService: Full data backup pass finished.
02-05 20:15:16.323   939   939 I BackupManagerService: Beginning scheduled full backup operation
02-05 20:15:16.325   939   939 D PFTBT   : backupmanager pftbt token=3994630d
02-05 20:15:16.328   939 10244 I PFTBT   : Initiating full-data transport backup of com.android.cts.priv.ctsshim token: 966025997
02-05 20:15:16.348   939 10244 I PFTBT   : Transport rejected backup of com.android.cts.priv.ctsshim, skipping
02-05 20:15:16.348   939 10244 I PFTBT   : Unbinding agent in com.android.cts.priv.ctsshim
02-05 20:15:16.353   939 10244 W ActivityManager: Unbinding backup agent with no active backup
02-05 20:15:16.355   939 10244 I PFTBT   : Full backup completed with status: 0
02-05 20:15:16.357   939 10244 I BackupManagerService: Full data backup pass finished.
02-05 20:15:18.871   939   939 I BackupManagerService: Beginning scheduled full backup operation
02-05 20:15:18.873   939   939 D PFTBT   : backupmanager pftbt token=6e8ec20f
02-05 20:15:18.877   939 10245 I PFTBT   : Initiating full-data transport backup of com.google.android.ext.services token: 1854849551
02-05 20:15:18.893   939 10245 I PFTBT   : Transport rejected backup of com.google.android.ext.services, skipping
02-05 20:15:18.894   939 10245 I PFTBT   : Unbinding agent in com.google.android.ext.services
02-05 20:15:18.894   939 10245 W ActivityManager: Unbinding backup agent with no active backup
02-05 20:15:18.894   939 10245 I PFTBT   : Full backup completed with status: 0
02-05 20:15:18.904   939 10245 I BackupManagerService: Full data backup pass finished.
02-05 20:15:21.454   939   939 I BackupManagerService: Beginning scheduled full backup operation
02-05 20:15:21.457   939   939 D PFTBT   : backupmanager pftbt token=76161611
02-05 20:15:21.461   939 10247 I PFTBT   : Initiating full-data transport backup of com.android.providers.telephony token: 1981158929
02-05 20:15:21.611   939 10248 D BackupManagerService: awaiting agent for ApplicationInfo{a435d9a com.android.providers.telephony}
02-05 20:15:21.698   939 16356 D BackupManagerService: agentConnected pkg=com.android.providers.telephony agent=android.os.BinderProxy@39be2a0
02-05 20:15:21.699   939 10248 I BackupManagerService: got agent android.app.IBackupAgent$Stub$Proxy@2c6e59
02-05 20:15:42.124   939   939 I ActivityManager: Start proc 10252:com.nytimes.android/u0a284 for service com.nytimes.android/com.evernote.android.job.v21.PlatformJobService
02-05 20:15:42.302   939  2509 I ActivityManager: Start proc 10277:com.facebook.katana/u0a166 for content provider com.facebook.katana/com.facebook.platform.common.provider.PlatformProviderBase
02-05 20:15:47.971   939  1119 W BroadcastQueue: Permission Denial: broadcasting Intent { act=android.net.conn.CONNECTIVITY_CHANGE flg=0x4000010 (has extras) } from null (pid=-1, uid=-1) requires com.facebook.permission.prod.FB_APP_COMMUNICATION due to registered receiver BroadcastFilter{e7bddc0 u0 ReceiverList{7a56343 10277 com.facebook.katana/10166/u0 remote:84150f2}}
02-05 20:15:47.971   939  1119 W BroadcastQueue: Permission Denial: broadcasting Intent { act=android.net.conn.INET_CONDITION_ACTION flg=0x4000010 (has extras) } from null (pid=-1, uid=-1) requires com.facebook.permission.prod.FB_APP_COMMUNICATION due to registered receiver BroadcastFilter{e7bddc0 u0 ReceiverList{7a56343 10277 com.facebook.katana/10166/u0 remote:84150f2}}
02-05 20:15:48.041   939  1119 W BroadcastQueue: Permission Denial: broadcasting Intent { act=android.net.conn.CONNECTIVITY_CHANGE flg=0x4000010 (has extras) } from null (pid=-1, uid=-1) requires com.facebook.permission.prod.FB_APP_COMMUNICATION due to registered receiver BroadcastFilter{1f60c4a u0 ReceiverList{d4c6db5 10277 com.facebook.katana/10166/u0 remote:22115ec}}
02-05 20:15:52.543   939 16357 I ActivityManager: Killing 9383:com.google.android.apps.walletnfcrel/u0a256 (adj 906): empty #17
02-05 20:16:07.694   939  5279 I ActivityManager: Killing 9432:com.google.android.talk/u0a134 (adj 906): empty #17
02-05 20:16:26.923   939  2730 I ActivityManager: Start proc 10434:com.android.providers.calendar/u0a62 for content provider com.android.providers.calendar/.CalendarProvider2
02-05 20:16:55.044   939 10248 I BackupRestoreController: Getting widget state for user: 0
02-05 20:16:55.045   939 10491 D BackupManagerService: Calling doFullBackup() on com.android.providers.telephony
02-05 20:17:08.035   939  1117 I UsageStatsService: User[0] Flushing usage stats to disk
02-05 20:17:25.843   939  1117 I ActivityManager: Killing 9485:com.google.android.apps.plus/u0a150 (adj 906): empty #17
02-05 20:18:21.415   939   939 I ActivityManager: Start proc 10514:com.amazon.mShop.android.shopping/u0a357 for service com.amazon.mShop.android.shopping/com.amazon.client.metrics.nexus.UploadJobService
02-05 20:18:21.871   939  2222 I ActivityManager: Start proc 10540:com.android.chrome:sandboxed_process0/u0i878 for webview_service com.amazon.mShop.android.shopping/org.chromium.content.app.SandboxedProcessService0
02-05 20:18:22.643   939  2222 I ActivityManager: Killing 9765:com.yahoo.mobile.client.android.sportacular/u0a235 (adj 906): empty #17
02-05 20:18:22.643   939  2222 I ActivityManager: Killing 9547:jonathan.veg.poloniextracker/u0a309 (adj 906): empty #18
02-05 20:18:23.932   939 10247 I PFTBT   : Transport suggested backoff=0
02-05 20:18:23.933   939 10247 I PFTBT   : Unbinding agent in com.android.providers.telephony
02-05 20:18:23.936   939 10247 W ActivityManager: Unbinding backup agent with no active backup
02-05 20:18:23.936   939 10247 I PFTBT   : Full backup completed with status: 0
02-05 20:18:23.939   939 10247 I BackupManagerService: Full data backup pass finished.
02-05 20:18:26.487   939   939 I BackupManagerService: Beginning scheduled full backup operation
02-05 20:18:26.490   939   939 D PFTBT   : backupmanager pftbt token=6ae2b414
02-05 20:18:26.508   939 10646 I PFTBT   : Initiating full-data transport backup of com.google.android.onetimeinitializer token: 1793242132
02-05 20:18:26.520   939 10646 I PFTBT   : Transport rejected backup of com.google.android.onetimeinitializer, skipping
02-05 20:18:26.521   939 10646 I PFTBT   : Unbinding agent in com.google.android.onetimeinitializer
02-05 20:18:26.522   939 10646 W ActivityManager: Unbinding backup agent with no active backup
02-05 20:18:26.522   939 10646 I PFTBT   : Full backup completed with status: 0
02-05 20:18:26.529   939 10646 I BackupManagerService: Full data backup pass finished.
02-05 20:18:28.239   939 16356 I ActivityManager: Killing 9966:com.google.android.gms.learning/u0a17 (adj 906): empty #17
02-05 20:18:29.044   939   939 I BackupManagerService: Beginning scheduled full backup operation
02-05 20:18:29.047   939   939 D PFTBT   : backupmanager pftbt token=75c20016
02-05 20:18:29.052   939 10648 I PFTBT   : Initiating full-data transport backup of com.android.externalstorage token: 1975648278
02-05 20:18:29.071   939 10648 I PFTBT   : Transport rejected backup of com.android.externalstorage, skipping
02-05 20:18:29.071   939 10648 I PFTBT   : Unbinding agent in com.android.externalstorage
02-05 20:18:29.071   939 10648 W ActivityManager: Unbinding backup agent with no active backup
02-05 20:18:29.071   939 10648 I PFTBT   : Full backup completed with status: 0
02-05 20:18:29.083   939 10648 I BackupManagerService: Full data backup pass finished.
02-05 20:18:31.633   939   939 I BackupManagerService: Beginning scheduled full backup operation
02-05 20:18:31.635   939   939 D PFTBT   : backupmanager pftbt token=26571418
02-05 20:18:31.639   939 10650 I PFTBT   : Initiating full-data transport backup of com.android.htmlviewer token: 643240984
02-05 20:18:31.661   939 10650 I PFTBT   : Transport rejected backup of com.android.htmlviewer, skipping
02-05 20:18:31.661   939 10650 I PFTBT   : Unbinding agent in com.android.htmlviewer
02-05 20:18:31.662   939 10650 W ActivityManager: Unbinding backup agent with no active backup
02-05 20:18:31.662   939 10650 I PFTBT   : Full backup completed with status: 0
02-05 20:18:31.672   939 10650 I BackupManagerService: Full data backup pass finished.
02-05 20:18:34.221   939   939 I BackupManagerService: Beginning scheduled full backup operation
02-05 20:18:34.224   939   939 D PFTBT   : backupmanager pftbt token=833b1a
02-05 20:18:34.227   939 10651 I PFTBT   : Initiating full-data transport backup of com.google.android.theme.pixel token: 8600346
02-05 20:18:34.248   939 10651 I PFTBT   : Transport rejected backup of com.google.android.theme.pixel, skipping
02-05 20:18:34.248   939 10651 I PFTBT   : Unbinding agent in com.google.android.theme.pixel
02-05 20:18:34.249   939 10651 W ActivityManager: Unbinding backup agent with no active backup
02-05 20:18:34.249   939 10651 I PFTBT   : Full backup completed with status: 0
02-05 20:18:34.259   939 10651 I BackupManagerService: Full data backup pass finished.
02-05 20:18:36.813   939   939 I BackupManagerService: Beginning scheduled full backup operation
02-05 20:18:36.817   939   939 D PFTBT   : backupmanager pftbt token=1acd771c
02-05 20:18:36.820   939 10656 I PFTBT   : Initiating full-data transport backup of com.android.providers.downloads.ui token: 449672988
02-05 20:18:36.843   939 10656 I PFTBT   : Transport rejected backup of com.android.providers.downloads.ui, skipping
02-05 20:18:36.844   939 10656 I PFTBT   : Unbinding agent in com.android.providers.downloads.ui
02-05 20:18:36.845   939 10656 W ActivityManager: Unbinding backup agent with no active backup
02-05 20:18:36.845   939 10656 I PFTBT   : Full backup completed with status: 0
02-05 20:18:36.854   939 10656 I BackupManagerService: Full data backup pass finished.
02-05 20:18:39.379   939   939 I BackupManagerService: Beginning scheduled full backup operation
02-05 20:18:39.382   939   939 D PFTBT   : backupmanager pftbt token=3d4e8f1e
02-05 20:18:39.386   939 10657 I PFTBT   : Initiating full-data transport backup of com.android.pacprocessor token: 1028558622
02-05 20:18:39.405   939 10657 I PFTBT   : Transport rejected backup of com.android.pacprocessor, skipping
02-05 20:18:39.405   939 10657 I PFTBT   : Unbinding agent in com.android.pacprocessor
02-05 20:18:39.406   939 10657 W ActivityManager: Unbinding backup agent with no active backup
02-05 20:18:39.406   939 10657 I PFTBT   : Full backup completed with status: 0
02-05 20:18:39.419   939 10657 I BackupManagerService: Full data backup pass finished.
02-05 20:18:41.970   939   939 I BackupManagerService: Beginning scheduled full backup operation
02-05 20:18:41.973   939   939 D PFTBT   : backupmanager pftbt token=8bd2a20
02-05 20:18:41.977   939 10660 I PFTBT   : Initiating full-data transport backup of com.android.hotwordenrollment.xgoogle token: 146614816
02-05 20:18:41.993   939 10660 I PFTBT   : Transport rejected backup of com.android.hotwordenrollment.xgoogle, skipping
02-05 20:18:41.993   939 10660 I PFTBT   : Unbinding agent in com.android.hotwordenrollment.xgoogle
02-05 20:18:41.994   939 10660 W ActivityManager: Unbinding backup agent with no active backup
02-05 20:18:41.994   939 10660 I PFTBT   : Full backup completed with status: 0
02-05 20:18:42.004   939 10660 I BackupManagerService: Full data backup pass finished.
02-05 20:18:44.558   939   939 I BackupManagerService: Beginning scheduled full backup operation
02-05 20:18:44.561   939   939 D PFTBT   : backupmanager pftbt token=588cc122
02-05 20:18:44.565   939 10661 I PFTBT   : Initiating full-data transport backup of com.android.egg token: 1485619490
02-05 20:18:44.589   939 10661 I PFTBT   : Transport rejected backup of com.android.egg, skipping
02-05 20:18:44.590   939 10661 I PFTBT   : Unbinding agent in com.android.egg
02-05 20:18:44.590   939 10661 W ActivityManager: Unbinding backup agent with no active backup
02-05 20:18:44.590   939 10661 I PFTBT   : Full backup completed with status: 0
02-05 20:18:44.605   939 10661 I BackupManagerService: Full data backup pass finished.
02-05 20:18:47.158   939   939 I BackupManagerService: Beginning scheduled full backup operation
02-05 20:18:47.162   939   939 D PFTBT   : backupmanager pftbt token=f7fb824
02-05 20:18:47.166   939 10662 I PFTBT   : Initiating full-data transport backup of com.android.mtp token: 260028452
02-05 20:18:47.193   939 10662 I PFTBT   : Transport rejected backup of com.android.mtp, skipping
02-05 20:18:47.193   939 10662 I PFTBT   : Unbinding agent in com.android.mtp
02-05 20:18:47.194   939 10662 W ActivityManager: Unbinding backup agent with no active backup
02-05 20:18:47.194   939 10662 I PFTBT   : Full backup completed with status: 0
02-05 20:18:47.206   939 10662 I BackupManagerService: Full data backup pass finished.
02-05 20:18:49.756   939   939 I BackupManagerService: Beginning scheduled full backup operation
02-05 20:18:49.759   939   939 D PFTBT   : backupmanager pftbt token=c606e26
02-05 20:18:49.764   939 10664 I PFTBT   : Initiating full-data transport backup of com.android.systemui.theme.dark token: 207646246
02-05 20:18:49.792   939 10664 I PFTBT   : Transport rejected backup of com.android.systemui.theme.dark, skipping
02-05 20:18:49.793   939 10664 I PFTBT   : Unbinding agent in com.android.systemui.theme.dark
02-05 20:18:49.793   939 10664 W ActivityManager: Unbinding backup agent with no active backup
02-05 20:18:49.793   939 10664 I PFTBT   : Full backup completed with status: 0
02-05 20:18:49.808   939 10664 I BackupManagerService: Full data backup pass finished.
02-05 20:18:52.361   939   939 I BackupManagerService: Beginning scheduled full backup operation
02-05 20:18:52.364   939   939 D PFTBT   : backupmanager pftbt token=1a556328
02-05 20:18:52.370   939 10666 I PFTBT   : Initiating full-data transport backup of com.android.hotwordenrollment.okgoogle token: 441803560
02-05 20:18:52.395   939 10666 I PFTBT   : Transport rejected backup of com.android.hotwordenrollment.okgoogle, skipping
02-05 20:18:52.396   939 10666 I PFTBT   : Unbinding agent in com.android.hotwordenrollment.okgoogle
02-05 20:18:52.396   939 10666 W ActivityManager: Unbinding backup agent with no active backup
02-05 20:18:52.397   939 10666 I PFTBT   : Full backup completed with status: 0
02-05 20:18:52.412   939 10666 I BackupManagerService: Full data backup pass finished.
02-05 20:18:54.967   939   939 I BackupManagerService: Beginning scheduled full backup operation
02-05 20:18:54.970   939   939 D PFTBT   : backupmanager pftbt token=29babb2a
02-05 20:18:54.974   939 10672 I PFTBT   : Initiating full-data transport backup of com.android.dreams.basic token: 700103466
02-05 20:18:54.998   939 10672 I PFTBT   : Transport rejected backup of com.android.dreams.basic, skipping
02-05 20:18:54.998   939 10672 I PFTBT   : Unbinding agent in com.android.dreams.basic
02-05 20:18:55.000   939 10672 W ActivityManager: Unbinding backup agent with no active backup
02-05 20:18:55.000   939 10672 I PFTBT   : Full backup completed with status: 0
02-05 20:18:55.007   939 10672 I BackupManagerService: Full data backup pass finished.
02-05 20:18:57.550   939   939 I BackupManagerService: Beginning scheduled full backup operation
02-05 20:18:57.553   939   939 D PFTBT   : backupmanager pftbt token=1a18aa2c
02-05 20:18:57.558   939 10674 I PFTBT   : Initiating full-data transport backup of com.android.hotwordenrollment.tgoogle token: 437824044
02-05 20:18:57.588   939 10674 I PFTBT   : Transport rejected backup of com.android.hotwordenrollment.tgoogle, skipping
02-05 20:18:57.588   939 10674 I PFTBT   : Unbinding agent in com.android.hotwordenrollment.tgoogle
02-05 20:18:57.589   939 10674 W ActivityManager: Unbinding backup agent with no active backup
02-05 20:18:57.589   939 10674 I PFTBT   : Full backup completed with status: 0
02-05 20:18:57.597   939 10674 I BackupManagerService: Full data backup pass finished.
02-05 20:19:00.145   939   939 I BackupManagerService: Beginning scheduled full backup operation
02-05 20:19:00.147   939   939 D PFTBT   : backupmanager pftbt token=4e397b2e
02-05 20:19:00.151   939 10675 I PFTBT   : Initiating full-data transport backup of com.android.bips token: 1312389934
02-05 20:19:00.173   939 10675 I PFTBT   : Transport rejected backup of com.android.bips, skipping
02-05 20:19:00.173   939 10675 I PFTBT   : Unbinding agent in com.android.bips
02-05 20:19:00.173   939 10675 W ActivityManager: Unbinding backup agent with no active backup
02-05 20:19:00.173   939 10675 I PFTBT   : Full backup completed with status: 0
02-05 20:19:00.180   939 10675 I BackupManagerService: Full data backup pass finished.
02-05 20:19:02.731   939   939 I BackupManagerService: Beginning scheduled full backup operation
02-05 20:19:02.734   939   939 D PFTBT   : backupmanager pftbt token=33e49d30
02-05 20:19:02.739   939 10677 I PFTBT   : Initiating full-data transport backup of com.google.android.tag token: 870620464
02-05 20:19:02.759   939 10677 I PFTBT   : Transport rejected backup of com.google.android.tag, skipping
02-05 20:19:02.760   939 10677 I PFTBT   : Unbinding agent in com.google.android.tag
02-05 20:19:02.760   939 10677 W ActivityManager: Unbinding backup agent with no active backup
02-05 20:19:02.760   939 10677 I PFTBT   : Full backup completed with status: 0
02-05 20:19:02.772   939 10677 I BackupManagerService: Full data backup pass finished.
02-05 20:19:05.296   939   939 I BackupManagerService: Beginning scheduled full backup operation
02-05 20:19:05.298   939   939 D PFTBT   : backupmanager pftbt token=674cff32
02-05 20:19:05.302   939 10678 I PFTBT   : Initiating full-data transport backup of com.google.android.apps.wallpaper.nexus token: 1733099314
02-05 20:19:05.327   939 10678 I PFTBT   : Transport rejected backup of com.google.android.apps.wallpaper.nexus, skipping
02-05 20:19:05.328   939 10678 I PFTBT   : Unbinding agent in com.google.android.apps.wallpaper.nexus
02-05 20:19:05.333   939 10678 W ActivityManager: Unbinding backup agent with no active backup
02-05 20:19:05.334   939 10678 I PFTBT   : Full backup completed with status: 0
02-05 20:19:05.342   939 10678 I BackupManagerService: Full data backup pass finished.
02-05 20:19:07.893   939   939 I BackupManagerService: Beginning scheduled full backup operation
02-05 20:19:07.895   939   939 D PFTBT   : backupmanager pftbt token=70fc2b34
02-05 20:19:07.898   939 10680 I PFTBT   : Initiating full-data transport backup of com.google.android.apps.nexuslauncher token: 1895574324
02-05 20:19:08.064   939 10681 D BackupManagerService: awaiting agent for ApplicationInfo{24efe57 com.google.android.apps.nexuslauncher}
02-05 20:19:08.097   939 16354 D BackupManagerService: agentConnected pkg=com.google.android.apps.nexuslauncher agent=android.os.BinderProxy@f45e44b
02-05 20:19:08.097   939 10681 I BackupManagerService: got agent android.app.IBackupAgent$Stub$Proxy@9533e28
02-05 20:19:08.130   939 10681 I BackupRestoreController: Getting widget state for user: 0
02-05 20:19:08.138   939 10683 D BackupManagerService: Calling doFullBackup() on com.google.android.apps.nexuslauncher
02-05 20:19:10.064   939  5279 D NotificationListeners: Removing active service ComponentInfo{com.google.android.apps.nexuslauncher/com.android.launcher3.notification.NotificationListener}
02-05 20:19:10.064   939   939 V NotificationListeners: notification listener connection lost: ComponentInfo{com.google.android.apps.nexuslauncher/com.android.launcher3.notification.NotificationListener}
02-05 20:19:10.065   939  5442 I WindowManager: WIN DEATH: Window{e4ca9d6 u0 com.google.android.apps.nexuslauncher/com.google.android.apps.nexuslauncher.NexusLauncherActivity}
02-05 20:19:10.065   939  1810 I ActivityManager: Process com.google.android.apps.nexuslauncher (pid 29796) has died: vis  BFGS
02-05 20:19:10.066   939  1810 W ActivityManager: Scheduling restart of crashed service com.google.android.apps.nexuslauncher/com.android.launcher3.notification.NotificationListener in 1000ms
02-05 20:19:10.128   939  1150 W ActivityManager: setHasOverlayUi called on unknown pid: 29796
02-05 20:19:11.108   939  1119 I ActivityManager: Start proc 10685:com.google.android.apps.nexuslauncher/u0a48 for service com.google.android.apps.nexuslauncher/com.android.launcher3.notification.NotificationListener
02-05 20:19:11.282   939 10680 I PFTBT   : Transport suggested backoff=0
02-05 20:19:11.282   939 10680 I PFTBT   : Unbinding agent in com.google.android.apps.nexuslauncher
02-05 20:19:11.283   939 10680 W ActivityManager: Unbinding backup agent with no active backup
02-05 20:19:11.283   939 10680 I PFTBT   : Full backup completed with status: 0
02-05 20:19:11.287   939 10680 I BackupManagerService: Full data backup pass finished.
02-05 20:19:13.837   939   939 I BackupManagerService: Beginning scheduled full backup operation
02-05 20:19:13.840   939   939 D PFTBT   : backupmanager pftbt token=7c64f437
02-05 20:19:13.843   939 10707 I PFTBT   : Initiating full-data transport backup of com.android.carrierdefaultapp token: 2086990903
02-05 20:19:13.863   939 10707 I PFTBT   : Transport rejected backup of com.android.carrierdefaultapp, skipping
02-05 20:19:13.863   939 10707 I PFTBT   : Unbinding agent in com.android.carrierdefaultapp
02-05 20:19:13.865   939 10707 W ActivityManager: Unbinding backup agent with no active backup
02-05 20:19:13.865   939 10707 I PFTBT   : Full backup completed with status: 0
02-05 20:19:13.882   939 10707 I BackupManagerService: Full data backup pass finished.
02-05 20:19:16.412   939   939 I BackupManagerService: Beginning scheduled full backup operation
02-05 20:19:16.415   939   939 D PFTBT   : backupmanager pftbt token=7bffd039
02-05 20:19:16.419   939 10708 I PFTBT   : Initiating full-data transport backup of com.android.proxyhandler token: 2080362553
02-05 20:19:16.438   939 10708 I PFTBT   : Transport rejected backup of com.android.proxyhandler, skipping
02-05 20:19:16.438   939 10708 I PFTBT   : Unbinding agent in com.android.proxyhandler
02-05 20:19:16.439   939 10708 W ActivityManager: Unbinding backup agent with no active backup
02-05 20:19:16.439   939 10708 I PFTBT   : Full backup completed with status: 0
02-05 20:19:16.451   939 10708 I BackupManagerService: Full data backup pass finished.
02-05 20:19:18.967   939   939 I BackupManagerService: Beginning scheduled full backup operation
02-05 20:19:18.969   939   939 D PFTBT   : backupmanager pftbt token=32262a3b
02-05 20:19:18.973   939 10709 I PFTBT   : Initiating full-data transport backup of com.google.android.feedback token: 841361979
02-05 20:19:18.992   939 10709 I PFTBT   : Transport rejected backup of com.google.android.feedback, skipping
02-05 20:19:18.993   939 10709 I PFTBT   : Unbinding agent in com.google.android.feedback
02-05 20:19:18.993   939 10709 W ActivityManager: Unbinding backup agent with no active backup
02-05 20:19:18.993   939 10709 I PFTBT   : Full backup completed with status: 0
02-05 20:19:19.003   939 10709 I BackupManagerService: Full data backup pass finished.
02-05 20:19:21.553   939   939 I BackupManagerService: Beginning scheduled full backup operation
02-05 20:19:21.556   939   939 D PFTBT   : backupmanager pftbt token=6edaf03d
02-05 20:19:21.561   939 10711 I PFTBT   : Initiating full-data transport backup of com.android.managedprovisioning token: 1859842109
02-05 20:19:21.587   939 10711 I PFTBT   : Transport rejected backup of com.android.managedprovisioning, skipping
02-05 20:19:21.588   939 10711 I PFTBT   : Unbinding agent in com.android.managedprovisioning
02-05 20:19:21.588   939 10711 W ActivityManager: Unbinding backup agent with no active backup
02-05 20:19:21.588   939 10711 I PFTBT   : Full backup completed with status: 0
02-05 20:19:21.588   939 10711 I BackupManagerService: Full data backup pass finished.
02-05 20:19:24.139   939   939 I BackupManagerService: Beginning scheduled full backup operation
02-05 20:19:24.141   939   939 D PFTBT   : backupmanager pftbt token=62101f3f
02-05 20:19:24.144   939 10712 I PFTBT   : Initiating full-data transport backup of com.android.providers.partnerbookmarks token: 1645223743
02-05 20:19:24.168   939 10712 I PFTBT   : Transport rejected backup of com.android.providers.partnerbookmarks, skipping
02-05 20:19:24.172   939 10712 I PFTBT   : Unbinding agent in com.android.providers.partnerbookmarks
02-05 20:19:24.173   939 10712 W ActivityManager: Unbinding backup agent with no active backup
02-05 20:19:24.173   939 10712 I PFTBT   : Full backup completed with status: 0
02-05 20:19:24.181   939 10712 I BackupManagerService: Full data backup pass finished.
02-05 20:19:26.732   939   939 I BackupManagerService: Beginning scheduled full backup operation
02-05 20:19:26.734   939   939 D PFTBT   : backupmanager pftbt token=2af37841
02-05 20:19:26.738   939 10713 I PFTBT   : Initiating full-data transport backup of com.android.wallpaper.livepicker token: 720599105
02-05 20:19:26.762   939 10713 I PFTBT   : Transport rejected backup of com.android.wallpaper.livepicker, skipping
02-05 20:19:26.763   939 10713 I PFTBT   : Unbinding agent in com.android.wallpaper.livepicker
02-05 20:19:26.763   939 10713 W ActivityManager: Unbinding backup agent with no active backup
02-05 20:19:26.763   939 10713 I PFTBT   : Full backup completed with status: 0
02-05 20:19:26.764   939 10713 I BackupManagerService: Full data backup pass finished.
02-05 20:19:29.316   939   939 I BackupManagerService: Beginning scheduled full backup operation
02-05 20:19:29.319   939   939 D PFTBT   : backupmanager pftbt token=3e79fa43
02-05 20:19:29.324   939 10714 I PFTBT   : Initiating full-data transport backup of com.android.bookmarkprovider token: 1048181315
02-05 20:19:29.349   939 10714 I PFTBT   : Transport rejected backup of com.android.bookmarkprovider, skipping
02-05 20:19:29.349   939 10714 I PFTBT   : Unbinding agent in com.android.bookmarkprovider
02-05 20:19:29.350   939 10714 W ActivityManager: Unbinding backup agent with no active backup
02-05 20:19:29.350   939 10714 I PFTBT   : Full backup completed with status: 0
02-05 20:19:29.364   939 10714 I BackupManagerService: Full data backup pass finished.
02-05 20:19:31.916   939   939 I BackupManagerService: Beginning scheduled full backup operation
02-05 20:19:31.918   939   939 D PFTBT   : backupmanager pftbt token=17d96145
02-05 20:19:31.922   939 10716 I PFTBT   : Initiating full-data transport backup of com.google.android.wfcactivation token: 400122181
02-05 20:19:31.941   939 10716 I PFTBT   : Transport rejected backup of com.google.android.wfcactivation, skipping
02-05 20:19:31.941   939 10716 I PFTBT   : Unbinding agent in com.google.android.wfcactivation
02-05 20:19:31.942   939 10716 W ActivityManager: Unbinding backup agent with no active backup
02-05 20:19:31.942   939 10716 I PFTBT   : Full backup completed with status: 0
02-05 20:19:31.948   939 10716 I BackupManagerService: Full data backup pass finished.
02-05 20:19:34.494   939   939 I BackupManagerService: Beginning scheduled full backup operation
02-05 20:19:34.496   939   939 D PFTBT   : backupmanager pftbt token=117a2847
02-05 20:19:34.498   939 10720 I PFTBT   : Initiating full-data transport backup of com.google.android.tetheringentitlement token: 293218375
02-05 20:19:34.518   939 10720 I PFTBT   : Transport rejected backup of com.google.android.tetheringentitlement, skipping
02-05 20:19:34.520   939 10720 I PFTBT   : Unbinding agent in com.google.android.tetheringentitlement
02-05 20:19:34.521   939 10720 W ActivityManager: Unbinding backup agent with no active backup
02-05 20:19:34.521   939 10720 I PFTBT   : Full backup completed with status: 0
02-05 20:19:34.527   939 10720 I BackupManagerService: Full data backup pass finished.
02-05 20:19:37.071   939   939 I BackupManagerService: Beginning scheduled full backup operation
02-05 20:19:37.074   939   939 D PFTBT   : backupmanager pftbt token=37db749
02-05 20:19:37.077   939 10721 I PFTBT   : Initiating full-data transport backup of com.android.cts.ctsshim token: 58570569
02-05 20:19:37.096   939 10721 I PFTBT   : Transport rejected backup of com.android.cts.ctsshim, skipping
02-05 20:19:37.097   939 10721 I PFTBT   : Unbinding agent in com.android.cts.ctsshim
02-05 20:19:37.097   939 10721 W ActivityManager: Unbinding backup agent with no active backup
02-05 20:19:37.097   939 10721 I PFTBT   : Full backup completed with status: 0
02-05 20:19:37.111   939 10721 I BackupManagerService: Full data backup pass finished.
02-05 20:19:39.662   939   939 I BackupManagerService: Beginning scheduled full backup operation
02-05 20:19:39.666   939   939 D PFTBT   : backupmanager pftbt token=34db944b
02-05 20:19:39.671   939 10722 I PFTBT   : Initiating full-data transport backup of com.android.wallpaperbackup token: 886805579
02-05 20:19:39.876   939 10723 D BackupManagerService: awaiting agent for ApplicationInfo{a09b2da com.android.wallpaperbackup}
02-05 20:19:39.903   939   939 D BackupManagerService: agentConnected pkg=com.android.wallpaperbackup agent=android.app.backup.BackupAgent$BackupServiceBinder@6529560
02-05 20:19:39.904   939 10723 I BackupManagerService: got agent android.app.backup.BackupAgent$BackupServiceBinder@6529560
02-05 20:19:39.911   939 10723 I BackupRestoreController: Getting widget state for user: 0
02-05 20:19:39.912   939 10725 D BackupManagerService: Calling doFullBackup() on com.android.wallpaperbackup
02-05 20:19:42.263   939 10722 E PFTBT   : Error -1002 backing up com.android.wallpaperbackup
02-05 20:19:42.264   939 10722 I PFTBT   : Transport suggested backoff=855379
02-05 20:19:42.264   939 10722 I PFTBT   : Transport rejected backup of com.android.wallpaperbackup, skipping
02-05 20:19:42.265   939 10722 W ActivityManager: Unbinding backup agent with no active backup
02-05 20:19:42.265   939 10722 I PFTBT   : Unbinding agent in com.android.wallpaperbackup
02-05 20:19:42.265   939 10722 W ActivityManager: Unbinding backup agent with no active backup
02-05 20:19:42.265   939 10722 I PFTBT   : Full backup completed with status: 0
02-05 20:19:42.273   939 10722 I BackupManagerService: Full data backup pass finished.
02-05 20:20:19.935   939  1696 I ActivityManager: Start proc 10733:com.amazon.venezia/u0a366 for service com.amazon.venezia/com.amazon.mas.client.pdiservice.PdiService
02-05 20:20:20.345 10733 10764 E ActivityThread: Failed to find provider info for com.amazon.dcp.settings
02-05 20:20:20.359   939  2222 I ActivityManager: Killing 9503:android.process.media/u0a15 (adj 906): empty #17
02-05 20:21:48.760   939   939 I ActivityManager: Start proc 10820:com.google.android.dialer/u0a56 for service com.google.android.dialer/com.google.android.apps.dialer.spam.SpamJobService
02-05 20:22:14.175   939  5279 I ActivityManager: Killing 9562:com.whatsapp/u0a218 (adj 906): empty #17
02-05 20:25:29.345   939  5442 I ActivityManager: Start proc 10926:com.google.android.videos/u0a88 for service com.google.android.videos/.service.drm.RefreshLicenseTaskService
02-05 20:25:29.614   939  5226 W ActivityManager: Background start not allowed: service Intent { cmp=com.google.android.videos/.service.pinning.TransferService (has extras) } to com.google.android.videos/.service.pinning.TransferService from pid=10926 uid=10088 pkg=com.google.android.videos
02-05 20:25:49.710   939  5442 I ActivityManager: Killing 10086:com.google.android.partnersetup/u0a53 (adj 906): empty #17
02-05 20:27:28.957   939  2509 I ActivityManager: Start proc 11039:wsj.reader_sp/u0a360 for service wsj.reader_sp/wsj.data.services.ContentUpdateService
02-05 20:27:28.974   939  5279 I ActivityManager: Start proc 11051:com.google.android.gms.learning/u0a17 for service com.google.android.gms/.learning.training.background.TrainingGcmTaskService
02-05 20:27:32.819   939  1725 D NetworkStats: Resolving plan for NetworkTemplate: matchRule=MOBILE_ALL, subscriberId=310410..., matchSubscriberIds=[310410...]
02-05 20:27:32.820   939  1725 D NetworkStats: Found active matching subId 1
02-05 20:27:32.827   939  1725 D NetworkStats: Resolved to plan null
02-05 20:28:00.009   939   939 I ActivityManager: Killing 10252:com.nytimes.android/u0a284 (adj 906): empty #17
02-05 20:28:00.011   939   939 I ActivityManager: Killing 9668:android.process.acore/u0a21 (adj 906): empty #18
02-05 20:31:00.118   939  1117 I ProcessStatsService: Pruning old procstats: /data/system/procstats/state-2018-02-04-14-20-43.bin
02-05 20:31:34.240   939  2731 I ActivityManager: Start proc 11244:com.google.android.apps.walletnfcrel/u0a256 for service com.google.android.apps.walletnfcrel/com.google.commerce.tapandpay.android.acceptedhere.places.RetryPlacefencingService
02-05 20:32:00.014   939   939 I ActivityManager: Killing 10434:com.android.providers.calendar/u0a62 (adj 906): empty #17
02-05 20:34:00.185   939   939 I BackupManagerService: Beginning scheduled full backup operation
02-05 20:34:00.188   939   939 D PFTBT   : backupmanager pftbt token=35f43a4e
02-05 20:34:00.193   939 11320 I PFTBT   : Initiating full-data transport backup of com.android.emergency token: 905198158
02-05 20:34:00.214   939 11320 I PFTBT   : Transport rejected backup of com.android.emergency, skipping
02-05 20:34:00.214   939 11320 I PFTBT   : Unbinding agent in com.android.emergency
02-05 20:34:00.216   939 11320 W ActivityManager: Unbinding backup agent with no active backup
02-05 20:34:00.217   939 11320 I PFTBT   : Full backup completed with status: 0
02-05 20:34:00.234   939 11320 I BackupManagerService: Full data backup pass finished.
02-05 20:34:02.783   939   939 I BackupManagerService: Beginning scheduled full backup operation
02-05 20:34:02.785   939   939 D PFTBT   : backupmanager pftbt token=1304450
02-05 20:34:02.789   939 11323 I PFTBT   : Initiating full-data transport backup of com.android.bluetoothmidiservice token: 19940432
02-05 20:34:02.811   939 11323 I PFTBT   : Transport rejected backup of com.android.bluetoothmidiservice, skipping
02-05 20:34:02.811   939 11323 I PFTBT   : Unbinding agent in com.android.bluetoothmidiservice
02-05 20:34:02.811   939 11323 W ActivityManager: Unbinding backup agent with no active backup
02-05 20:34:02.811   939 11323 I PFTBT   : Full backup completed with status: 0
02-05 20:34:02.821   939 11323 I BackupManagerService: Full data backup pass finished.
02-05 20:34:05.372   939   939 I BackupManagerService: Beginning scheduled full backup operation
02-05 20:34:05.374   939   939 D PFTBT   : backupmanager pftbt token=46467c52
02-05 20:34:05.377   939 11324 I PFTBT   : Initiating full-data transport backup of com.qualcomm.timeservice token: 1179024466
02-05 20:34:05.514   939 11325 I ActivityManager: Start proc 11327:com.qualcomm.timeservice/u0a118 for backup android/FullBackupAgent
02-05 20:34:05.515   939 11325 D BackupManagerService: awaiting agent for ApplicationInfo{a5ec06 com.qualcomm.timeservice}
02-05 20:34:05.584   939  2509 D BackupManagerService: agentConnected pkg=com.qualcomm.timeservice agent=android.os.BinderProxy@bcb2851
02-05 20:34:05.584   939 11325 I BackupManagerService: got agent android.app.IBackupAgent$Stub$Proxy@b6f08b6
02-05 20:34:06.506   939 11324 E PFTBT   : Error -1002 backing up com.qualcomm.timeservice
02-05 20:34:06.509   939 11324 I PFTBT   : Transport suggested backoff=0
02-05 20:34:06.509   939 11324 I PFTBT   : Transport rejected backup of com.qualcomm.timeservice, skipping
02-05 20:34:06.516   939 11324 I PFTBT   : Unbinding agent in com.qualcomm.timeservice
02-05 20:34:06.530   939 11324 W ActivityManager: Unbinding backup agent with no active backup
02-05 20:34:06.530   939 11324 I PFTBT   : Full backup completed with status: 0
02-05 20:34:06.532   939   939 I ActivityManager: Killing 10820:com.google.android.dialer/u0a56 (adj 906): empty #17
02-05 20:34:06.550   939 11324 I BackupManagerService: Full data backup pass finished.
02-05 20:34:06.576   939  2222 I ActivityManager: Process com.qualcomm.timeservice (pid 11327) has died: cch  CEM 
02-05 20:34:09.063   939   939 I BackupManagerService: Beginning scheduled full backup operation
02-05 20:34:09.065   939   939 D PFTBT   : backupmanager pftbt token=2bc1bb55
02-05 20:34:09.069   939 11345 I PFTBT   : Initiating full-data transport backup of com.qualcomm.embms token: 734116693
02-05 20:34:09.151   939 11346 I ActivityManager: Start proc 11348:com.qualcomm.embms/u0a65 for backup android/FullBackupAgent
02-05 20:34:09.151   939 11346 D BackupManagerService: awaiting agent for ApplicationInfo{ae211ea com.qualcomm.embms}
02-05 20:34:09.233   939  2222 D BackupManagerService: agentConnected pkg=com.qualcomm.embms agent=android.os.BinderProxy@341ac45
02-05 20:34:09.233   939 11346 I BackupManagerService: got agent android.app.IBackupAgent$Stub$Proxy@7d18f9a
02-05 20:34:09.253   939 11345 E PFTBT   : Error -1002 backing up com.qualcomm.embms
02-05 20:34:09.254   939 11345 I PFTBT   : Transport suggested backoff=0
02-05 20:34:09.254   939 11345 I PFTBT   : Transport rejected backup of com.qualcomm.embms, skipping
02-05 20:34:09.254   939 11345 I PFTBT   : Unbinding agent in com.qualcomm.embms
02-05 20:34:09.254   939 11345 W ActivityManager: Unbinding backup agent with no active backup
02-05 20:34:09.254   939 11345 I PFTBT   : Full backup completed with status: 0
02-05 20:34:09.258   939 11345 I BackupManagerService: Full data backup pass finished.
02-05 20:34:09.263   939  2731 I ActivityManager: Process com.qualcomm.embms (pid 11348) has died: cch  CEM 
02-05 20:34:11.810   939   939 I BackupManagerService: Beginning scheduled full backup operation
02-05 20:34:11.813   939   939 D PFTBT   : backupmanager pftbt token=7b10ac58
02-05 20:34:11.816   939 11366 I PFTBT   : Initiating full-data transport backup of com.android.captiveportallogin token: 2064690264
02-05 20:34:11.840   939 11366 I PFTBT   : Transport rejected backup of com.android.captiveportallogin, skipping
02-05 20:34:11.841   939 11366 I PFTBT   : Unbinding agent in com.android.captiveportallogin
02-05 20:34:11.841   939 11366 W ActivityManager: Unbinding backup agent with no active backup
02-05 20:34:11.842   939 11366 I PFTBT   : Full backup completed with status: 0
02-05 20:34:11.854   939 11366 I BackupManagerService: Full data backup pass finished.
02-05 20:34:14.404   939   939 I BackupManagerService: Beginning scheduled full backup operation
02-05 20:34:14.406   939   939 D PFTBT   : backupmanager pftbt token=7ad3085a
02-05 20:34:14.409   939 11367 I PFTBT   : Initiating full-data transport backup of com.google.tango token: 2060650586
02-05 20:34:14.428   939 11367 I PFTBT   : Transport rejected backup of com.google.tango, skipping
02-05 20:34:14.429   939 11367 I PFTBT   : Unbinding agent in com.google.tango
02-05 20:34:14.429   939 11367 W ActivityManager: Unbinding backup agent with no active backup
02-05 20:34:14.429   939 11367 I PFTBT   : Full backup completed with status: 0
02-05 20:34:14.440   939 11367 I BackupManagerService: Full data backup pass finished.
02-05 20:34:16.986   939   939 I BackupManagerService: Beginning scheduled full backup operation
02-05 20:34:16.988   939   939 D PFTBT   : backupmanager pftbt token=4a49625c
02-05 20:34:16.991   939 11368 I PFTBT   : Initiating full-data transport backup of com.google.android.imaging.easel.service token: 1246323292
02-05 20:34:17.006   939 11368 I PFTBT   : Transport rejected backup of com.google.android.imaging.easel.service, skipping
02-05 20:34:17.007   939 11368 I PFTBT   : Unbinding agent in com.google.android.imaging.easel.service
02-05 20:34:17.007   939 11368 W ActivityManager: Unbinding backup agent with no active backup
02-05 20:34:17.007   939 11368 I PFTBT   : Full backup completed with status: 0
02-05 20:34:17.017   939 11368 I BackupManagerService: Full data backup pass finished.
02-05 20:34:19.567   939   939 I BackupManagerService: Beginning scheduled full backup operation
02-05 20:34:19.569   939   939 D PFTBT   : backupmanager pftbt token=45d1605e
02-05 20:34:19.572   939 11369 I PFTBT   : Initiating full-data transport backup of com.amazon.windowshop token: 1171349598
02-05 20:34:19.684   939 11370 I ActivityManager: Start proc 11372:com.amazon.windowshop/u0a379 for backup android/FullBackupAgent
02-05 20:34:19.685   939 11370 D BackupManagerService: awaiting agent for ApplicationInfo{1265455 com.amazon.windowshop}
02-05 20:34:19.808   939  5442 D BackupManagerService: agentConnected pkg=com.amazon.windowshop agent=android.os.BinderProxy@edf9308
02-05 20:34:19.808   939 11370 I BackupManagerService: got agent android.app.IBackupAgent$Stub$Proxy@42e3aa1
02-05 20:34:19.841   939 11370 I BackupRestoreController: Getting widget state for user: 0
02-05 20:34:19.844   939 11387 D BackupManagerService: Calling doFullBackup() on com.amazon.windowshop
02-05 20:34:19.948   939  5442 I ActivityManager: Process com.amazon.windowshop (pid 11372) has died: bkup TRNB
02-05 20:34:21.237   939 11369 I PFTBT   : Transport suggested backoff=0
02-05 20:34:21.237   939 11369 I PFTBT   : Unbinding agent in com.amazon.windowshop
02-05 20:34:21.240   939 11369 W ActivityManager: Unbinding backup agent with no active backup
02-05 20:34:21.240   939 11369 I PFTBT   : Full backup completed with status: 0
02-05 20:34:21.249   939 11369 I BackupManagerService: Full data backup pass finished.
02-05 20:34:23.799   939   939 I BackupManagerService: Beginning scheduled full backup operation
02-05 20:34:23.801   939   939 D PFTBT   : backupmanager pftbt token=2a7cc961
02-05 20:34:23.805   939 11390 I PFTBT   : Initiating full-data transport backup of gbis.gbandroid token: 712821089
02-05 20:34:23.876   939 11390 I PFTBT   : Transport rejected backup of gbis.gbandroid, skipping
02-05 20:34:23.877   939 11390 I PFTBT   : Unbinding agent in gbis.gbandroid
02-05 20:34:23.878   939 11390 W ActivityManager: Unbinding backup agent with no active backup
02-05 20:34:23.878   939 11390 I PFTBT   : Full backup completed with status: 0
02-05 20:34:23.892   939 11390 I BackupManagerService: Full data backup pass finished.
02-05 20:34:26.440   939   939 I BackupManagerService: Beginning scheduled full backup operation
02-05 20:34:26.442   939   939 D PFTBT   : backupmanager pftbt token=7ed65763
02-05 20:34:26.446   939 11391 I PFTBT   : Initiating full-data transport backup of com.digitalautoguides.teslato token: 2127976291
02-05 20:34:26.585   939 11392 I ActivityManager: Start proc 11394:com.digitalautoguides.teslato/u0a376 for backup android/FullBackupAgent
02-05 20:34:26.585   939 11392 D BackupManagerService: awaiting agent for ApplicationInfo{ba8eb22 com.digitalautoguides.teslato}
02-05 20:34:26.657   939  5442 D BackupManagerService: agentConnected pkg=com.digitalautoguides.teslato agent=android.os.BinderProxy@a1fa605
02-05 20:34:26.657   939 11392 I BackupManagerService: got agent android.app.IBackupAgent$Stub$Proxy@ed665a
02-05 20:34:26.678   939 11392 I BackupRestoreController: Getting widget state for user: 0
02-05 20:34:26.682   939 11410 D BackupManagerService: Calling doFullBackup() on com.digitalautoguides.teslato
02-05 20:34:27.238   939  1725 D NetworkStats: Resolving plan for NetworkTemplate: matchRule=MOBILE_ALL, subscriberId=310410..., matchSubscriberIds=[310410...]
02-05 20:34:27.239   939  1725 D NetworkStats: Found active matching subId 1
02-05 20:34:27.244   939  1725 D NetworkStats: Resolved to plan null
02-05 20:34:29.181   939  1725 D NetworkStats: Resolving plan for NetworkTemplate: matchRule=MOBILE_ALL, subscriberId=310410..., matchSubscriberIds=[310410...]
02-05 20:34:29.182   939  1725 D NetworkStats: Found active matching subId 1
02-05 20:34:29.190   939  1725 D NetworkStats: Resolved to plan null
02-05 20:34:29.892   939  2222 I ActivityManager: Process com.digitalautoguides.teslato (pid 11394) has died: bkup TRNB
02-05 20:34:31.961   939 11391 I PFTBT   : Transport suggested backoff=0
02-05 20:34:31.961   939 11391 I PFTBT   : Unbinding agent in com.digitalautoguides.teslato
02-05 20:34:31.961   939 11391 W ActivityManager: Unbinding backup agent with no active backup
02-05 20:34:31.961   939 11391 I PFTBT   : Full backup completed with status: 0
02-05 20:34:31.968   939 11391 I BackupManagerService: Full data backup pass finished.
02-05 20:34:34.518   939   939 I BackupManagerService: Beginning scheduled full backup operation
